envoy-control-plane-1  | INFO:     172.18.0.10:54302 - "POST /v3/discovery%3Alisteners HTTP/1.1" 200 OK
envoy-control-plane-1  | INFO:     172.18.0.10:54302 - "POST /v3/discovery%3Aroutes HTTP/1.1" 200 OK
auth-service-1         | INFO:     151.101.0.223:55396 - "GET /sessions HTTP/1.1" 200 OK
management-api-1       | INFO:     151.101.0.223:34067 - "GET /drift HTTP/1.1" 200 OK
management-api-1       | INFO:     151.101.0.223:47766 - "GET /routes HTTP/1.1" 200 OK
auth-service-1         | INFO:     151.101.0.223:55396 - "GET /health HTTP/1.1" 200 OK
management-api-1       | INFO:     151.101.0.223:34067 - "GET /health HTTP/1.1" 200 OK
management-api-1       | INFO:     172.18.0.9:50632 - "GET /routes?gateway_type=kong&status=active HTTP/1.1" 200 OK
envoy-control-plane-1  | INFO:     172.18.0.7:59528 - "GET /snapshot/routes HTTP/1.1" 200 OK
management-api-1       | INFO:     172.18.0.3:45232 - "GET /routes?gateway_type=envoy&status=active HTTP/1.1" 200 OK
kong-admin-proxy-1     | INFO:     172.18.0.7:41550 - "GET /sync-status/routes HTTP/1.1" 200 OK
envoy-control-plane-1  | INFO:     172.18.0.10:51060 - "POST /v3/discovery%3Aroutes HTTP/1.1" 200 OK
auth-service-1         | INFO:     151.101.0.223:55396 - "GET /sessions HTTP/1.1" 200 OK
management-api-1       | INFO:     151.101.0.223:47766 - "GET /drift HTTP/1.1" 200 OK
management-api-1       | INFO:     151.101.0.223:34067 - "GET /routes HTTP/1.1" 200 OK
auth-service-1         | INFO:     151.101.0.223:55396 - "GET /health HTTP/1.1" 200 OK
management-api-1       | INFO:     151.101.0.223:34067 - "GET /health HTTP/1.1" 200 OK
envoy-control-plane-1  | INFO:     172.18.0.10:51060 - "POST /v3/discovery%3Aclusters HTTP/1.1" 200 OK
gateway-envoy-1        | [2026-03-21 21:36:27.566][1][info][upstream] [source/common/upstream/cds_api_helper.cc:32] cds: add 6 cluster(s), remove 1 cluster(s)
gateway-envoy-1        | [2026-03-21 21:36:27.566][1][info][upstream] [source/common/upstream/cds_api_helper.cc:71] cds: added/updated 0 cluster(s), skipped 6 unmodified cluster(s)
management-api-1       | INFO:     172.18.0.3:45240 - "GET /routes?gateway_type=envoy&status=active HTTP/1.1" 200 OK
management-api-1       | INFO:     172.18.0.9:50640 - "GET /routes?gateway_type=kong&status=active HTTP/1.1" 200 OK
envoy-control-plane-1  | INFO:     172.18.0.10:51060 - "POST /v3/discovery%3Alisteners HTTP/1.1" 200 OK
auth-service-1         | INFO:     151.101.0.223:55396 - "GET /sessions HTTP/1.1" 200 OK
management-api-1       | INFO:     151.101.0.223:47766 - "GET /drift HTTP/1.1" 200 OK
management-api-1       | INFO:     151.101.0.223:34067 - "GET /routes HTTP/1.1" 200 OK
auth-service-1         | INFO:     151.101.0.223:55396 - "GET /health HTTP/1.1" 200 OK
management-api-1       | INFO:     151.101.0.223:47766 - "GET /health HTTP/1.1" 200 OK
envoy-control-plane-1  | INFO:     172.18.0.7:44190 - "GET /snapshot/routes HTTP/1.1" 200 OK
management-api-1       | INFO:     172.18.0.3:56798 - "GET /routes?gateway_type=envoy&status=active HTTP/1.1" 200 OK
kong-admin-proxy-1     | INFO:     172.18.0.7:50750 - "GET /sync-status/routes HTTP/1.1" 200 OK
management-api-1       | INFO:     172.18.0.9:47510 - "GET /routes?gateway_type=kong&status=active HTTP/1.1" 200 OK
envoy-control-plane-1  | INFO:     172.18.0.10:57454 - "POST /v3/discovery%3Aroutes HTTP/1.1" 200 OK
envoy-control-plane-1  | INFO:     172.18.0.10:57454 - "POST /v3/discovery%3Alisteners HTTP/1.1" 200 OK
envoy-control-plane-1  | INFO:     172.18.0.10:57454 - "POST /v3/discovery%3Aclusters HTTP/1.1" 200 OK
gateway-envoy-1        | [2026-03-21 21:36:36.827][1][info][upstream] [source/common/upstream/cds_api_helper.cc:32] cds: add 6 cluster(s), remove 1 cluster(s)
gateway-envoy-1        | [2026-03-21 21:36:36.827][1][info][upstream] [source/common/upstream/cds_api_helper.cc:71] cds: added/updated 0 cluster(s), skipped 6 unmodified cluster(s)
auth-service-1         | INFO:     151.101.0.223:55396 - "GET /sessions HTTP/1.1" 200 OK
management-api-1       | INFO:     151.101.0.223:34067 - "GET /drift HTTP/1.1" 200 OK
management-api-1       | INFO:     151.101.0.223:47766 - "GET /routes HTTP/1.1" 200 OK
auth-service-1         | INFO:     151.101.0.223:55396 - "GET /health HTTP/1.1" 200 OK
management-api-1       | INFO:     151.101.0.223:47766 - "GET /health HTTP/1.1" 200 OK
management-api-1       | INFO:     172.18.0.3:56802 - "GET /routes?gateway_type=envoy&status=active HTTP/1.1" 200 OK
management-api-1       | INFO:     172.18.0.9:47516 - "GET /routes?gateway_type=kong&status=active HTTP/1.1" 200 OK
envoy-control-plane-1  | INFO:     172.18.0.10:57454 - "POST /v3/discovery%3Aroutes HTTP/1.1" 200 OK
auth-service-1         | INFO:     151.101.0.223:55396 - "GET /sessions HTTP/1.1" 200 OK
management-api-1       | INFO:     151.101.0.223:34067 - "GET /drift HTTP/1.1" 200 OK
management-api-1       | INFO:     151.101.0.223:47766 - "GET /routes HTTP/1.1" 200 OK
auth-service-1         | INFO:     151.101.0.223:55396 - "GET /health HTTP/1.1" 200 OK
management-api-1       | INFO:     151.101.0.223:47766 - "GET /health HTTP/1.1" 200 OK
envoy-control-plane-1  | INFO:     172.18.0.10:57454 - "POST /v3/discovery%3Alisteners HTTP/1.1" 200 OK
management-api-1       | INFO:     172.18.0.9:57848 - "GET /routes?gateway_type=kong&status=active HTTP/1.1" 200 OK
envoy-control-plane-1  | INFO:     172.18.0.7:49648 - "GET /snapshot/routes HTTP/1.1" 200 OK
management-api-1       | INFO:     172.18.0.3:38208 - "GET /routes?gateway_type=envoy&status=active HTTP/1.1" 200 OK
kong-admin-proxy-1     | INFO:     172.18.0.7:33984 - "GET /sync-status/routes HTTP/1.1" 200 OK
envoy-control-plane-1  | INFO:     172.18.0.10:57454 - "POST /v3/discovery%3Aclusters HTTP/1.1" 200 OK
gateway-envoy-1        | [2026-03-21 21:36:46.128][1][info][upstream] [source/common/upstream/cds_api_helper.cc:32] cds: add 6 cluster(s), remove 1 cluster(s)
gateway-envoy-1        | [2026-03-21 21:36:46.128][1][info][upstream] [source/common/upstream/cds_api_helper.cc:71] cds: added/updated 0 cluster(s), skipped 6 unmodified cluster(s)
auth-service-1         | INFO:     151.101.0.223:55396 - "GET /sessions HTTP/1.1" 200 OK
management-api-1       | INFO:     151.101.0.223:34067 - "GET /drift HTTP/1.1" 200 OK
management-api-1       | INFO:     151.101.0.223:47766 - "GET /routes HTTP/1.1" 200 OK
auth-service-1         | INFO:     151.101.0.223:55396 - "GET /health HTTP/1.1" 200 OK
management-api-1       | INFO:     151.101.0.223:34067 - "GET /health HTTP/1.1" 200 OK
envoy-control-plane-1  | INFO:     172.18.0.10:57454 - "POST /v3/discovery%3Alisteners HTTP/1.1" 200 OK
management-api-1       | INFO:     172.18.0.9:57860 - "GET /routes?gateway_type=kong&status=active HTTP/1.1" 200 OK
management-api-1       | INFO:     172.18.0.3:38216 - "GET /routes?gateway_type=envoy&status=active HTTP/1.1" 200 OK
envoy-control-plane-1  | INFO:     172.18.0.10:57454 - "POST /v3/discovery%3Aroutes HTTP/1.1" 200 OK
auth-service-1         | INFO:     151.101.0.223:55396 - "GET /sessions HTTP/1.1" 200 OK
management-api-1       | INFO:     151.101.0.223:34067 - "GET /routes HTTP/1.1" 200 OK
management-api-1       | INFO:     151.101.0.223:47766 - "GET /drift HTTP/1.1" 200 OK
auth-service-1         | INFO:     151.101.0.223:55396 - "GET /health HTTP/1.1" 200 OK
management-api-1       | INFO:     151.101.0.223:47766 - "GET /health HTTP/1.1" 200 OK
envoy-control-plane-1  | INFO:     172.18.0.7:33696 - "GET /snapshot/routes HTTP/1.1" 200 OK
management-api-1       | INFO:     172.18.0.9:38202 - "GET /routes?gateway_type=kong&status=active HTTP/1.1" 200 OK
management-api-1       | INFO:     172.18.0.3:35574 - "GET /routes?gateway_type=envoy&status=active HTTP/1.1" 200 OK
kong-admin-proxy-1     | INFO:     172.18.0.7:40276 - "GET /sync-status/routes HTTP/1.1" 200 OK
envoy-control-plane-1  | INFO:     172.18.0.10:57454 - "POST /v3/discovery%3Aclusters HTTP/1.1" 200 OK
gateway-envoy-1        | [2026-03-21 21:36:55.675][1][info][upstream] [source/common/upstream/cds_api_helper.cc:32] cds: add 6 cluster(s), remove 1 cluster(s)
gateway-envoy-1        | [2026-03-21 21:36:55.676][1][info][upstream] [source/common/upstream/cds_api_helper.cc:71] cds: added/updated 0 cluster(s), skipped 6 unmodified cluster(s)
envoy-control-plane-1  | INFO:     172.18.0.10:57454 - "POST /v3/discovery%3Aroutes HTTP/1.1" 200 OK
envoy-control-plane-1  | INFO:     172.18.0.10:57454 - "POST /v3/discovery%3Alisteners HTTP/1.1" 200 OK
auth-service-1         | INFO:     151.101.0.223:55396 - "GET /sessions HTTP/1.1" 200 OK
management-api-1       | INFO:     151.101.0.223:47766 - "GET /routes HTTP/1.1" 200 OK
management-api-1       | INFO:     151.101.0.223:34067 - "GET /drift HTTP/1.1" 200 OK
auth-service-1         | INFO:     151.101.0.223:55396 - "GET /health HTTP/1.1" 200 OK
management-api-1       | INFO:     151.101.0.223:47766 - "GET /health HTTP/1.1" 200 OK
management-api-1       | INFO:     172.18.0.9:38204 - "GET /routes?gateway_type=kong&status=active HTTP/1.1" 200 OK
management-api-1       | INFO:     172.18.0.3:35588 - "GET /routes?gateway_type=envoy&status=active HTTP/1.1" 200 OK
envoy-control-plane-1  | INFO:     172.18.0.10:57454 - "POST /v3/discovery%3Aclusters HTTP/1.1" 200 OK
gateway-envoy-1        | [2026-03-21 21:37:01.046][1][info][upstream] [source/common/upstream/cds_api_helper.cc:32] cds: add 6 cluster(s), remove 1 cluster(s)
gateway-envoy-1        | [2026-03-21 21:37:01.047][1][info][upstream] [source/common/upstream/cds_api_helper.cc:71] cds: added/updated 0 cluster(s), skipped 6 unmodified cluster(s)
auth-service-1         | INFO:     151.101.0.223:55396 - "GET /sessions HTTP/1.1" 200 OK
management-api-1       | INFO:     151.101.0.223:34067 - "GET /drift HTTP/1.1" 200 OK
management-api-1       | INFO:     151.101.0.223:47766 - "GET /routes HTTP/1.1" 200 OK
auth-service-1         | INFO:     151.101.0.223:55396 - "GET /health HTTP/1.1" 200 OK
management-api-1       | INFO:     151.101.0.223:34067 - "GET /health HTTP/1.1" 200 OK
envoy-control-plane-1  | INFO:     172.18.0.7:45016 - "GET /snapshot/routes HTTP/1.1" 200 OK
management-api-1       | INFO:     172.18.0.9:60192 - "GET /routes?gateway_type=kong&status=active HTTP/1.1" 200 OK
management-api-1       | INFO:     172.18.0.3:37642 - "GET /routes?gateway_type=envoy&status=active HTTP/1.1" 200 OK
kong-admin-proxy-1     | INFO:     172.18.0.7:37080 - "GET /sync-status/routes HTTP/1.1" 200 OK
console-1              | 151.101.0.223 - - [21/Mar/2026:21:37:06 +0000] "GET /sw.js HTTP/1.1" 304 0 "http://localhost:3000/sw.js" "Mozilla/5.0 (Macintosh; Intel Mac OS X 10_15_7) AppleWebKit/537.36 (KHTML, like Gecko) Chrome/146.0.0.0 Safari/537.36" "-"
envoy-control-plane-1  | INFO:     172.18.0.10:57454 - "POST /v3/discovery%3Aclusters HTTP/1.1" 200 OK
gateway-envoy-1        | [2026-03-21 21:37:06.496][1][info][upstream] [source/common/upstream/cds_api_helper.cc:32] cds: add 6 cluster(s), remove 1 cluster(s)
gateway-envoy-1        | [2026-03-21 21:37:06.496][1][info][upstream] [source/common/upstream/cds_api_helper.cc:71] cds: added/updated 0 cluster(s), skipped 6 unmodified cluster(s)
envoy-control-plane-1  | INFO:     172.18.0.10:57454 - "POST /v3/discovery%3Alisteners HTTP/1.1" 200 OK
envoy-control-plane-1  | INFO:     172.18.0.10:57454 - "POST /v3/discovery%3Aroutes HTTP/1.1" 200 OK
auth-service-1         | INFO:     151.101.0.223:55396 - "GET /sessions HTTP/1.1" 200 OK
management-api-1       | INFO:     151.101.0.223:34067 - "GET /routes HTTP/1.1" 200 OK
management-api-1       | INFO:     151.101.0.223:47766 - "GET /drift HTTP/1.1" 200 OK
auth-service-1         | INFO:     151.101.0.223:55396 - "GET /health HTTP/1.1" 200 OK
management-api-1       | INFO:     151.101.0.223:34067 - "GET /health HTTP/1.1" 200 OK
management-api-1       | INFO:     172.18.0.3:37648 - "GET /routes?gateway_type=envoy&status=active HTTP/1.1" 200 OK
management-api-1       | INFO:     172.18.0.9:60202 - "GET /routes?gateway_type=kong&status=active HTTP/1.1" 200 OK
auth-service-1         | INFO:     151.101.0.223:55396 - "GET /sessions HTTP/1.1" 200 OK
management-api-1       | INFO:     151.101.0.223:47766 - "GET /drift HTTP/1.1" 200 OK
management-api-1       | INFO:     151.101.0.223:34067 - "GET /routes HTTP/1.1" 200 OK
auth-service-1         | INFO:     151.101.0.223:55396 - "GET /health HTTP/1.1" 200 OK
management-api-1       | INFO:     151.101.0.223:47766 - "GET /health HTTP/1.1" 200 OK
envoy-control-plane-1  | INFO:     172.18.0.10:55884 - "POST /v3/discovery%3Aroutes HTTP/1.1" 200 OK
envoy-control-plane-1  | INFO:     172.18.0.10:55884 - "POST /v3/discovery%3Alisteners HTTP/1.1" 200 OK
envoy-control-plane-1  | INFO:     172.18.0.10:55884 - "POST /v3/discovery%3Aclusters HTTP/1.1" 200 OK
gateway-envoy-1        | [2026-03-21 21:37:14.734][1][info][upstream] [source/common/upstream/cds_api_helper.cc:32] cds: add 6 cluster(s), remove 1 cluster(s)
gateway-envoy-1        | [2026-03-21 21:37:14.735][1][info][upstream] [source/common/upstream/cds_api_helper.cc:71] cds: added/updated 0 cluster(s), skipped 6 unmodified cluster(s)
management-api-1       | INFO:     172.18.0.9:47792 - "GET /routes?gateway_type=kong&status=active HTTP/1.1" 200 OK
envoy-control-plane-1  | INFO:     172.18.0.7:60956 - "GET /snapshot/routes HTTP/1.1" 200 OK
management-api-1       | INFO:     172.18.0.3:34842 - "GET /routes?gateway_type=envoy&status=active HTTP/1.1" 200 OK
kong-admin-proxy-1     | INFO:     172.18.0.7:38614 - "GET /sync-status/routes HTTP/1.1" 200 OK
auth-service-1         | INFO:     151.101.0.223:55396 - "GET /sessions HTTP/1.1" 200 OK
management-api-1       | INFO:     151.101.0.223:34067 - "GET /drift HTTP/1.1" 200 OK
management-api-1       | INFO:     151.101.0.223:47766 - "GET /routes HTTP/1.1" 200 OK
auth-service-1         | INFO:     151.101.0.223:55396 - "GET /health HTTP/1.1" 200 OK
management-api-1       | INFO:     151.101.0.223:34067 - "GET /health HTTP/1.1" 200 OK
management-api-1       | INFO:     172.18.0.9:47806 - "GET /routes?gateway_type=kong&status=active HTTP/1.1" 200 OK
management-api-1       | INFO:     172.18.0.3:34848 - "GET /routes?gateway_type=envoy&status=active HTTP/1.1" 200 OK
envoy-control-plane-1  | INFO:     172.18.0.10:55900 - "POST /v3/discovery%3Alisteners HTTP/1.1" 200 OK
envoy-control-plane-1  | INFO:     172.18.0.10:55900 - "POST /v3/discovery%3Aroutes HTTP/1.1" 200 OK
auth-service-1         | INFO:     151.101.0.223:55396 - "GET /sessions HTTP/1.1" 200 OK
management-api-1       | INFO:     151.101.0.223:47766 - "GET /drift HTTP/1.1" 200 OK
management-api-1       | INFO:     151.101.0.223:34067 - "GET /routes HTTP/1.1" 200 OK
auth-service-1         | INFO:     151.101.0.223:55396 - "GET /health HTTP/1.1" 200 OK
management-api-1       | INFO:     151.101.0.223:47766 - "GET /health HTTP/1.1" 200 OK
envoy-control-plane-1  | INFO:     172.18.0.10:55900 - "POST /v3/discovery%3Aclusters HTTP/1.1" 200 OK
gateway-envoy-1        | [2026-03-21 21:37:22.572][1][info][upstream] [source/common/upstream/cds_api_helper.cc:32] cds: add 6 cluster(s), remove 1 cluster(s)
gateway-envoy-1        | [2026-03-21 21:37:22.572][1][info][upstream] [source/common/upstream/cds_api_helper.cc:71] cds: added/updated 0 cluster(s), skipped 6 unmodified cluster(s)
envoy-control-plane-1  | INFO:     172.18.0.7:49148 - "GET /snapshot/routes HTTP/1.1" 200 OK
management-api-1       | INFO:     172.18.0.9:54550 - "GET /routes?gateway_type=kong&status=active HTTP/1.1" 200 OK
management-api-1       | INFO:     172.18.0.3:43702 - "GET /routes?gateway_type=envoy&status=active HTTP/1.1" 200 OK
kong-admin-proxy-1     | INFO:     172.18.0.7:60056 - "GET /sync-status/routes HTTP/1.1" 200 OK
auth-service-1         | INFO:     151.101.0.223:55396 - "GET /sessions HTTP/1.1" 200 OK
management-api-1       | INFO:     151.101.0.223:34067 - "GET /drift HTTP/1.1" 200 OK
management-api-1       | INFO:     151.101.0.223:47766 - "GET /routes HTTP/1.1" 200 OK
auth-service-1         | INFO:     151.101.0.223:55396 - "GET /health HTTP/1.1" 200 OK
management-api-1       | INFO:     151.101.0.223:47766 - "GET /health HTTP/1.1" 200 OK
envoy-control-plane-1  | INFO:     172.18.0.10:45786 - "POST /v3/discovery%3Aroutes HTTP/1.1" 200 OK
envoy-control-plane-1  | INFO:     172.18.0.10:45786 - "POST /v3/discovery%3Alisteners HTTP/1.1" 200 OK
envoy-control-plane-1  | INFO:     172.18.0.10:45786 - "POST /v3/discovery%3Aclusters HTTP/1.1" 200 OK
gateway-envoy-1        | [2026-03-21 21:37:29.453][1][info][upstream] [source/common/upstream/cds_api_helper.cc:32] cds: add 6 cluster(s), remove 1 cluster(s)
gateway-envoy-1        | [2026-03-21 21:37:29.453][1][info][upstream] [source/common/upstream/cds_api_helper.cc:71] cds: added/updated 0 cluster(s), skipped 6 unmodified cluster(s)
management-api-1       | INFO:     172.18.0.9:54552 - "GET /routes?gateway_type=kong&status=active HTTP/1.1" 200 OK
management-api-1       | INFO:     172.18.0.3:43712 - "GET /routes?gateway_type=envoy&status=active HTTP/1.1" 200 OK
auth-service-1         | INFO:     151.101.0.223:55396 - "GET /sessions HTTP/1.1" 200 OK
management-api-1       | INFO:     151.101.0.223:47766 - "GET /routes HTTP/1.1" 200 OK
management-api-1       | INFO:     151.101.0.223:34067 - "GET /drift HTTP/1.1" 200 OK
auth-service-1         | INFO:     151.101.0.223:55396 - "GET /health HTTP/1.1" 200 OK
management-api-1       | INFO:     151.101.0.223:47766 - "GET /health HTTP/1.1" 200 OK
envoy-control-plane-1  | INFO:     172.18.0.10:45786 - "POST /v3/discovery%3Aroutes HTTP/1.1" 200 OK
envoy-control-plane-1  | INFO:     172.18.0.7:41640 - "GET /snapshot/routes HTTP/1.1" 200 OK
management-api-1       | INFO:     172.18.0.9:53456 - "GET /routes?gateway_type=kong&status=active HTTP/1.1" 200 OK
management-api-1       | INFO:     172.18.0.3:46150 - "GET /routes?gateway_type=envoy&status=active HTTP/1.1" 200 OK
kong-admin-proxy-1     | INFO:     172.18.0.7:52924 - "GET /sync-status/routes HTTP/1.1" 200 OK
envoy-control-plane-1  | INFO:     172.18.0.10:45786 - "POST /v3/discovery%3Alisteners HTTP/1.1" 200 OK
envoy-control-plane-1  | INFO:     172.18.0.10:45786 - "POST /v3/discovery%3Aclusters HTTP/1.1" 200 OK
gateway-envoy-1        | [2026-03-21 21:37:37.235][1][info][upstream] [source/common/upstream/cds_api_helper.cc:32] cds: add 6 cluster(s), remove 1 cluster(s)
gateway-envoy-1        | [2026-03-21 21:37:37.235][1][info][upstream] [source/common/upstream/cds_api_helper.cc:71] cds: added/updated 0 cluster(s), skipped 6 unmodified cluster(s)
auth-service-1         | INFO:     151.101.0.223:55396 - "GET /sessions HTTP/1.1" 200 OK
management-api-1       | INFO:     151.101.0.223:34067 - "GET /drift HTTP/1.1" 200 OK
management-api-1       | INFO:     151.101.0.223:47766 - "GET /routes HTTP/1.1" 200 OK
auth-service-1         | INFO:     151.101.0.223:55396 - "GET /health HTTP/1.1" 200 OK
management-api-1       | INFO:     151.101.0.223:47766 - "GET /health HTTP/1.1" 200 OK
management-api-1       | INFO:     172.18.0.3:46154 - "GET /routes?gateway_type=envoy&status=active HTTP/1.1" 200 OK
management-api-1       | INFO:     172.18.0.9:53466 - "GET /routes?gateway_type=kong&status=active HTTP/1.1" 200 OK
envoy-control-plane-1  | INFO:     172.18.0.10:45786 - "POST /v3/discovery%3Aroutes HTTP/1.1" 200 OK
auth-service-1         | INFO:     151.101.0.223:55396 - "GET /sessions HTTP/1.1" 200 OK
management-api-1       | INFO:     151.101.0.223:47766 - "GET /routes HTTP/1.1" 200 OK
management-api-1       | INFO:     151.101.0.223:34067 - "GET /drift HTTP/1.1" 200 OK
auth-service-1         | INFO:     151.101.0.223:55396 - "GET /health HTTP/1.1" 200 OK
management-api-1       | INFO:     151.101.0.223:47766 - "GET /health HTTP/1.1" 200 OK
envoy-control-plane-1  | INFO:     172.18.0.10:45786 - "POST /v3/discovery%3Alisteners HTTP/1.1" 200 OK
management-api-1       | INFO:     172.18.0.3:34458 - "GET /routes?gateway_type=envoy&status=active HTTP/1.1" 200 OK
management-api-1       | INFO:     172.18.0.9:41112 - "GET /routes?gateway_type=kong&status=active HTTP/1.1" 200 OK
envoy-control-plane-1  | INFO:     172.18.0.7:45516 - "GET /snapshot/routes HTTP/1.1" 200 OK
kong-admin-proxy-1     | INFO:     172.18.0.7:38104 - "GET /sync-status/routes HTTP/1.1" 200 OK
envoy-control-plane-1  | INFO:     172.18.0.10:45786 - "POST /v3/discovery%3Aclusters HTTP/1.1" 200 OK
gateway-envoy-1        | [2026-03-21 21:37:47.154][1][info][upstream] [source/common/upstream/cds_api_helper.cc:32] cds: add 6 cluster(s), remove 1 cluster(s)
gateway-envoy-1        | [2026-03-21 21:37:47.154][1][info][upstream] [source/common/upstream/cds_api_helper.cc:71] cds: added/updated 0 cluster(s), skipped 6 unmodified cluster(s)
auth-service-1         | INFO:     151.101.0.223:55396 - "GET /sessions HTTP/1.1" 200 OK
management-api-1       | INFO:     151.101.0.223:34067 - "GET /drift HTTP/1.1" 200 OK
management-api-1       | INFO:     151.101.0.223:47766 - "GET /routes HTTP/1.1" 200 OK
auth-service-1         | INFO:     151.101.0.223:55396 - "GET /health HTTP/1.1" 200 OK
management-api-1       | INFO:     151.101.0.223:47766 - "GET /health HTTP/1.1" 200 OK
envoy-control-plane-1  | INFO:     172.18.0.10:45786 - "POST /v3/discovery%3Aroutes HTTP/1.1" 200 OK
management-api-1       | INFO:     172.18.0.9:41114 - "GET /routes?gateway_type=kong&status=active HTTP/1.1" 200 OK
management-api-1       | INFO:     172.18.0.3:34468 - "GET /routes?gateway_type=envoy&status=active HTTP/1.1" 200 OK
auth-service-1         | INFO:     151.101.0.223:55396 - "GET /sessions HTTP/1.1" 200 OK
management-api-1       | INFO:     151.101.0.223:47766 - "GET /routes HTTP/1.1" 200 OK
management-api-1       | INFO:     151.101.0.223:34067 - "GET /drift HTTP/1.1" 200 OK
auth-service-1         | INFO:     151.101.0.223:55396 - "GET /health HTTP/1.1" 200 OK
management-api-1       | INFO:     151.101.0.223:47766 - "GET /health HTTP/1.1" 200 OK
envoy-control-plane-1  | INFO:     172.18.0.10:45786 - "POST /v3/discovery%3Alisteners HTTP/1.1" 200 OK
management-api-1       | INFO:     172.18.0.9:41628 - "GET /routes?gateway_type=kong&status=active HTTP/1.1" 200 OK
envoy-control-plane-1  | INFO:     172.18.0.7:33640 - "GET /snapshot/routes HTTP/1.1" 200 OK
management-api-1       | INFO:     172.18.0.3:59218 - "GET /routes?gateway_type=envoy&status=active HTTP/1.1" 200 OK
kong-admin-proxy-1     | INFO:     172.18.0.7:56470 - "GET /sync-status/routes HTTP/1.1" 200 OK
envoy-control-plane-1  | INFO:     172.18.0.10:45786 - "POST /v3/discovery%3Aclusters HTTP/1.1" 200 OK
gateway-envoy-1        | [2026-03-21 21:37:55.685][1][info][upstream] [source/common/upstream/cds_api_helper.cc:32] cds: add 6 cluster(s), remove 1 cluster(s)
gateway-envoy-1        | [2026-03-21 21:37:55.685][1][info][upstream] [source/common/upstream/cds_api_helper.cc:71] cds: added/updated 0 cluster(s), skipped 6 unmodified cluster(s)
envoy-control-plane-1  | INFO:     172.18.0.10:45786 - "POST /v3/discovery%3Aroutes HTTP/1.1" 200 OK
auth-service-1         | INFO:     151.101.0.223:55396 - "GET /sessions HTTP/1.1" 200 OK
management-api-1       | INFO:     151.101.0.223:47766 - "GET /routes HTTP/1.1" 200 OK
management-api-1       | INFO:     151.101.0.223:34067 - "GET /drift HTTP/1.1" 200 OK
auth-service-1         | INFO:     151.101.0.223:55396 - "GET /health HTTP/1.1" 200 OK
management-api-1       | INFO:     151.101.0.223:34067 - "GET /health HTTP/1.1" 200 OK
management-api-1       | INFO:     172.18.0.3:59232 - "GET /routes?gateway_type=envoy&status=active HTTP/1.1" 200 OK
management-api-1       | INFO:     172.18.0.9:41642 - "GET /routes?gateway_type=kong&status=active HTTP/1.1" 200 OK
envoy-control-plane-1  | INFO:     172.18.0.10:45786 - "POST /v3/discovery%3Alisteners HTTP/1.1" 200 OK
auth-service-1         | INFO:     151.101.0.223:55396 - "GET /sessions HTTP/1.1" 200 OK
management-api-1       | INFO:     151.101.0.223:47766 - "GET /drift HTTP/1.1" 200 OK
management-api-1       | INFO:     151.101.0.223:34067 - "GET /routes HTTP/1.1" 200 OK
auth-service-1         | INFO:     151.101.0.223:55396 - "GET /health HTTP/1.1" 200 OK
management-api-1       | INFO:     151.101.0.223:47766 - "GET /health HTTP/1.1" 200 OK
envoy-control-plane-1  | INFO:     172.18.0.10:45786 - "POST /v3/discovery%3Aclusters HTTP/1.1" 200 OK
gateway-envoy-1        | [2026-03-21 21:38:03.033][1][info][upstream] [source/common/upstream/cds_api_helper.cc:32] cds: add 6 cluster(s), remove 1 cluster(s)
gateway-envoy-1        | [2026-03-21 21:38:03.033][1][info][upstream] [source/common/upstream/cds_api_helper.cc:71] cds: added/updated 0 cluster(s), skipped 6 unmodified cluster(s)
envoy-control-plane-1  | INFO:     172.18.0.10:45786 - "POST /v3/discovery%3Aroutes HTTP/1.1" 200 OK
envoy-control-plane-1  | INFO:     172.18.0.7:40560 - "GET /snapshot/routes HTTP/1.1" 200 OK
management-api-1       | INFO:     172.18.0.9:53170 - "GET /routes?gateway_type=kong&status=active HTTP/1.1" 200 OK
management-api-1       | INFO:     172.18.0.3:48884 - "GET /routes?gateway_type=envoy&status=active HTTP/1.1" 200 OK
kong-admin-proxy-1     | INFO:     172.18.0.7:45834 - "GET /sync-status/routes HTTP/1.1" 200 OK
auth-service-1         | INFO:     151.101.0.223:55396 - "GET /sessions HTTP/1.1" 200 OK
management-api-1       | INFO:     151.101.0.223:34067 - "GET /drift HTTP/1.1" 200 OK
management-api-1       | INFO:     151.101.0.223:47766 - "GET /routes HTTP/1.1" 200 OK
auth-service-1         | INFO:     151.101.0.223:55396 - "GET /health HTTP/1.1" 200 OK
management-api-1       | INFO:     151.101.0.223:47766 - "GET /health HTTP/1.1" 200 OK
management-api-1       | INFO:     172.18.0.9:53184 - "GET /routes?gateway_type=kong&status=active HTTP/1.1" 200 OK
management-api-1       | INFO:     172.18.0.3:48900 - "GET /routes?gateway_type=envoy&status=active HTTP/1.1" 200 OK
envoy-control-plane-1  | INFO:     172.18.0.10:45786 - "POST /v3/discovery%3Alisteners HTTP/1.1" 200 OK
envoy-control-plane-1  | INFO:     172.18.0.10:45786 - "POST /v3/discovery%3Aroutes HTTP/1.1" 200 OK
auth-service-1         | INFO:     151.101.0.223:55396 - "GET /sessions HTTP/1.1" 200 OK
management-api-1       | INFO:     151.101.0.223:34067 - "GET /drift HTTP/1.1" 200 OK
management-api-1       | INFO:     151.101.0.223:47766 - "GET /routes HTTP/1.1" 200 OK
auth-service-1         | INFO:     151.101.0.223:55396 - "GET /health HTTP/1.1" 200 OK
management-api-1       | INFO:     151.101.0.223:47766 - "GET /health HTTP/1.1" 200 OK
envoy-control-plane-1  | INFO:     172.18.0.10:45786 - "POST /v3/discovery%3Aclusters HTTP/1.1" 200 OK
gateway-envoy-1        | [2026-03-21 21:38:12.866][1][info][upstream] [source/common/upstream/cds_api_helper.cc:32] cds: add 6 cluster(s), remove 1 cluster(s)
gateway-envoy-1        | [2026-03-21 21:38:12.867][1][info][upstream] [source/common/upstream/cds_api_helper.cc:71] cds: added/updated 0 cluster(s), skipped 6 unmodified cluster(s)
envoy-control-plane-1  | INFO:     172.18.0.7:43698 - "GET /snapshot/routes HTTP/1.1" 200 OK
management-api-1       | INFO:     172.18.0.9:33928 - "GET /routes?gateway_type=kong&status=active HTTP/1.1" 200 OK
management-api-1       | INFO:     172.18.0.3:49786 - "GET /routes?gateway_type=envoy&status=active HTTP/1.1" 200 OK
kong-admin-proxy-1     | INFO:     172.18.0.7:37784 - "GET /sync-status/routes HTTP/1.1" 200 OK
envoy-control-plane-1  | INFO:     172.18.0.10:45786 - "POST /v3/discovery%3Aroutes HTTP/1.1" 200 OK
envoy-control-plane-1  | INFO:     172.18.0.10:45786 - "POST /v3/discovery%3Alisteners HTTP/1.1" 200 OK
auth-service-1         | INFO:     151.101.0.223:55396 - "GET /sessions HTTP/1.1" 200 OK
management-api-1       | INFO:     151.101.0.223:34067 - "GET /drift HTTP/1.1" 200 OK
management-api-1       | INFO:     151.101.0.223:47766 - "GET /routes HTTP/1.1" 200 OK
auth-service-1         | INFO:     151.101.0.223:55396 - "GET /health HTTP/1.1" 200 OK
management-api-1       | INFO:     151.101.0.223:47766 - "GET /health HTTP/1.1" 200 OK
management-api-1       | INFO:     172.18.0.9:33944 - "GET /routes?gateway_type=kong&status=active HTTP/1.1" 200 OK
management-api-1       | INFO:     172.18.0.3:49792 - "GET /routes?gateway_type=envoy&status=active HTTP/1.1" 200 OK
envoy-control-plane-1  | INFO:     172.18.0.10:45786 - "POST /v3/discovery%3Aclusters HTTP/1.1" 200 OK
gateway-envoy-1        | [2026-03-21 21:38:20.614][1][info][upstream] [source/common/upstream/cds_api_helper.cc:32] cds: add 6 cluster(s), remove 1 cluster(s)
gateway-envoy-1        | [2026-03-21 21:38:20.614][1][info][upstream] [source/common/upstream/cds_api_helper.cc:71] cds: added/updated 0 cluster(s), skipped 6 unmodified cluster(s)
envoy-control-plane-1  | INFO:     172.18.0.10:45786 - "POST /v3/discovery%3Aroutes HTTP/1.1" 200 OK
envoy-control-plane-1  | INFO:     172.18.0.10:45786 - "POST /v3/discovery%3Alisteners HTTP/1.1" 200 OK
auth-service-1         | INFO:     151.101.0.223:55396 - "GET /sessions HTTP/1.1" 200 OK
management-api-1       | INFO:     151.101.0.223:47766 - "GET /routes HTTP/1.1" 200 OK
management-api-1       | INFO:     151.101.0.223:34067 - "GET /drift HTTP/1.1" 200 OK
auth-service-1         | INFO:     151.101.0.223:55396 - "GET /health HTTP/1.1" 200 OK
management-api-1       | INFO:     151.101.0.223:47766 - "GET /health HTTP/1.1" 200 OK
management-api-1       | INFO:     172.18.0.9:37756 - "GET /routes?gateway_type=kong&status=active HTTP/1.1" 200 OK
envoy-control-plane-1  | INFO:     172.18.0.7:35806 - "GET /snapshot/routes HTTP/1.1" 200 OK
management-api-1       | INFO:     172.18.0.3:39706 - "GET /routes?gateway_type=envoy&status=active HTTP/1.1" 200 OK
kong-admin-proxy-1     | INFO:     172.18.0.7:46210 - "GET /sync-status/routes HTTP/1.1" 200 OK
auth-service-1         | INFO:     151.101.0.223:55396 - "GET /sessions HTTP/1.1" 200 OK
management-api-1       | INFO:     151.101.0.223:34067 - "GET /drift HTTP/1.1" 200 OK
management-api-1       | INFO:     151.101.0.223:47766 - "GET /routes HTTP/1.1" 200 OK
auth-service-1         | INFO:     151.101.0.223:55396 - "GET /health HTTP/1.1" 200 OK
management-api-1       | INFO:     151.101.0.223:47766 - "GET /health HTTP/1.1" 200 OK
envoy-control-plane-1  | INFO:     172.18.0.10:45648 - "POST /v3/discovery%3Aclusters HTTP/1.1" 200 OK
gateway-envoy-1        | [2026-03-21 21:38:29.631][1][info][upstream] [source/common/upstream/cds_api_helper.cc:32] cds: add 6 cluster(s), remove 1 cluster(s)
gateway-envoy-1        | [2026-03-21 21:38:29.631][1][info][upstream] [source/common/upstream/cds_api_helper.cc:71] cds: added/updated 0 cluster(s), skipped 6 unmodified cluster(s)
management-api-1       | INFO:     172.18.0.9:37770 - "GET /routes?gateway_type=kong&status=active HTTP/1.1" 200 OK
management-api-1       | INFO:     172.18.0.3:39718 - "GET /routes?gateway_type=envoy&status=active HTTP/1.1" 200 OK
envoy-control-plane-1  | INFO:     172.18.0.10:45648 - "POST /v3/discovery%3Aroutes HTTP/1.1" 200 OK
envoy-control-plane-1  | INFO:     172.18.0.10:45648 - "POST /v3/discovery%3Alisteners HTTP/1.1" 200 OK
auth-service-1         | INFO:     151.101.0.223:55396 - "GET /sessions HTTP/1.1" 200 OK
management-api-1       | INFO:     151.101.0.223:47766 - "GET /routes HTTP/1.1" 200 OK
management-api-1       | INFO:     151.101.0.223:34067 - "GET /drift HTTP/1.1" 200 OK
auth-service-1         | INFO:     151.101.0.223:55396 - "GET /health HTTP/1.1" 200 OK
management-api-1       | INFO:     151.101.0.223:47766 - "GET /health HTTP/1.1" 200 OK
management-api-1       | INFO:     172.18.0.3:37844 - "GET /routes?gateway_type=envoy&status=active HTTP/1.1" 200 OK
envoy-control-plane-1  | INFO:     172.18.0.7:47742 - "GET /snapshot/routes HTTP/1.1" 200 OK
management-api-1       | INFO:     172.18.0.9:57018 - "GET /routes?gateway_type=kong&status=active HTTP/1.1" 200 OK
kong-admin-proxy-1     | INFO:     172.18.0.7:48996 - "GET /sync-status/routes HTTP/1.1" 200 OK
envoy-control-plane-1  | INFO:     172.18.0.10:45648 - "POST /v3/discovery%3Aclusters HTTP/1.1" 200 OK
gateway-envoy-1        | [2026-03-21 21:38:35.463][1][info][upstream] [source/common/upstream/cds_api_helper.cc:32] cds: add 6 cluster(s), remove 1 cluster(s)
gateway-envoy-1        | [2026-03-21 21:38:35.463][1][info][upstream] [source/common/upstream/cds_api_helper.cc:71] cds: added/updated 0 cluster(s), skipped 6 unmodified cluster(s)
envoy-control-plane-1  | INFO:     172.18.0.10:45648 - "POST /v3/discovery%3Aroutes HTTP/1.1" 200 OK
auth-service-1         | INFO:     151.101.0.223:55396 - "GET /sessions HTTP/1.1" 200 OK
management-api-1       | INFO:     151.101.0.223:47766 - "GET /routes HTTP/1.1" 200 OK
management-api-1       | INFO:     151.101.0.223:34067 - "GET /drift HTTP/1.1" 200 OK
auth-service-1         | INFO:     151.101.0.223:55396 - "GET /health HTTP/1.1" 200 OK
management-api-1       | INFO:     151.101.0.223:34067 - "GET /health HTTP/1.1" 200 OK
management-api-1       | INFO:     172.18.0.3:37860 - "GET /routes?gateway_type=envoy&status=active HTTP/1.1" 200 OK
management-api-1       | INFO:     172.18.0.9:57026 - "GET /routes?gateway_type=kong&status=active HTTP/1.1" 200 OK
envoy-control-plane-1  | INFO:     172.18.0.10:45648 - "POST /v3/discovery%3Alisteners HTTP/1.1" 200 OK
envoy-control-plane-1  | INFO:     172.18.0.10:45648 - "POST /v3/discovery%3Aroutes HTTP/1.1" 200 OK
auth-service-1         | INFO:     151.101.0.223:55396 - "GET /sessions HTTP/1.1" 200 OK
management-api-1       | INFO:     151.101.0.223:47766 - "GET /drift HTTP/1.1" 200 OK
management-api-1       | INFO:     151.101.0.223:34067 - "GET /routes HTTP/1.1" 200 OK
auth-service-1         | INFO:     151.101.0.223:55396 - "GET /health HTTP/1.1" 200 OK
management-api-1       | INFO:     151.101.0.223:47766 - "GET /health HTTP/1.1" 200 OK
envoy-control-plane-1  | INFO:     172.18.0.10:45648 - "POST /v3/discovery%3Aclusters HTTP/1.1" 200 OK
gateway-envoy-1        | [2026-03-21 21:38:44.772][1][info][upstream] [source/common/upstream/cds_api_helper.cc:32] cds: add 6 cluster(s), remove 1 cluster(s)
gateway-envoy-1        | [2026-03-21 21:38:44.772][1][info][upstream] [source/common/upstream/cds_api_helper.cc:71] cds: added/updated 0 cluster(s), skipped 6 unmodified cluster(s)
envoy-control-plane-1  | INFO:     172.18.0.7:50210 - "GET /snapshot/routes HTTP/1.1" 200 OK
management-api-1       | INFO:     172.18.0.3:36976 - "GET /routes?gateway_type=envoy&status=active HTTP/1.1" 200 OK
management-api-1       | INFO:     172.18.0.9:54704 - "GET /routes?gateway_type=kong&status=active HTTP/1.1" 200 OK
kong-admin-proxy-1     | INFO:     172.18.0.7:52698 - "GET /sync-status/routes HTTP/1.1" 200 OK
envoy-control-plane-1  | INFO:     172.18.0.10:45648 - "POST /v3/discovery%3Alisteners HTTP/1.1" 200 OK
auth-service-1         | INFO:     151.101.0.223:55396 - "GET /sessions HTTP/1.1" 200 OK
management-api-1       | INFO:     151.101.0.223:34067 - "GET /drift HTTP/1.1" 200 OK
management-api-1       | INFO:     151.101.0.223:47766 - "GET /routes HTTP/1.1" 200 OK
auth-service-1         | INFO:     151.101.0.223:55396 - "GET /health HTTP/1.1" 200 OK
management-api-1       | INFO:     151.101.0.223:47766 - "GET /health HTTP/1.1" 200 OK
envoy-control-plane-1  | INFO:     172.18.0.10:45648 - "POST /v3/discovery%3Aroutes HTTP/1.1" 200 OK
management-api-1       | INFO:     172.18.0.3:36986 - "GET /routes?gateway_type=envoy&status=active HTTP/1.1" 200 OK
management-api-1       | INFO:     172.18.0.9:54706 - "GET /routes?gateway_type=kong&status=active HTTP/1.1" 200 OK
auth-service-1         | INFO:     151.101.0.223:55396 - "GET /sessions HTTP/1.1" 200 OK
management-api-1       | INFO:     151.101.0.223:47766 - "GET /routes HTTP/1.1" 200 OK
management-api-1       | INFO:     151.101.0.223:34067 - "GET /drift HTTP/1.1" 200 OK
auth-service-1         | INFO:     151.101.0.223:55396 - "GET /health HTTP/1.1" 200 OK
management-api-1       | INFO:     151.101.0.223:47766 - "GET /health HTTP/1.1" 200 OK
envoy-control-plane-1  | INFO:     172.18.0.10:45648 - "POST /v3/discovery%3Aclusters HTTP/1.1" 200 OK
gateway-envoy-1        | [2026-03-21 21:38:53.307][1][info][upstream] [source/common/upstream/cds_api_helper.cc:32] cds: add 6 cluster(s), remove 1 cluster(s)
gateway-envoy-1        | [2026-03-21 21:38:53.307][1][info][upstream] [source/common/upstream/cds_api_helper.cc:71] cds: added/updated 0 cluster(s), skipped 6 unmodified cluster(s)
envoy-control-plane-1  | INFO:     172.18.0.10:45648 - "POST /v3/discovery%3Alisteners HTTP/1.1" 200 OK
envoy-control-plane-1  | INFO:     172.18.0.7:48048 - "GET /snapshot/routes HTTP/1.1" 200 OK
management-api-1       | INFO:     172.18.0.9:47580 - "GET /routes?gateway_type=kong&status=active HTTP/1.1" 200 OK
management-api-1       | INFO:     172.18.0.3:57436 - "GET /routes?gateway_type=envoy&status=active HTTP/1.1" 200 OK
kong-admin-proxy-1     | INFO:     172.18.0.7:43556 - "GET /sync-status/routes HTTP/1.1" 200 OK
envoy-control-plane-1  | INFO:     172.18.0.10:45648 - "POST /v3/discovery%3Aroutes HTTP/1.1" 200 OK
auth-service-1         | INFO:     151.101.0.223:55396 - "GET /sessions HTTP/1.1" 200 OK
management-api-1       | INFO:     151.101.0.223:34067 - "GET /drift HTTP/1.1" 200 OK
management-api-1       | INFO:     151.101.0.223:47766 - "GET /routes HTTP/1.1" 200 OK
auth-service-1         | INFO:     151.101.0.223:55396 - "GET /health HTTP/1.1" 200 OK
management-api-1       | INFO:     151.101.0.223:47766 - "GET /health HTTP/1.1" 200 OK
management-api-1       | INFO:     172.18.0.9:47582 - "GET /routes?gateway_type=kong&status=active HTTP/1.1" 200 OK
management-api-1       | INFO:     172.18.0.3:57446 - "GET /routes?gateway_type=envoy&status=active HTTP/1.1" 200 OK
envoy-control-plane-1  | INFO:     172.18.0.10:45648 - "POST /v3/discovery%3Aclusters HTTP/1.1" 200 OK
gateway-envoy-1        | [2026-03-21 21:39:01.236][1][info][upstream] [source/common/upstream/cds_api_helper.cc:32] cds: add 6 cluster(s), remove 1 cluster(s)
gateway-envoy-1        | [2026-03-21 21:39:01.236][1][info][upstream] [source/common/upstream/cds_api_helper.cc:71] cds: added/updated 0 cluster(s), skipped 6 unmodified cluster(s)
envoy-control-plane-1  | INFO:     172.18.0.10:45648 - "POST /v3/discovery%3Alisteners HTTP/1.1" 200 OK
auth-service-1         | INFO:     151.101.0.223:55396 - "GET /sessions HTTP/1.1" 200 OK
management-api-1       | INFO:     151.101.0.223:34067 - "GET /drift HTTP/1.1" 200 OK
management-api-1       | INFO:     151.101.0.223:47766 - "GET /routes HTTP/1.1" 200 OK
auth-service-1         | INFO:     151.101.0.223:55396 - "GET /health HTTP/1.1" 200 OK
management-api-1       | INFO:     151.101.0.223:47766 - "GET /health HTTP/1.1" 200 OK
envoy-control-plane-1  | INFO:     172.18.0.10:45648 - "POST /v3/discovery%3Aroutes HTTP/1.1" 200 OK
envoy-control-plane-1  | INFO:     172.18.0.7:43018 - "GET /snapshot/routes HTTP/1.1" 200 OK
management-api-1       | INFO:     172.18.0.3:50034 - "GET /routes?gateway_type=envoy&status=active HTTP/1.1" 200 OK
management-api-1       | INFO:     172.18.0.9:44080 - "GET /routes?gateway_type=kong&status=active HTTP/1.1" 200 OK
kong-admin-proxy-1     | INFO:     172.18.0.7:37642 - "GET /sync-status/routes HTTP/1.1" 200 OK
envoy-control-plane-1  | INFO:     172.18.0.10:45648 - "POST /v3/discovery%3Aclusters HTTP/1.1" 200 OK
gateway-envoy-1        | [2026-03-21 21:39:07.453][1][info][upstream] [source/common/upstream/cds_api_helper.cc:32] cds: add 6 cluster(s), remove 1 cluster(s)
gateway-envoy-1        | [2026-03-21 21:39:07.453][1][info][upstream] [source/common/upstream/cds_api_helper.cc:71] cds: added/updated 0 cluster(s), skipped 6 unmodified cluster(s)
auth-service-1         | INFO:     151.101.0.223:55396 - "GET /sessions HTTP/1.1" 200 OK
management-api-1       | INFO:     151.101.0.223:34067 - "GET /drift HTTP/1.1" 200 OK
management-api-1       | INFO:     151.101.0.223:47766 - "GET /routes HTTP/1.1" 200 OK
auth-service-1         | INFO:     151.101.0.223:55396 - "GET /health HTTP/1.1" 200 OK
management-api-1       | INFO:     151.101.0.223:47766 - "GET /health HTTP/1.1" 200 OK
envoy-control-plane-1  | INFO:     172.18.0.10:45648 - "POST /v3/discovery%3Aroutes HTTP/1.1" 200 OK
management-api-1       | INFO:     172.18.0.3:50040 - "GET /routes?gateway_type=envoy&status=active HTTP/1.1" 200 OK
management-api-1       | INFO:     172.18.0.9:44092 - "GET /routes?gateway_type=kong&status=active HTTP/1.1" 200 OK
envoy-control-plane-1  | INFO:     172.18.0.10:45648 - "POST /v3/discovery%3Alisteners HTTP/1.1" 200 OK
auth-service-1         | INFO:     151.101.0.223:55396 - "GET /sessions HTTP/1.1" 200 OK
management-api-1       | INFO:     151.101.0.223:47766 - "GET /routes HTTP/1.1" 200 OK
management-api-1       | INFO:     151.101.0.223:34067 - "GET /drift HTTP/1.1" 200 OK
auth-service-1         | INFO:     151.101.0.223:55396 - "GET /health HTTP/1.1" 200 OK
management-api-1       | INFO:     151.101.0.223:34067 - "GET /health HTTP/1.1" 200 OK
envoy-control-plane-1  | INFO:     172.18.0.10:45648 - "POST /v3/discovery%3Aclusters HTTP/1.1" 200 OK
gateway-envoy-1        | [2026-03-21 21:39:14.595][1][info][upstream] [source/common/upstream/cds_api_helper.cc:32] cds: add 6 cluster(s), remove 1 cluster(s)
gateway-envoy-1        | [2026-03-21 21:39:14.596][1][info][upstream] [source/common/upstream/cds_api_helper.cc:71] cds: added/updated 0 cluster(s), skipped 6 unmodified cluster(s)
envoy-control-plane-1  | INFO:     172.18.0.10:45648 - "POST /v3/discovery%3Aroutes HTTP/1.1" 200 OK
envoy-control-plane-1  | INFO:     172.18.0.7:33994 - "GET /snapshot/routes HTTP/1.1" 200 OK
management-api-1       | INFO:     172.18.0.3:41270 - "GET /routes?gateway_type=envoy&status=active HTTP/1.1" 200 OK
management-api-1       | INFO:     172.18.0.9:37538 - "GET /routes?gateway_type=kong&status=active HTTP/1.1" 200 OK
kong-admin-proxy-1     | INFO:     172.18.0.7:44866 - "GET /sync-status/routes HTTP/1.1" 200 OK
auth-service-1         | INFO:     151.101.0.223:55396 - "GET /sessions HTTP/1.1" 200 OK
management-api-1       | INFO:     151.101.0.223:47766 - "GET /drift HTTP/1.1" 200 OK
management-api-1       | INFO:     151.101.0.223:34067 - "GET /routes HTTP/1.1" 200 OK
auth-service-1         | INFO:     151.101.0.223:55396 - "GET /health HTTP/1.1" 200 OK
management-api-1       | INFO:     151.101.0.223:34067 - "GET /health HTTP/1.1" 200 OK
management-api-1       | INFO:     172.18.0.3:41284 - "GET /routes?gateway_type=envoy&status=active HTTP/1.1" 200 OK
management-api-1       | INFO:     172.18.0.9:37540 - "GET /routes?gateway_type=kong&status=active HTTP/1.1" 200 OK
envoy-control-plane-1  | INFO:     172.18.0.10:45648 - "POST /v3/discovery%3Alisteners HTTP/1.1" 200 OK
envoy-control-plane-1  | INFO:     172.18.0.10:45648 - "POST /v3/discovery%3Aclusters HTTP/1.1" 200 OK
gateway-envoy-1        | [2026-03-21 21:39:22.351][1][info][upstream] [source/common/upstream/cds_api_helper.cc:32] cds: add 6 cluster(s), remove 1 cluster(s)
gateway-envoy-1        | [2026-03-21 21:39:22.351][1][info][upstream] [source/common/upstream/cds_api_helper.cc:71] cds: added/updated 0 cluster(s), skipped 6 unmodified cluster(s)
auth-service-1         | INFO:     151.101.0.223:55396 - "GET /sessions HTTP/1.1" 200 OK
management-api-1       | INFO:     151.101.0.223:47766 - "GET /drift HTTP/1.1" 200 OK
management-api-1       | INFO:     151.101.0.223:34067 - "GET /routes HTTP/1.1" 200 OK
auth-service-1         | INFO:     151.101.0.223:55396 - "GET /health HTTP/1.1" 200 OK
management-api-1       | INFO:     151.101.0.223:47766 - "GET /health HTTP/1.1" 200 OK
envoy-control-plane-1  | INFO:     172.18.0.10:45648 - "POST /v3/discovery%3Aroutes HTTP/1.1" 200 OK
management-api-1       | INFO:     172.18.0.9:60730 - "GET /routes?gateway_type=kong&status=active HTTP/1.1" 200 OK
envoy-control-plane-1  | INFO:     172.18.0.7:50956 - "GET /snapshot/routes HTTP/1.1" 200 OK
management-api-1       | INFO:     172.18.0.3:56128 - "GET /routes?gateway_type=envoy&status=active HTTP/1.1" 200 OK
kong-admin-proxy-1     | INFO:     172.18.0.7:33596 - "GET /sync-status/routes HTTP/1.1" 200 OK
envoy-control-plane-1  | INFO:     172.18.0.10:45648 - "POST /v3/discovery%3Alisteners HTTP/1.1" 200 OK
auth-service-1         | INFO:     151.101.0.223:55396 - "GET /sessions HTTP/1.1" 200 OK
management-api-1       | INFO:     151.101.0.223:34067 - "GET /drift HTTP/1.1" 200 OK
management-api-1       | INFO:     151.101.0.223:47766 - "GET /routes HTTP/1.1" 200 OK
auth-service-1         | INFO:     151.101.0.223:55396 - "GET /health HTTP/1.1" 200 OK
management-api-1       | INFO:     151.101.0.223:47766 - "GET /health HTTP/1.1" 200 OK
envoy-control-plane-1  | INFO:     172.18.0.10:45648 - "POST /v3/discovery%3Aroutes HTTP/1.1" 200 OK
management-api-1       | INFO:     172.18.0.9:60732 - "GET /routes?gateway_type=kong&status=active HTTP/1.1" 200 OK
management-api-1       | INFO:     172.18.0.3:56140 - "GET /routes?gateway_type=envoy&status=active HTTP/1.1" 200 OK
envoy-control-plane-1  | INFO:     172.18.0.10:45648 - "POST /v3/discovery%3Alisteners HTTP/1.1" 200 OK
envoy-control-plane-1  | INFO:     172.18.0.10:45648 - "POST /v3/discovery%3Aclusters HTTP/1.1" 200 OK
gateway-envoy-1        | [2026-03-21 21:39:32.022][1][info][upstream] [source/common/upstream/cds_api_helper.cc:32] cds: add 6 cluster(s), remove 1 cluster(s)
gateway-envoy-1        | [2026-03-21 21:39:32.022][1][info][upstream] [source/common/upstream/cds_api_helper.cc:71] cds: added/updated 0 cluster(s), skipped 6 unmodified cluster(s)
auth-service-1         | INFO:     151.101.0.223:55396 - "GET /sessions HTTP/1.1" 200 OK
management-api-1       | INFO:     151.101.0.223:34067 - "GET /drift HTTP/1.1" 200 OK
management-api-1       | INFO:     151.101.0.223:47766 - "GET /routes HTTP/1.1" 200 OK
auth-service-1         | INFO:     151.101.0.223:55396 - "GET /health HTTP/1.1" 200 OK
management-api-1       | INFO:     151.101.0.223:47766 - "GET /health HTTP/1.1" 200 OK
envoy-control-plane-1  | INFO:     172.18.0.7:50294 - "GET /snapshot/routes HTTP/1.1" 200 OK
management-api-1       | INFO:     172.18.0.9:38202 - "GET /routes?gateway_type=kong&status=active HTTP/1.1" 200 OK
management-api-1       | INFO:     172.18.0.3:35308 - "GET /routes?gateway_type=envoy&status=active HTTP/1.1" 200 OK
kong-admin-proxy-1     | INFO:     172.18.0.7:53910 - "GET /sync-status/routes HTTP/1.1" 200 OK
envoy-control-plane-1  | INFO:     172.18.0.10:54720 - "POST /v3/discovery%3Aroutes HTTP/1.1" 200 OK
auth-service-1         | INFO:     151.101.0.223:55396 - "GET /sessions HTTP/1.1" 200 OK
management-api-1       | INFO:     151.101.0.223:47766 - "GET /routes HTTP/1.1" 200 OK
management-api-1       | INFO:     151.101.0.223:34067 - "GET /drift HTTP/1.1" 200 OK
auth-service-1         | INFO:     151.101.0.223:55396 - "GET /health HTTP/1.1" 200 OK
management-api-1       | INFO:     151.101.0.223:34067 - "GET /health HTTP/1.1" 200 OK
envoy-control-plane-1  | INFO:     172.18.0.10:54720 - "POST /v3/discovery%3Alisteners HTTP/1.1" 200 OK
management-api-1       | INFO:     172.18.0.9:38206 - "GET /routes?gateway_type=kong&status=active HTTP/1.1" 200 OK
management-api-1       | INFO:     172.18.0.3:35322 - "GET /routes?gateway_type=envoy&status=active HTTP/1.1" 200 OK
envoy-control-plane-1  | INFO:     172.18.0.10:54720 - "POST /v3/discovery%3Aclusters HTTP/1.1" 200 OK
gateway-envoy-1        | [2026-03-21 21:39:41.360][1][info][upstream] [source/common/upstream/cds_api_helper.cc:32] cds: add 6 cluster(s), remove 1 cluster(s)
gateway-envoy-1        | [2026-03-21 21:39:41.360][1][info][upstream] [source/common/upstream/cds_api_helper.cc:71] cds: added/updated 0 cluster(s), skipped 6 unmodified cluster(s)
auth-service-1         | INFO:     151.101.0.223:56799 - "GET /sessions HTTP/1.1" 200 OK
management-api-1       | INFO:     151.101.0.223:34067 - "GET /routes HTTP/1.1" 200 OK
management-api-1       | INFO:     151.101.0.223:28705 - "GET /drift HTTP/1.1" 200 OK
auth-service-1         | INFO:     151.101.0.223:56799 - "GET /health HTTP/1.1" 200 OK
management-api-1       | INFO:     151.101.0.223:28705 - "GET /health HTTP/1.1" 200 OK
envoy-control-plane-1  | INFO:     172.18.0.7:38090 - "GET /snapshot/routes HTTP/1.1" 200 OK
management-api-1       | INFO:     172.18.0.9:42822 - "GET /routes?gateway_type=kong&status=active HTTP/1.1" 200 OK
management-api-1       | INFO:     172.18.0.3:60786 - "GET /routes?gateway_type=envoy&status=active HTTP/1.1" 200 OK
kong-admin-proxy-1     | INFO:     172.18.0.7:37556 - "GET /sync-status/routes HTTP/1.1" 200 OK
envoy-control-plane-1  | INFO:     172.18.0.10:54720 - "POST /v3/discovery%3Alisteners HTTP/1.1" 200 OK
envoy-control-plane-1  | INFO:     172.18.0.10:54720 - "POST /v3/discovery%3Aroutes HTTP/1.1" 200 OK
auth-service-1         | INFO:     151.101.0.223:56799 - "GET /sessions HTTP/1.1" 200 OK
management-api-1       | INFO:     151.101.0.223:28705 - "GET /routes HTTP/1.1" 200 OK
management-api-1       | INFO:     151.101.0.223:34067 - "GET /drift HTTP/1.1" 200 OK
auth-service-1         | INFO:     151.101.0.223:56799 - "GET /health HTTP/1.1" 200 OK
management-api-1       | INFO:     151.101.0.223:28705 - "GET /health HTTP/1.1" 200 OK
envoy-control-plane-1  | INFO:     172.18.0.10:54720 - "POST /v3/discovery%3Aclusters HTTP/1.1" 200 OK
gateway-envoy-1        | [2026-03-21 21:39:50.566][1][info][upstream] [source/common/upstream/cds_api_helper.cc:32] cds: add 6 cluster(s), remove 1 cluster(s)
gateway-envoy-1        | [2026-03-21 21:39:50.566][1][info][upstream] [source/common/upstream/cds_api_helper.cc:71] cds: added/updated 0 cluster(s), skipped 6 unmodified cluster(s)
management-api-1       | INFO:     172.18.0.9:42828 - "GET /routes?gateway_type=kong&status=active HTTP/1.1" 200 OK
management-api-1       | INFO:     172.18.0.3:60802 - "GET /routes?gateway_type=envoy&status=active HTTP/1.1" 200 OK
envoy-control-plane-1  | INFO:     172.18.0.10:54720 - "POST /v3/discovery%3Alisteners HTTP/1.1" 200 OK
auth-service-1         | INFO:     151.101.0.223:56799 - "GET /sessions HTTP/1.1" 200 OK
