management-api-1       | INFO:     172.18.0.9:33992 - "GET /routes?gateway_type=kong&status=active HTTP/1.1" 200 OK
management-api-1       | INFO:     172.18.0.3:33998 - "GET /routes?gateway_type=envoy&status=active HTTP/1.1" 200 OK
auth-service-1         | INFO:     151.101.0.223:55396 - "GET /sessions HTTP/1.1" 200 OK
management-api-1       | INFO:     151.101.0.223:47766 - "GET /drift HTTP/1.1" 200 OK
management-api-1       | INFO:     151.101.0.223:28718 - "GET /routes HTTP/1.1" 200 OK
auth-service-1         | INFO:     151.101.0.223:55396 - "GET /health HTTP/1.1" 200 OK
management-api-1       | INFO:     151.101.0.223:28718 - "GET /health HTTP/1.1" 200 OK
management-api-1       | INFO:     172.18.0.3:40250 - "GET /routes?gateway_type=envoy&status=active HTTP/1.1" 200 OK
management-api-1       | INFO:     172.18.0.9:40228 - "GET /routes?gateway_type=kong&status=active HTTP/1.1" 200 OK
envoy-control-plane-1  | INFO:     172.18.0.7:50972 - "GET /snapshot/routes HTTP/1.1" 200 OK
kong-admin-proxy-1     | INFO:     172.18.0.7:48546 - "GET /sync-status/routes HTTP/1.1" 200 OK
envoy-control-plane-1  | INFO:     172.18.0.10:42362 - "POST /v3/discovery%3Aroutes HTTP/1.1" 200 OK
envoy-control-plane-1  | INFO:     172.18.0.10:42362 - "POST /v3/discovery%3Aclusters HTTP/1.1" 200 OK
gateway-envoy-1        | [2026-03-21 21:32:55.121][1][info][upstream] [source/common/upstream/cds_api_helper.cc:32] cds: add 6 cluster(s), remove 1 cluster(s)
gateway-envoy-1        | [2026-03-21 21:32:55.121][1][info][upstream] [source/common/upstream/cds_api_helper.cc:71] cds: added/updated 0 cluster(s), skipped 6 unmodified cluster(s)
envoy-control-plane-1  | INFO:     172.18.0.10:42362 - "POST /v3/discovery%3Alisteners HTTP/1.1" 200 OK
auth-service-1         | INFO:     151.101.0.223:55396 - "GET /sessions HTTP/1.1" 200 OK
management-api-1       | INFO:     151.101.0.223:28718 - "GET /routes HTTP/1.1" 200 OK
management-api-1       | INFO:     151.101.0.223:47766 - "GET /drift HTTP/1.1" 200 OK
auth-service-1         | INFO:     151.101.0.223:55396 - "GET /health HTTP/1.1" 200 OK
management-api-1       | INFO:     151.101.0.223:28718 - "GET /health HTTP/1.1" 200 OK
management-api-1       | INFO:     172.18.0.9:40242 - "GET /routes?gateway_type=kong&status=active HTTP/1.1" 200 OK
management-api-1       | INFO:     172.18.0.3:40254 - "GET /routes?gateway_type=envoy&status=active HTTP/1.1" 200 OK
auth-service-1         | INFO:     151.101.0.223:55396 - "GET /sessions HTTP/1.1" 200 OK
management-api-1       | INFO:     151.101.0.223:28718 - "GET /routes HTTP/1.1" 200 OK
management-api-1       | INFO:     151.101.0.223:47766 - "GET /drift HTTP/1.1" 200 OK
envoy-control-plane-1  | INFO:     172.18.0.10:54288 - "POST /v3/discovery%3Aclusters HTTP/1.1" 200 OK
auth-service-1         | INFO:     151.101.0.223:55396 - "GET /health HTTP/1.1" 200 OK
gateway-envoy-1        | [2026-03-21 21:33:02.482][1][info][upstream] [source/common/upstream/cds_api_helper.cc:32] cds: add 6 cluster(s), remove 1 cluster(s)
gateway-envoy-1        | [2026-03-21 21:33:02.482][1][info][upstream] [source/common/upstream/cds_api_helper.cc:71] cds: added/updated 0 cluster(s), skipped 6 unmodified cluster(s)
management-api-1       | INFO:     151.101.0.223:47766 - "GET /health HTTP/1.1" 200 OK
envoy-control-plane-1  | INFO:     172.18.0.10:54288 - "POST /v3/discovery%3Alisteners HTTP/1.1" 200 OK
envoy-control-plane-1  | INFO:     172.18.0.10:54288 - "POST /v3/discovery%3Aroutes HTTP/1.1" 200 OK
management-api-1       | INFO:     172.18.0.9:50356 - "GET /routes?gateway_type=kong&status=active HTTP/1.1" 200 OK
envoy-control-plane-1  | INFO:     172.18.0.7:59644 - "GET /snapshot/routes HTTP/1.1" 200 OK
management-api-1       | INFO:     172.18.0.3:57718 - "GET /routes?gateway_type=envoy&status=active HTTP/1.1" 200 OK
kong-admin-proxy-1     | INFO:     172.18.0.7:34818 - "GET /sync-status/routes HTTP/1.1" 200 OK
auth-service-1         | INFO:     151.101.0.223:55396 - "GET /sessions HTTP/1.1" 200 OK
management-api-1       | INFO:     151.101.0.223:47766 - "GET /routes HTTP/1.1" 200 OK
management-api-1       | INFO:     151.101.0.223:28718 - "GET /drift HTTP/1.1" 200 OK
auth-service-1         | INFO:     151.101.0.223:55396 - "GET /health HTTP/1.1" 200 OK
management-api-1       | INFO:     151.101.0.223:28718 - "GET /health HTTP/1.1" 200 OK
management-api-1       | INFO:     172.18.0.9:50370 - "GET /routes?gateway_type=kong&status=active HTTP/1.1" 200 OK
management-api-1       | INFO:     172.18.0.3:57728 - "GET /routes?gateway_type=envoy&status=active HTTP/1.1" 200 OK
envoy-control-plane-1  | INFO:     172.18.0.10:54302 - "POST /v3/discovery%3Aroutes HTTP/1.1" 200 OK
envoy-control-plane-1  | INFO:     172.18.0.10:54302 - "POST /v3/discovery%3Aclusters HTTP/1.1" 200 OK
gateway-envoy-1        | [2026-03-21 21:33:12.006][1][info][upstream] [source/common/upstream/cds_api_helper.cc:32] cds: add 6 cluster(s), remove 1 cluster(s)
gateway-envoy-1        | [2026-03-21 21:33:12.007][1][info][upstream] [source/common/upstream/cds_api_helper.cc:71] cds: added/updated 0 cluster(s), skipped 6 unmodified cluster(s)
auth-service-1         | INFO:     151.101.0.223:55396 - "GET /sessions HTTP/1.1" 200 OK
management-api-1       | INFO:     151.101.0.223:28718 - "GET /routes HTTP/1.1" 200 OK
management-api-1       | INFO:     151.101.0.223:47766 - "GET /drift HTTP/1.1" 200 OK
auth-service-1         | INFO:     151.101.0.223:55396 - "GET /health HTTP/1.1" 200 OK
management-api-1       | INFO:     151.101.0.223:28718 - "GET /health HTTP/1.1" 200 OK
envoy-control-plane-1  | INFO:     172.18.0.10:54302 - "POST /v3/discovery%3Alisteners HTTP/1.1" 200 OK
management-api-1       | INFO:     172.18.0.3:37808 - "GET /routes?gateway_type=envoy&status=active HTTP/1.1" 200 OK
management-api-1       | INFO:     172.18.0.9:48724 - "GET /routes?gateway_type=kong&status=active HTTP/1.1" 200 OK
envoy-control-plane-1  | INFO:     172.18.0.7:33112 - "GET /snapshot/routes HTTP/1.1" 200 OK
kong-admin-proxy-1     | INFO:     172.18.0.7:57176 - "GET /sync-status/routes HTTP/1.1" 200 OK
envoy-control-plane-1  | INFO:     172.18.0.10:54302 - "POST /v3/discovery%3Aroutes HTTP/1.1" 200 OK
auth-service-1         | INFO:     151.101.0.223:55396 - "GET /sessions HTTP/1.1" 200 OK
management-api-1       | INFO:     151.101.0.223:47766 - "GET /drift HTTP/1.1" 200 OK
management-api-1       | INFO:     151.101.0.223:28718 - "GET /routes HTTP/1.1" 200 OK
auth-service-1         | INFO:     151.101.0.223:55396 - "GET /health HTTP/1.1" 200 OK
management-api-1       | INFO:     151.101.0.223:47766 - "GET /health HTTP/1.1" 200 OK
envoy-control-plane-1  | INFO:     172.18.0.10:54302 - "POST /v3/discovery%3Aclusters HTTP/1.1" 200 OK
gateway-envoy-1        | [2026-03-21 21:33:18.461][1][info][upstream] [source/common/upstream/cds_api_helper.cc:32] cds: add 6 cluster(s), remove 1 cluster(s)
gateway-envoy-1        | [2026-03-21 21:33:18.461][1][info][upstream] [source/common/upstream/cds_api_helper.cc:71] cds: added/updated 0 cluster(s), skipped 6 unmodified cluster(s)
management-api-1       | INFO:     172.18.0.9:48740 - "GET /routes?gateway_type=kong&status=active HTTP/1.1" 200 OK
management-api-1       | INFO:     172.18.0.3:37814 - "GET /routes?gateway_type=envoy&status=active HTTP/1.1" 200 OK
envoy-control-plane-1  | INFO:     172.18.0.10:54302 - "POST /v3/discovery%3Alisteners HTTP/1.1" 200 OK
auth-service-1         | INFO:     151.101.0.223:55396 - "GET /sessions HTTP/1.1" 200 OK
management-api-1       | INFO:     151.101.0.223:47766 - "GET /routes HTTP/1.1" 200 OK
management-api-1       | INFO:     151.101.0.223:28718 - "GET /drift HTTP/1.1" 200 OK
auth-service-1         | INFO:     151.101.0.223:55396 - "GET /health HTTP/1.1" 200 OK
management-api-1       | INFO:     151.101.0.223:47766 - "GET /health HTTP/1.1" 200 OK
envoy-control-plane-1  | INFO:     172.18.0.10:54302 - "POST /v3/discovery%3Aroutes HTTP/1.1" 200 OK
management-api-1       | INFO:     172.18.0.3:37042 - "GET /routes?gateway_type=envoy&status=active HTTP/1.1" 200 OK
management-api-1       | INFO:     172.18.0.9:48336 - "GET /routes?gateway_type=kong&status=active HTTP/1.1" 200 OK
envoy-control-plane-1  | INFO:     172.18.0.7:44116 - "GET /snapshot/routes HTTP/1.1" 200 OK
kong-admin-proxy-1     | INFO:     172.18.0.7:34782 - "GET /sync-status/routes HTTP/1.1" 200 OK
envoy-control-plane-1  | INFO:     172.18.0.10:54302 - "POST /v3/discovery%3Aclusters HTTP/1.1" 200 OK
gateway-envoy-1        | [2026-03-21 21:33:25.463][1][info][upstream] [source/common/upstream/cds_api_helper.cc:32] cds: add 6 cluster(s), remove 1 cluster(s)
gateway-envoy-1        | [2026-03-21 21:33:25.463][1][info][upstream] [source/common/upstream/cds_api_helper.cc:71] cds: added/updated 0 cluster(s), skipped 6 unmodified cluster(s)
auth-service-1         | INFO:     151.101.0.223:55396 - "GET /sessions HTTP/1.1" 200 OK
management-api-1       | INFO:     151.101.0.223:47766 - "GET /routes HTTP/1.1" 200 OK
management-api-1       | INFO:     151.101.0.223:28718 - "GET /drift HTTP/1.1" 200 OK
auth-service-1         | INFO:     151.101.0.223:55396 - "GET /health HTTP/1.1" 200 OK
management-api-1       | INFO:     151.101.0.223:47766 - "GET /health HTTP/1.1" 200 OK
envoy-control-plane-1  | INFO:     172.18.0.10:54302 - "POST /v3/discovery%3Alisteners HTTP/1.1" 200 OK
management-api-1       | INFO:     172.18.0.3:37046 - "GET /routes?gateway_type=envoy&status=active HTTP/1.1" 200 OK
management-api-1       | INFO:     172.18.0.9:48344 - "GET /routes?gateway_type=kong&status=active HTTP/1.1" 200 OK
envoy-control-plane-1  | INFO:     172.18.0.10:54302 - "POST /v3/discovery%3Aroutes HTTP/1.1" 200 OK
envoy-control-plane-1  | INFO:     172.18.0.10:54302 - "POST /v3/discovery%3Aclusters HTTP/1.1" 200 OK
gateway-envoy-1        | [2026-03-21 21:33:31.801][1][info][upstream] [source/common/upstream/cds_api_helper.cc:32] cds: add 6 cluster(s), remove 1 cluster(s)
gateway-envoy-1        | [2026-03-21 21:33:31.801][1][info][upstream] [source/common/upstream/cds_api_helper.cc:71] cds: added/updated 0 cluster(s), skipped 6 unmodified cluster(s)
auth-service-1         | INFO:     151.101.0.223:55396 - "GET /sessions HTTP/1.1" 200 OK
management-api-1       | INFO:     151.101.0.223:28718 - "GET /drift HTTP/1.1" 200 OK
management-api-1       | INFO:     151.101.0.223:47766 - "GET /routes HTTP/1.1" 200 OK
auth-service-1         | INFO:     151.101.0.223:55396 - "GET /health HTTP/1.1" 200 OK
management-api-1       | INFO:     151.101.0.223:28718 - "GET /health HTTP/1.1" 200 OK
management-api-1       | INFO:     172.18.0.9:39458 - "GET /routes?gateway_type=kong&status=active HTTP/1.1" 200 OK
management-api-1       | INFO:     172.18.0.3:56222 - "GET /routes?gateway_type=envoy&status=active HTTP/1.1" 200 OK
envoy-control-plane-1  | INFO:     172.18.0.7:38774 - "GET /snapshot/routes HTTP/1.1" 200 OK
kong-admin-proxy-1     | INFO:     172.18.0.7:45438 - "GET /sync-status/routes HTTP/1.1" 200 OK
envoy-control-plane-1  | INFO:     172.18.0.10:54302 - "POST /v3/discovery%3Aroutes HTTP/1.1" 200 OK
envoy-control-plane-1  | INFO:     172.18.0.10:54302 - "POST /v3/discovery%3Alisteners HTTP/1.1" 200 OK
auth-service-1         | INFO:     151.101.0.223:55396 - "GET /sessions HTTP/1.1" 200 OK
management-api-1       | INFO:     151.101.0.223:47766 - "GET /drift HTTP/1.1" 200 OK
management-api-1       | INFO:     151.101.0.223:28718 - "GET /routes HTTP/1.1" 200 OK
auth-service-1         | INFO:     151.101.0.223:55396 - "GET /health HTTP/1.1" 200 OK
management-api-1       | INFO:     151.101.0.223:28718 - "GET /health HTTP/1.1" 200 OK
management-api-1       | INFO:     172.18.0.9:39474 - "GET /routes?gateway_type=kong&status=active HTTP/1.1" 200 OK
management-api-1       | INFO:     172.18.0.3:56230 - "GET /routes?gateway_type=envoy&status=active HTTP/1.1" 200 OK
envoy-control-plane-1  | INFO:     172.18.0.10:54302 - "POST /v3/discovery%3Aclusters HTTP/1.1" 200 OK
gateway-envoy-1        | [2026-03-21 21:33:41.241][1][info][upstream] [source/common/upstream/cds_api_helper.cc:32] cds: add 6 cluster(s), remove 1 cluster(s)
gateway-envoy-1        | [2026-03-21 21:33:41.241][1][info][upstream] [source/common/upstream/cds_api_helper.cc:71] cds: added/updated 0 cluster(s), skipped 6 unmodified cluster(s)
envoy-control-plane-1  | INFO:     172.18.0.10:54302 - "POST /v3/discovery%3Aroutes HTTP/1.1" 200 OK
auth-service-1         | INFO:     151.101.0.223:55396 - "GET /sessions HTTP/1.1" 200 OK
management-api-1       | INFO:     151.101.0.223:47766 - "GET /drift HTTP/1.1" 200 OK
management-api-1       | INFO:     151.101.0.223:28718 - "GET /routes HTTP/1.1" 200 OK
auth-service-1         | INFO:     151.101.0.223:55396 - "GET /health HTTP/1.1" 200 OK
management-api-1       | INFO:     151.101.0.223:28718 - "GET /health HTTP/1.1" 200 OK
envoy-control-plane-1  | INFO:     172.18.0.7:34308 - "GET /snapshot/routes HTTP/1.1" 200 OK
management-api-1       | INFO:     172.18.0.9:52682 - "GET /routes?gateway_type=kong&status=active HTTP/1.1" 200 OK
management-api-1       | INFO:     172.18.0.3:60756 - "GET /routes?gateway_type=envoy&status=active HTTP/1.1" 200 OK
kong-admin-proxy-1     | INFO:     172.18.0.7:45848 - "GET /sync-status/routes HTTP/1.1" 200 OK
envoy-control-plane-1  | INFO:     172.18.0.10:54302 - "POST /v3/discovery%3Alisteners HTTP/1.1" 200 OK
auth-service-1         | INFO:     151.101.0.223:55396 - "GET /sessions HTTP/1.1" 200 OK
management-api-1       | INFO:     151.101.0.223:28718 - "GET /routes HTTP/1.1" 200 OK
management-api-1       | INFO:     151.101.0.223:47766 - "GET /drift HTTP/1.1" 200 OK
auth-service-1         | INFO:     151.101.0.223:55396 - "GET /health HTTP/1.1" 200 OK
management-api-1       | INFO:     151.101.0.223:47766 - "GET /health HTTP/1.1" 200 OK
management-api-1       | INFO:     172.18.0.9:52692 - "GET /routes?gateway_type=kong&status=active HTTP/1.1" 200 OK
management-api-1       | INFO:     172.18.0.3:60768 - "GET /routes?gateway_type=envoy&status=active HTTP/1.1" 200 OK
envoy-control-plane-1  | INFO:     172.18.0.10:54302 - "POST /v3/discovery%3Aclusters HTTP/1.1" 200 OK
gateway-envoy-1        | [2026-03-21 21:33:49.631][1][info][upstream] [source/common/upstream/cds_api_helper.cc:32] cds: add 6 cluster(s), remove 1 cluster(s)
gateway-envoy-1        | [2026-03-21 21:33:49.631][1][info][upstream] [source/common/upstream/cds_api_helper.cc:71] cds: added/updated 0 cluster(s), skipped 6 unmodified cluster(s)
envoy-control-plane-1  | INFO:     172.18.0.10:54302 - "POST /v3/discovery%3Aroutes HTTP/1.1" 200 OK
auth-service-1         | INFO:     151.101.0.223:55396 - "GET /sessions HTTP/1.1" 200 OK
management-api-1       | INFO:     151.101.0.223:28718 - "GET /drift HTTP/1.1" 200 OK
management-api-1       | INFO:     151.101.0.223:47766 - "GET /routes HTTP/1.1" 200 OK
auth-service-1         | INFO:     151.101.0.223:55396 - "GET /health HTTP/1.1" 200 OK
management-api-1       | INFO:     151.101.0.223:47766 - "GET /health HTTP/1.1" 200 OK
envoy-control-plane-1  | INFO:     172.18.0.10:54302 - "POST /v3/discovery%3Alisteners HTTP/1.1" 200 OK
envoy-control-plane-1  | INFO:     172.18.0.7:59684 - "GET /snapshot/routes HTTP/1.1" 200 OK
management-api-1       | INFO:     172.18.0.3:34700 - "GET /routes?gateway_type=envoy&status=active HTTP/1.1" 200 OK
management-api-1       | INFO:     172.18.0.9:37788 - "GET /routes?gateway_type=kong&status=active HTTP/1.1" 200 OK
kong-admin-proxy-1     | INFO:     172.18.0.7:39922 - "GET /sync-status/routes HTTP/1.1" 200 OK
auth-service-1         | INFO:     151.101.0.223:55396 - "GET /sessions HTTP/1.1" 200 OK
management-api-1       | INFO:     151.101.0.223:28718 - "GET /drift HTTP/1.1" 200 OK
management-api-1       | INFO:     151.101.0.223:47766 - "GET /routes HTTP/1.1" 200 OK
auth-service-1         | INFO:     151.101.0.223:55396 - "GET /health HTTP/1.1" 200 OK
management-api-1       | INFO:     151.101.0.223:47766 - "GET /health HTTP/1.1" 200 OK
envoy-control-plane-1  | INFO:     172.18.0.10:54302 - "POST /v3/discovery%3Aclusters HTTP/1.1" 200 OK
gateway-envoy-1        | [2026-03-21 21:33:58.184][1][info][upstream] [source/common/upstream/cds_api_helper.cc:32] cds: add 6 cluster(s), remove 1 cluster(s)
gateway-envoy-1        | [2026-03-21 21:33:58.184][1][info][upstream] [source/common/upstream/cds_api_helper.cc:71] cds: added/updated 0 cluster(s), skipped 6 unmodified cluster(s)
management-api-1       | INFO:     172.18.0.3:34714 - "GET /routes?gateway_type=envoy&status=active HTTP/1.1" 200 OK
management-api-1       | INFO:     172.18.0.9:37792 - "GET /routes?gateway_type=kong&status=active HTTP/1.1" 200 OK
envoy-control-plane-1  | INFO:     172.18.0.10:54302 - "POST /v3/discovery%3Aroutes HTTP/1.1" 200 OK
envoy-control-plane-1  | INFO:     172.18.0.10:54302 - "POST /v3/discovery%3Alisteners HTTP/1.1" 200 OK
auth-service-1         | INFO:     151.101.0.223:55396 - "GET /sessions HTTP/1.1" 200 OK
management-api-1       | INFO:     151.101.0.223:28718 - "GET /drift HTTP/1.1" 200 OK
management-api-1       | INFO:     151.101.0.223:47766 - "GET /routes HTTP/1.1" 200 OK
auth-service-1         | INFO:     151.101.0.223:55396 - "GET /health HTTP/1.1" 200 OK
management-api-1       | INFO:     151.101.0.223:47766 - "GET /health HTTP/1.1" 200 OK
envoy-control-plane-1  | INFO:     172.18.0.10:54302 - "POST /v3/discovery%3Aclusters HTTP/1.1" 200 OK
gateway-envoy-1        | [2026-03-21 21:34:03.507][1][info][upstream] [source/common/upstream/cds_api_helper.cc:32] cds: add 6 cluster(s), remove 1 cluster(s)
gateway-envoy-1        | [2026-03-21 21:34:03.507][1][info][upstream] [source/common/upstream/cds_api_helper.cc:71] cds: added/updated 0 cluster(s), skipped 6 unmodified cluster(s)
envoy-control-plane-1  | INFO:     172.18.0.7:49450 - "GET /snapshot/routes HTTP/1.1" 200 OK
management-api-1       | INFO:     172.18.0.3:37420 - "GET /routes?gateway_type=envoy&status=active HTTP/1.1" 200 OK
management-api-1       | INFO:     172.18.0.9:55112 - "GET /routes?gateway_type=kong&status=active HTTP/1.1" 200 OK
kong-admin-proxy-1     | INFO:     172.18.0.7:42848 - "GET /sync-status/routes HTTP/1.1" 200 OK
auth-service-1         | INFO:     151.101.0.223:55396 - "GET /sessions HTTP/1.1" 200 OK
management-api-1       | INFO:     151.101.0.223:47766 - "GET /routes HTTP/1.1" 200 OK
management-api-1       | INFO:     151.101.0.223:28718 - "GET /drift HTTP/1.1" 200 OK
auth-service-1         | INFO:     151.101.0.223:55396 - "GET /health HTTP/1.1" 200 OK
management-api-1       | INFO:     151.101.0.223:47766 - "GET /health HTTP/1.1" 200 OK
envoy-control-plane-1  | INFO:     172.18.0.10:54302 - "POST /v3/discovery%3Aroutes HTTP/1.1" 200 OK
envoy-control-plane-1  | INFO:     172.18.0.10:54302 - "POST /v3/discovery%3Aclusters HTTP/1.1" 200 OK
gateway-envoy-1        | [2026-03-21 21:34:09.257][1][info][upstream] [source/common/upstream/cds_api_helper.cc:32] cds: add 6 cluster(s), remove 1 cluster(s)
gateway-envoy-1        | [2026-03-21 21:34:09.257][1][info][upstream] [source/common/upstream/cds_api_helper.cc:71] cds: added/updated 0 cluster(s), skipped 6 unmodified cluster(s)
management-api-1       | INFO:     172.18.0.3:37434 - "GET /routes?gateway_type=envoy&status=active HTTP/1.1" 200 OK
management-api-1       | INFO:     172.18.0.9:55120 - "GET /routes?gateway_type=kong&status=active HTTP/1.1" 200 OK
envoy-control-plane-1  | INFO:     172.18.0.10:54302 - "POST /v3/discovery%3Alisteners HTTP/1.1" 200 OK
auth-service-1         | INFO:     151.101.0.223:55396 - "GET /sessions HTTP/1.1" 200 OK
management-api-1       | INFO:     151.101.0.223:28718 - "GET /drift HTTP/1.1" 200 OK
management-api-1       | INFO:     151.101.0.223:47766 - "GET /routes HTTP/1.1" 200 OK
auth-service-1         | INFO:     151.101.0.223:55396 - "GET /health HTTP/1.1" 200 OK
management-api-1       | INFO:     151.101.0.223:47766 - "GET /health HTTP/1.1" 200 OK
management-api-1       | INFO:     172.18.0.9:38458 - "GET /routes?gateway_type=kong&status=active HTTP/1.1" 200 OK
management-api-1       | INFO:     172.18.0.3:57578 - "GET /routes?gateway_type=envoy&status=active HTTP/1.1" 200 OK
envoy-control-plane-1  | INFO:     172.18.0.7:54428 - "GET /snapshot/routes HTTP/1.1" 200 OK
kong-admin-proxy-1     | INFO:     172.18.0.7:33216 - "GET /sync-status/routes HTTP/1.1" 200 OK
envoy-control-plane-1  | INFO:     172.18.0.10:54302 - "POST /v3/discovery%3Aclusters HTTP/1.1" 200 OK
gateway-envoy-1        | [2026-03-21 21:34:15.954][1][info][upstream] [source/common/upstream/cds_api_helper.cc:32] cds: add 6 cluster(s), remove 1 cluster(s)
gateway-envoy-1        | [2026-03-21 21:34:15.954][1][info][upstream] [source/common/upstream/cds_api_helper.cc:71] cds: added/updated 0 cluster(s), skipped 6 unmodified cluster(s)
envoy-control-plane-1  | INFO:     172.18.0.10:54302 - "POST /v3/discovery%3Aroutes HTTP/1.1" 200 OK
auth-service-1         | INFO:     151.101.0.223:55396 - "GET /sessions HTTP/1.1" 200 OK
management-api-1       | INFO:     151.101.0.223:28718 - "GET /drift HTTP/1.1" 200 OK
management-api-1       | INFO:     151.101.0.223:47766 - "GET /routes HTTP/1.1" 200 OK
auth-service-1         | INFO:     151.101.0.223:55396 - "GET /health HTTP/1.1" 200 OK
management-api-1       | INFO:     151.101.0.223:47766 - "GET /health HTTP/1.1" 200 OK
envoy-control-plane-1  | INFO:     172.18.0.10:54302 - "POST /v3/discovery%3Alisteners HTTP/1.1" 200 OK
management-api-1       | INFO:     172.18.0.3:57592 - "GET /routes?gateway_type=envoy&status=active HTTP/1.1" 200 OK
management-api-1       | INFO:     172.18.0.9:38460 - "GET /routes?gateway_type=kong&status=active HTTP/1.1" 200 OK
auth-service-1         | INFO:     151.101.0.223:55396 - "GET /sessions HTTP/1.1" 200 OK
management-api-1       | INFO:     151.101.0.223:28718 - "GET /drift HTTP/1.1" 200 OK
management-api-1       | INFO:     151.101.0.223:47766 - "GET /routes HTTP/1.1" 200 OK
auth-service-1         | INFO:     151.101.0.223:55396 - "GET /health HTTP/1.1" 200 OK
management-api-1       | INFO:     151.101.0.223:47766 - "GET /health HTTP/1.1" 200 OK
envoy-control-plane-1  | INFO:     172.18.0.7:56124 - "GET /snapshot/routes HTTP/1.1" 200 OK
management-api-1       | INFO:     172.18.0.3:55340 - "GET /routes?gateway_type=envoy&status=active HTTP/1.1" 200 OK
management-api-1       | INFO:     172.18.0.9:47238 - "GET /routes?gateway_type=kong&status=active HTTP/1.1" 200 OK
kong-admin-proxy-1     | INFO:     172.18.0.7:60626 - "GET /sync-status/routes HTTP/1.1" 200 OK
envoy-control-plane-1  | INFO:     172.18.0.10:54302 - "POST /v3/discovery%3Aroutes HTTP/1.1" 200 OK
envoy-control-plane-1  | INFO:     172.18.0.10:54302 - "POST /v3/discovery%3Aclusters HTTP/1.1" 200 OK
gateway-envoy-1        | [2026-03-21 21:34:25.012][1][info][upstream] [source/common/upstream/cds_api_helper.cc:32] cds: add 6 cluster(s), remove 1 cluster(s)
gateway-envoy-1        | [2026-03-21 21:34:25.012][1][info][upstream] [source/common/upstream/cds_api_helper.cc:71] cds: added/updated 0 cluster(s), skipped 6 unmodified cluster(s)
envoy-control-plane-1  | INFO:     172.18.0.10:54302 - "POST /v3/discovery%3Alisteners HTTP/1.1" 200 OK
auth-service-1         | INFO:     151.101.0.223:55396 - "GET /sessions HTTP/1.1" 200 OK
management-api-1       | INFO:     151.101.0.223:28718 - "GET /drift HTTP/1.1" 200 OK
management-api-1       | INFO:     151.101.0.223:47766 - "GET /routes HTTP/1.1" 200 OK
auth-service-1         | INFO:     151.101.0.223:55396 - "GET /health HTTP/1.1" 200 OK
management-api-1       | INFO:     151.101.0.223:47766 - "GET /health HTTP/1.1" 200 OK
management-api-1       | INFO:     172.18.0.3:55348 - "GET /routes?gateway_type=envoy&status=active HTTP/1.1" 200 OK
management-api-1       | INFO:     172.18.0.9:47240 - "GET /routes?gateway_type=kong&status=active HTTP/1.1" 200 OK
auth-service-1         | INFO:     151.101.0.223:55396 - "GET /sessions HTTP/1.1" 200 OK
management-api-1       | INFO:     151.101.0.223:28718 - "GET /drift HTTP/1.1" 200 OK
management-api-1       | INFO:     151.101.0.223:47766 - "GET /routes HTTP/1.1" 200 OK
auth-service-1         | INFO:     151.101.0.223:55396 - "GET /health HTTP/1.1" 200 OK
management-api-1       | INFO:     151.101.0.223:28718 - "GET /health HTTP/1.1" 200 OK
envoy-control-plane-1  | INFO:     172.18.0.10:54302 - "POST /v3/discovery%3Aroutes HTTP/1.1" 200 OK
envoy-control-plane-1  | INFO:     172.18.0.10:54302 - "POST /v3/discovery%3Aclusters HTTP/1.1" 200 OK
gateway-envoy-1        | [2026-03-21 21:34:33.856][1][info][upstream] [source/common/upstream/cds_api_helper.cc:32] cds: add 6 cluster(s), remove 1 cluster(s)
gateway-envoy-1        | [2026-03-21 21:34:33.856][1][info][upstream] [source/common/upstream/cds_api_helper.cc:71] cds: added/updated 0 cluster(s), skipped 6 unmodified cluster(s)
envoy-control-plane-1  | INFO:     172.18.0.7:43658 - "GET /snapshot/routes HTTP/1.1" 200 OK
management-api-1       | INFO:     172.18.0.3:45862 - "GET /routes?gateway_type=envoy&status=active HTTP/1.1" 200 OK
management-api-1       | INFO:     172.18.0.9:50074 - "GET /routes?gateway_type=kong&status=active HTTP/1.1" 200 OK
kong-admin-proxy-1     | INFO:     172.18.0.7:55850 - "GET /sync-status/routes HTTP/1.1" 200 OK
envoy-control-plane-1  | INFO:     172.18.0.10:54302 - "POST /v3/discovery%3Alisteners HTTP/1.1" 200 OK
auth-service-1         | INFO:     151.101.0.223:55396 - "GET /sessions HTTP/1.1" 200 OK
management-api-1       | INFO:     151.101.0.223:28718 - "GET /routes HTTP/1.1" 200 OK
management-api-1       | INFO:     151.101.0.223:47766 - "GET /drift HTTP/1.1" 200 OK
auth-service-1         | INFO:     151.101.0.223:55396 - "GET /health HTTP/1.1" 200 OK
management-api-1       | INFO:     151.101.0.223:47766 - "GET /health HTTP/1.1" 200 OK
management-api-1       | INFO:     172.18.0.9:50076 - "GET /routes?gateway_type=kong&status=active HTTP/1.1" 200 OK
management-api-1       | INFO:     172.18.0.3:45874 - "GET /routes?gateway_type=envoy&status=active HTTP/1.1" 200 OK
envoy-control-plane-1  | INFO:     172.18.0.10:54302 - "POST /v3/discovery%3Alisteners HTTP/1.1" 200 OK
envoy-control-plane-1  | INFO:     172.18.0.10:54302 - "POST /v3/discovery%3Aclusters HTTP/1.1" 200 OK
gateway-envoy-1        | [2026-03-21 21:34:41.965][1][info][upstream] [source/common/upstream/cds_api_helper.cc:32] cds: add 6 cluster(s), remove 1 cluster(s)
gateway-envoy-1        | [2026-03-21 21:34:41.965][1][info][upstream] [source/common/upstream/cds_api_helper.cc:71] cds: added/updated 0 cluster(s), skipped 6 unmodified cluster(s)
auth-service-1         | INFO:     151.101.0.223:55396 - "GET /sessions HTTP/1.1" 200 OK
management-api-1       | INFO:     151.101.0.223:28718 - "GET /drift HTTP/1.1" 200 OK
management-api-1       | INFO:     151.101.0.223:47766 - "GET /routes HTTP/1.1" 200 OK
auth-service-1         | INFO:     151.101.0.223:55396 - "GET /health HTTP/1.1" 200 OK
management-api-1       | INFO:     151.101.0.223:47766 - "GET /health HTTP/1.1" 200 OK
envoy-control-plane-1  | INFO:     172.18.0.10:54302 - "POST /v3/discovery%3Aroutes HTTP/1.1" 200 OK
envoy-control-plane-1  | INFO:     172.18.0.7:45946 - "GET /snapshot/routes HTTP/1.1" 200 OK
kong-admin-proxy-1     | INFO:     172.18.0.7:54436 - "GET /sync-status/routes HTTP/1.1" 200 OK
management-api-1       | INFO:     172.18.0.3:37826 - "GET /routes?gateway_type=envoy&status=active HTTP/1.1" 200 OK
management-api-1       | INFO:     172.18.0.9:37922 - "GET /routes?gateway_type=kong&status=active HTTP/1.1" 200 OK
auth-service-1         | INFO:     151.101.0.223:55396 - "GET /sessions HTTP/1.1" 200 OK
management-api-1       | INFO:     151.101.0.223:47766 - "GET /routes HTTP/1.1" 200 OK
management-api-1       | INFO:     151.101.0.223:28718 - "GET /drift HTTP/1.1" 200 OK
auth-service-1         | INFO:     151.101.0.223:55396 - "GET /health HTTP/1.1" 200 OK
management-api-1       | INFO:     151.101.0.223:28718 - "GET /health HTTP/1.1" 200 OK
envoy-control-plane-1  | INFO:     172.18.0.10:54302 - "POST /v3/discovery%3Alisteners HTTP/1.1" 200 OK
envoy-control-plane-1  | INFO:     172.18.0.10:54302 - "POST /v3/discovery%3Aroutes HTTP/1.1" 200 OK
management-api-1       | INFO:     172.18.0.3:37830 - "GET /routes?gateway_type=envoy&status=active HTTP/1.1" 200 OK
management-api-1       | INFO:     172.18.0.9:37932 - "GET /routes?gateway_type=kong&status=active HTTP/1.1" 200 OK
envoy-control-plane-1  | INFO:     172.18.0.10:54302 - "POST /v3/discovery%3Aclusters HTTP/1.1" 200 OK
gateway-envoy-1        | [2026-03-21 21:34:50.442][1][info][upstream] [source/common/upstream/cds_api_helper.cc:32] cds: add 6 cluster(s), remove 1 cluster(s)
gateway-envoy-1        | [2026-03-21 21:34:50.442][1][info][upstream] [source/common/upstream/cds_api_helper.cc:71] cds: added/updated 0 cluster(s), skipped 6 unmodified cluster(s)
auth-service-1         | INFO:     151.101.0.223:55396 - "GET /sessions HTTP/1.1" 200 OK
management-api-1       | INFO:     151.101.0.223:47766 - "GET /drift HTTP/1.1" 200 OK
management-api-1       | INFO:     151.101.0.223:28718 - "GET /routes HTTP/1.1" 200 OK
auth-service-1         | INFO:     151.101.0.223:55396 - "GET /health HTTP/1.1" 200 OK
management-api-1       | INFO:     151.101.0.223:28718 - "GET /health HTTP/1.1" 200 OK
envoy-control-plane-1  | INFO:     172.18.0.10:54302 - "POST /v3/discovery%3Alisteners HTTP/1.1" 200 OK
envoy-control-plane-1  | INFO:     172.18.0.7:36042 - "GET /snapshot/routes HTTP/1.1" 200 OK
management-api-1       | INFO:     172.18.0.9:49410 - "GET /routes?gateway_type=kong&status=active HTTP/1.1" 200 OK
management-api-1       | INFO:     172.18.0.3:56194 - "GET /routes?gateway_type=envoy&status=active HTTP/1.1" 200 OK
kong-admin-proxy-1     | INFO:     172.18.0.7:36178 - "GET /sync-status/routes HTTP/1.1" 200 OK
auth-service-1         | INFO:     151.101.0.223:55396 - "GET /sessions HTTP/1.1" 200 OK
management-api-1       | INFO:     151.101.0.223:47766 - "GET /drift HTTP/1.1" 200 OK
management-api-1       | INFO:     151.101.0.223:28718 - "GET /routes HTTP/1.1" 200 OK
auth-service-1         | INFO:     151.101.0.223:55396 - "GET /health HTTP/1.1" 200 OK
management-api-1       | INFO:     151.101.0.223:28718 - "GET /health HTTP/1.1" 200 OK
envoy-control-plane-1  | INFO:     172.18.0.10:54302 - "POST /v3/discovery%3Aroutes HTTP/1.1" 200 OK
management-api-1       | INFO:     172.18.0.9:49422 - "GET /routes?gateway_type=kong&status=active HTTP/1.1" 200 OK
management-api-1       | INFO:     172.18.0.3:56200 - "GET /routes?gateway_type=envoy&status=active HTTP/1.1" 200 OK
envoy-control-plane-1  | INFO:     172.18.0.10:54302 - "POST /v3/discovery%3Alisteners HTTP/1.1" 200 OK
envoy-control-plane-1  | INFO:     172.18.0.10:54302 - "POST /v3/discovery%3Aclusters HTTP/1.1" 200 OK
gateway-envoy-1        | [2026-03-21 21:35:00.119][1][info][upstream] [source/common/upstream/cds_api_helper.cc:32] cds: add 6 cluster(s), remove 1 cluster(s)
gateway-envoy-1        | [2026-03-21 21:35:00.119][1][info][upstream] [source/common/upstream/cds_api_helper.cc:71] cds: added/updated 0 cluster(s), skipped 6 unmodified cluster(s)
auth-service-1         | INFO:     151.101.0.223:55396 - "GET /sessions HTTP/1.1" 200 OK
management-api-1       | INFO:     151.101.0.223:28718 - "GET /routes HTTP/1.1" 200 OK
management-api-1       | INFO:     151.101.0.223:47766 - "GET /drift HTTP/1.1" 200 OK
auth-service-1         | INFO:     151.101.0.223:55396 - "GET /health HTTP/1.1" 200 OK
management-api-1       | INFO:     151.101.0.223:47766 - "GET /health HTTP/1.1" 200 OK
envoy-control-plane-1  | INFO:     172.18.0.7:52638 - "GET /snapshot/routes HTTP/1.1" 200 OK
management-api-1       | INFO:     172.18.0.3:44096 - "GET /routes?gateway_type=envoy&status=active HTTP/1.1" 200 OK
management-api-1       | INFO:     172.18.0.9:52190 - "GET /routes?gateway_type=kong&status=active HTTP/1.1" 200 OK
kong-admin-proxy-1     | INFO:     172.18.0.7:54970 - "GET /sync-status/routes HTTP/1.1" 200 OK
envoy-control-plane-1  | INFO:     172.18.0.10:54302 - "POST /v3/discovery%3Aroutes HTTP/1.1" 200 OK
auth-service-1         | INFO:     151.101.0.223:55396 - "GET /sessions HTTP/1.1" 200 OK
management-api-1       | INFO:     151.101.0.223:28718 - "GET /drift HTTP/1.1" 200 OK
management-api-1       | INFO:     151.101.0.223:47766 - "GET /routes HTTP/1.1" 200 OK
auth-service-1         | INFO:     151.101.0.223:55396 - "GET /health HTTP/1.1" 200 OK
management-api-1       | INFO:     151.101.0.223:28718 - "GET /health HTTP/1.1" 200 OK
envoy-control-plane-1  | INFO:     172.18.0.10:54302 - "POST /v3/discovery%3Alisteners HTTP/1.1" 200 OK
envoy-control-plane-1  | INFO:     172.18.0.10:54302 - "POST /v3/discovery%3Aclusters HTTP/1.1" 200 OK
gateway-envoy-1        | [2026-03-21 21:35:08.792][1][info][upstream] [source/common/upstream/cds_api_helper.cc:32] cds: add 6 cluster(s), remove 1 cluster(s)
gateway-envoy-1        | [2026-03-21 21:35:08.793][1][info][upstream] [source/common/upstream/cds_api_helper.cc:71] cds: added/updated 0 cluster(s), skipped 6 unmodified cluster(s)
management-api-1       | INFO:     172.18.0.9:52202 - "GET /routes?gateway_type=kong&status=active HTTP/1.1" 200 OK
management-api-1       | INFO:     172.18.0.3:44100 - "GET /routes?gateway_type=envoy&status=active HTTP/1.1" 200 OK
envoy-control-plane-1  | INFO:     172.18.0.10:54302 - "POST /v3/discovery%3Aroutes HTTP/1.1" 200 OK
auth-service-1         | INFO:     151.101.0.223:55396 - "GET /sessions HTTP/1.1" 200 OK
management-api-1       | INFO:     151.101.0.223:28718 - "GET /routes HTTP/1.1" 200 OK
management-api-1       | INFO:     151.101.0.223:47766 - "GET /drift HTTP/1.1" 200 OK
auth-service-1         | INFO:     151.101.0.223:55396 - "GET /health HTTP/1.1" 200 OK
management-api-1       | INFO:     151.101.0.223:47766 - "GET /health HTTP/1.1" 200 OK
envoy-control-plane-1  | INFO:     172.18.0.10:54302 - "POST /v3/discovery%3Alisteners HTTP/1.1" 200 OK
envoy-control-plane-1  | INFO:     172.18.0.7:44134 - "GET /snapshot/routes HTTP/1.1" 200 OK
management-api-1       | INFO:     172.18.0.3:37428 - "GET /routes?gateway_type=envoy&status=active HTTP/1.1" 200 OK
management-api-1       | INFO:     172.18.0.9:55368 - "GET /routes?gateway_type=kong&status=active HTTP/1.1" 200 OK
kong-admin-proxy-1     | INFO:     172.18.0.7:54828 - "GET /sync-status/routes HTTP/1.1" 200 OK
envoy-control-plane-1  | INFO:     172.18.0.10:54302 - "POST /v3/discovery%3Aclusters HTTP/1.1" 200 OK
gateway-envoy-1        | [2026-03-21 21:35:15.886][1][info][upstream] [source/common/upstream/cds_api_helper.cc:32] cds: add 6 cluster(s), remove 1 cluster(s)
gateway-envoy-1        | [2026-03-21 21:35:15.886][1][info][upstream] [source/common/upstream/cds_api_helper.cc:71] cds: added/updated 0 cluster(s), skipped 6 unmodified cluster(s)
auth-service-1         | INFO:     151.101.0.223:55396 - "GET /sessions HTTP/1.1" 200 OK
management-api-1       | INFO:     151.101.0.223:47766 - "GET /routes HTTP/1.1" 200 OK
management-api-1       | INFO:     151.101.0.223:28718 - "GET /drift HTTP/1.1" 200 OK
auth-service-1         | INFO:     151.101.0.223:55396 - "GET /health HTTP/1.1" 200 OK
management-api-1       | INFO:     151.101.0.223:28718 - "GET /health HTTP/1.1" 200 OK
envoy-control-plane-1  | INFO:     172.18.0.10:54302 - "POST /v3/discovery%3Aroutes HTTP/1.1" 200 OK
management-api-1       | INFO:     172.18.0.3:37440 - "GET /routes?gateway_type=envoy&status=active HTTP/1.1" 200 OK
management-api-1       | INFO:     172.18.0.9:55380 - "GET /routes?gateway_type=kong&status=active HTTP/1.1" 200 OK
envoy-control-plane-1  | INFO:     172.18.0.10:54302 - "POST /v3/discovery%3Aclusters HTTP/1.1" 200 OK
gateway-envoy-1        | [2026-03-21 21:35:21.263][1][info][upstream] [source/common/upstream/cds_api_helper.cc:32] cds: add 6 cluster(s), remove 1 cluster(s)
gateway-envoy-1        | [2026-03-21 21:35:21.263][1][info][upstream] [source/common/upstream/cds_api_helper.cc:71] cds: added/updated 0 cluster(s), skipped 6 unmodified cluster(s)
auth-service-1         | INFO:     151.101.0.223:55396 - "GET /sessions HTTP/1.1" 200 OK
management-api-1       | INFO:     151.101.0.223:28718 - "GET /routes HTTP/1.1" 200 OK
management-api-1       | INFO:     151.101.0.223:47766 - "GET /drift HTTP/1.1" 200 OK
auth-service-1         | INFO:     151.101.0.223:55396 - "GET /health HTTP/1.1" 200 OK
management-api-1       | INFO:     151.101.0.223:47766 - "GET /health HTTP/1.1" 200 OK
envoy-control-plane-1  | INFO:     172.18.0.10:54302 - "POST /v3/discovery%3Alisteners HTTP/1.1" 200 OK
envoy-control-plane-1  | INFO:     172.18.0.10:54302 - "POST /v3/discovery%3Aroutes HTTP/1.1" 200 OK
envoy-control-plane-1  | INFO:     172.18.0.7:49858 - "GET /snapshot/routes HTTP/1.1" 200 OK
management-api-1       | INFO:     172.18.0.3:49410 - "GET /routes?gateway_type=envoy&status=active HTTP/1.1" 200 OK
management-api-1       | INFO:     172.18.0.9:50758 - "GET /routes?gateway_type=kong&status=active HTTP/1.1" 200 OK
kong-admin-proxy-1     | INFO:     172.18.0.7:60042 - "GET /sync-status/routes HTTP/1.1" 200 OK
auth-service-1         | INFO:     151.101.0.223:55396 - "GET /sessions HTTP/1.1" 200 OK
management-api-1       | INFO:     151.101.0.223:28718 - "GET /routes HTTP/1.1" 200 OK
management-api-1       | INFO:     151.101.0.223:47766 - "GET /drift HTTP/1.1" 200 OK
auth-service-1         | INFO:     151.101.0.223:55396 - "GET /health HTTP/1.1" 200 OK
management-api-1       | INFO:     151.101.0.223:47766 - "GET /health HTTP/1.1" 200 OK
management-api-1       | INFO:     172.18.0.9:50764 - "GET /routes?gateway_type=kong&status=active HTTP/1.1" 200 OK
management-api-1       | INFO:     172.18.0.3:49426 - "GET /routes?gateway_type=envoy&status=active HTTP/1.1" 200 OK
envoy-control-plane-1  | INFO:     172.18.0.10:54302 - "POST /v3/discovery%3Alisteners HTTP/1.1" 200 OK
envoy-control-plane-1  | INFO:     172.18.0.10:54302 - "POST /v3/discovery%3Aclusters HTTP/1.1" 200 OK
gateway-envoy-1        | [2026-03-21 21:35:30.416][1][info][upstream] [source/common/upstream/cds_api_helper.cc:32] cds: add 6 cluster(s), remove 1 cluster(s)
gateway-envoy-1        | [2026-03-21 21:35:30.416][1][info][upstream] [source/common/upstream/cds_api_helper.cc:71] cds: added/updated 0 cluster(s), skipped 6 unmodified cluster(s)
auth-service-1         | INFO:     151.101.0.223:55396 - "GET /sessions HTTP/1.1" 200 OK
management-api-1       | INFO:     151.101.0.223:47766 - "GET /routes HTTP/1.1" 200 OK
management-api-1       | INFO:     151.101.0.223:54916 - "GET /drift HTTP/1.1" 200 OK
auth-service-1         | INFO:     151.101.0.223:55396 - "GET /health HTTP/1.1" 200 OK
management-api-1       | INFO:     151.101.0.223:54916 - "GET /health HTTP/1.1" 200 OK
envoy-control-plane-1  | INFO:     172.18.0.10:54302 - "POST /v3/discovery%3Aroutes HTTP/1.1" 200 OK
envoy-control-plane-1  | INFO:     172.18.0.7:44846 - "GET /snapshot/routes HTTP/1.1" 200 OK
management-api-1       | INFO:     172.18.0.3:41410 - "GET /routes?gateway_type=envoy&status=active HTTP/1.1" 200 OK
management-api-1       | INFO:     172.18.0.9:36068 - "GET /routes?gateway_type=kong&status=active HTTP/1.1" 200 OK
kong-admin-proxy-1     | INFO:     172.18.0.7:49500 - "GET /sync-status/routes HTTP/1.1" 200 OK
auth-service-1         | INFO:     151.101.0.223:55396 - "GET /sessions HTTP/1.1" 200 OK
management-api-1       | INFO:     151.101.0.223:54916 - "GET /routes HTTP/1.1" 200 OK
management-api-1       | INFO:     151.101.0.223:47766 - "GET /drift HTTP/1.1" 200 OK
auth-service-1         | INFO:     151.101.0.223:55396 - "GET /health HTTP/1.1" 200 OK
management-api-1       | INFO:     151.101.0.223:54916 - "GET /health HTTP/1.1" 200 OK
envoy-control-plane-1  | INFO:     172.18.0.10:54302 - "POST /v3/discovery%3Alisteners HTTP/1.1" 200 OK
envoy-control-plane-1  | INFO:     172.18.0.10:54302 - "POST /v3/discovery%3Aclusters HTTP/1.1" 200 OK
gateway-envoy-1        | [2026-03-21 21:35:39.374][1][info][upstream] [source/common/upstream/cds_api_helper.cc:32] cds: add 6 cluster(s), remove 1 cluster(s)
gateway-envoy-1        | [2026-03-21 21:35:39.375][1][info][upstream] [source/common/upstream/cds_api_helper.cc:71] cds: added/updated 0 cluster(s), skipped 6 unmodified cluster(s)
management-api-1       | INFO:     172.18.0.3:41426 - "GET /routes?gateway_type=envoy&status=active HTTP/1.1" 200 OK
management-api-1       | INFO:     172.18.0.9:36070 - "GET /routes?gateway_type=kong&status=active HTTP/1.1" 200 OK
envoy-control-plane-1  | INFO:     172.18.0.10:54302 - "POST /v3/discovery%3Aroutes HTTP/1.1" 200 OK
management-api-1       | INFO:     151.101.0.223:54916 - "GET /routes HTTP/1.1" 200 OK
auth-service-1         | INFO:     151.101.0.223:55396 - "GET /sessions HTTP/1.1" 200 OK
management-api-1       | INFO:     151.101.0.223:47766 - "GET /drift HTTP/1.1" 200 OK
auth-service-1         | INFO:     151.101.0.223:55396 - "GET /health HTTP/1.1" 200 OK
management-api-1       | INFO:     151.101.0.223:47766 - "GET /health HTTP/1.1" 200 OK
management-api-1       | INFO:     172.18.0.9:41696 - "GET /routes?gateway_type=kong&status=active HTTP/1.1" 200 OK
envoy-control-plane-1  | INFO:     172.18.0.7:50642 - "GET /snapshot/routes HTTP/1.1" 200 OK
management-api-1       | INFO:     172.18.0.3:43764 - "GET /routes?gateway_type=envoy&status=active HTTP/1.1" 200 OK
kong-admin-proxy-1     | INFO:     172.18.0.7:52574 - "GET /sync-status/routes HTTP/1.1" 200 OK
envoy-control-plane-1  | INFO:     172.18.0.10:54302 - "POST /v3/discovery%3Alisteners HTTP/1.1" 200 OK
envoy-control-plane-1  | INFO:     172.18.0.10:54302 - "POST /v3/discovery%3Aroutes HTTP/1.1" 200 OK
auth-service-1         | INFO:     151.101.0.223:55396 - "GET /sessions HTTP/1.1" 200 OK
management-api-1       | INFO:     151.101.0.223:47766 - "GET /routes HTTP/1.1" 200 OK
management-api-1       | INFO:     151.101.0.223:34067 - "GET /drift HTTP/1.1" 200 OK
auth-service-1         | INFO:     151.101.0.223:55396 - "GET /health HTTP/1.1" 200 OK
management-api-1       | INFO:     151.101.0.223:34067 - "GET /health HTTP/1.1" 200 OK
envoy-control-plane-1  | INFO:     172.18.0.10:54302 - "POST /v3/discovery%3Aclusters HTTP/1.1" 200 OK
gateway-envoy-1        | [2026-03-21 21:35:48.589][1][info][upstream] [source/common/upstream/cds_api_helper.cc:32] cds: add 6 cluster(s), remove 1 cluster(s)
gateway-envoy-1        | [2026-03-21 21:35:48.589][1][info][upstream] [source/common/upstream/cds_api_helper.cc:71] cds: added/updated 0 cluster(s), skipped 6 unmodified cluster(s)
management-api-1       | INFO:     172.18.0.9:41698 - "GET /routes?gateway_type=kong&status=active HTTP/1.1" 200 OK
management-api-1       | INFO:     172.18.0.3:43778 - "GET /routes?gateway_type=envoy&status=active HTTP/1.1" 200 OK
envoy-control-plane-1  | INFO:     172.18.0.10:54302 - "POST /v3/discovery%3Alisteners HTTP/1.1" 200 OK
auth-service-1         | INFO:     151.101.0.223:55396 - "GET /sessions HTTP/1.1" 200 OK
management-api-1       | INFO:     151.101.0.223:34067 - "GET /routes HTTP/1.1" 200 OK
management-api-1       | INFO:     151.101.0.223:47766 - "GET /drift HTTP/1.1" 200 OK
auth-service-1         | INFO:     151.101.0.223:55396 - "GET /health HTTP/1.1" 200 OK
management-api-1       | INFO:     151.101.0.223:34067 - "GET /health HTTP/1.1" 200 OK
envoy-control-plane-1  | INFO:     172.18.0.7:50946 - "GET /snapshot/routes HTTP/1.1" 200 OK
management-api-1       | INFO:     172.18.0.3:52156 - "GET /routes?gateway_type=envoy&status=active HTTP/1.1" 200 OK
management-api-1       | INFO:     172.18.0.9:40258 - "GET /routes?gateway_type=kong&status=active HTTP/1.1" 200 OK
kong-admin-proxy-1     | INFO:     172.18.0.7:38012 - "GET /sync-status/routes HTTP/1.1" 200 OK
envoy-control-plane-1  | INFO:     172.18.0.10:54302 - "POST /v3/discovery%3Aroutes HTTP/1.1" 200 OK
envoy-control-plane-1  | INFO:     172.18.0.10:54302 - "POST /v3/discovery%3Aclusters HTTP/1.1" 200 OK
gateway-envoy-1        | [2026-03-21 21:35:56.805][1][info][upstream] [source/common/upstream/cds_api_helper.cc:32] cds: add 6 cluster(s), remove 1 cluster(s)
gateway-envoy-1        | [2026-03-21 21:35:56.805][1][info][upstream] [source/common/upstream/cds_api_helper.cc:71] cds: added/updated 0 cluster(s), skipped 6 unmodified cluster(s)
auth-service-1         | INFO:     151.101.0.223:55396 - "GET /sessions HTTP/1.1" 200 OK
management-api-1       | INFO:     151.101.0.223:34067 - "GET /routes HTTP/1.1" 200 OK
management-api-1       | INFO:     151.101.0.223:47766 - "GET /drift HTTP/1.1" 200 OK
auth-service-1         | INFO:     151.101.0.223:55396 - "GET /health HTTP/1.1" 200 OK
management-api-1       | INFO:     151.101.0.223:47766 - "GET /health HTTP/1.1" 200 OK
envoy-control-plane-1  | INFO:     172.18.0.10:54302 - "POST /v3/discovery%3Alisteners HTTP/1.1" 200 OK
management-api-1       | INFO:     172.18.0.3:52170 - "GET /routes?gateway_type=envoy&status=active HTTP/1.1" 200 OK
management-api-1       | INFO:     172.18.0.9:40270 - "GET /routes?gateway_type=kong&status=active HTTP/1.1" 200 OK
envoy-control-plane-1  | INFO:     172.18.0.10:54302 - "POST /v3/discovery%3Aroutes HTTP/1.1" 200 OK
auth-service-1         | INFO:     151.101.0.223:55396 - "GET /sessions HTTP/1.1" 200 OK
management-api-1       | INFO:     151.101.0.223:47766 - "GET /routes HTTP/1.1" 200 OK
management-api-1       | INFO:     151.101.0.223:34067 - "GET /drift HTTP/1.1" 200 OK
auth-service-1         | INFO:     151.101.0.223:55396 - "GET /health HTTP/1.1" 200 OK
management-api-1       | INFO:     151.101.0.223:47766 - "GET /health HTTP/1.1" 200 OK
envoy-control-plane-1  | INFO:     172.18.0.10:54302 - "POST /v3/discovery%3Alisteners HTTP/1.1" 200 OK
envoy-control-plane-1  | INFO:     172.18.0.7:59842 - "GET /snapshot/routes HTTP/1.1" 200 OK
management-api-1       | INFO:     172.18.0.3:49474 - "GET /routes?gateway_type=envoy&status=active HTTP/1.1" 200 OK
management-api-1       | INFO:     172.18.0.9:54786 - "GET /routes?gateway_type=kong&status=active HTTP/1.1" 200 OK
kong-admin-proxy-1     | INFO:     172.18.0.7:52086 - "GET /sync-status/routes HTTP/1.1" 200 OK
envoy-control-plane-1  | INFO:     172.18.0.10:54302 - "POST /v3/discovery%3Aclusters HTTP/1.1" 200 OK
gateway-envoy-1        | [2026-03-21 21:36:05.040][1][info][upstream] [source/common/upstream/cds_api_helper.cc:32] cds: add 6 cluster(s), remove 1 cluster(s)
gateway-envoy-1        | [2026-03-21 21:36:05.040][1][info][upstream] [source/common/upstream/cds_api_helper.cc:71] cds: added/updated 0 cluster(s), skipped 6 unmodified cluster(s)
envoy-control-plane-1  | INFO:     172.18.0.10:54302 - "POST /v3/discovery%3Aroutes HTTP/1.1" 200 OK
auth-service-1         | INFO:     151.101.0.223:55396 - "GET /sessions HTTP/1.1" 200 OK
management-api-1       | INFO:     151.101.0.223:34067 - "GET /drift HTTP/1.1" 200 OK
management-api-1       | INFO:     151.101.0.223:47766 - "GET /routes HTTP/1.1" 200 OK
auth-service-1         | INFO:     151.101.0.223:55396 - "GET /health HTTP/1.1" 200 OK
management-api-1       | INFO:     151.101.0.223:47766 - "GET /health HTTP/1.1" 200 OK
management-api-1       | INFO:     172.18.0.9:54798 - "GET /routes?gateway_type=kong&status=active HTTP/1.1" 200 OK
management-api-1       | INFO:     172.18.0.3:49488 - "GET /routes?gateway_type=envoy&status=active HTTP/1.1" 200 OK
envoy-control-plane-1  | INFO:     172.18.0.10:54302 - "POST /v3/discovery%3Aroutes HTTP/1.1" 200 OK
auth-service-1         | INFO:     151.101.0.223:55396 - "GET /sessions HTTP/1.1" 200 OK
management-api-1       | INFO:     151.101.0.223:34067 - "GET /drift HTTP/1.1" 200 OK
management-api-1       | INFO:     151.101.0.223:47766 - "GET /routes HTTP/1.1" 200 OK
auth-service-1         | INFO:     151.101.0.223:55396 - "GET /health HTTP/1.1" 200 OK
management-api-1       | INFO:     151.101.0.223:47766 - "GET /health HTTP/1.1" 200 OK
envoy-control-plane-1  | INFO:     172.18.0.10:54302 - "POST /v3/discovery%3Alisteners HTTP/1.1" 200 OK
envoy-control-plane-1  | INFO:     172.18.0.10:54302 - "POST /v3/discovery%3Aclusters HTTP/1.1" 200 OK
gateway-envoy-1        | [2026-03-21 21:36:14.608][1][info][upstream] [source/common/upstream/cds_api_helper.cc:32] cds: add 6 cluster(s), remove 1 cluster(s)
gateway-envoy-1        | [2026-03-21 21:36:14.608][1][info][upstream] [source/common/upstream/cds_api_helper.cc:71] cds: added/updated 0 cluster(s), skipped 6 unmodified cluster(s)
envoy-control-plane-1  | INFO:     172.18.0.7:55182 - "GET /snapshot/routes HTTP/1.1" 200 OK
management-api-1       | INFO:     172.18.0.9:48524 - "GET /routes?gateway_type=kong&status=active HTTP/1.1" 200 OK
management-api-1       | INFO:     172.18.0.3:40126 - "GET /routes?gateway_type=envoy&status=active HTTP/1.1" 200 OK
kong-admin-proxy-1     | INFO:     172.18.0.7:42878 - "GET /sync-status/routes HTTP/1.1" 200 OK
auth-service-1         | INFO:     151.101.0.223:55396 - "GET /sessions HTTP/1.1" 200 OK
management-api-1       | INFO:     151.101.0.223:47766 - "GET /routes HTTP/1.1" 200 OK
management-api-1       | INFO:     151.101.0.223:34067 - "GET /drift HTTP/1.1" 200 OK
auth-service-1         | INFO:     151.101.0.223:55396 - "GET /health HTTP/1.1" 200 OK
management-api-1       | INFO:     151.101.0.223:47766 - "GET /health HTTP/1.1" 200 OK
management-api-1       | INFO:     172.18.0.9:48530 - "GET /routes?gateway_type=kong&status=active HTTP/1.1" 200 OK
management-api-1       | INFO:     172.18.0.3:40130 - "GET /routes?gateway_type=envoy&status=active HTTP/1.1" 200 OK
envoy-control-plane-1  | INFO:     172.18.0.10:54302 - "POST /v3/discovery%3Aclusters HTTP/1.1" 200 OK
gateway-envoy-1        | [2026-03-21 21:36:20.639][1][info][upstream] [source/common/upstream/cds_api_helper.cc:32] cds: add 6 cluster(s), remove 1 cluster(s)
gateway-envoy-1        | [2026-03-21 21:36:20.639][1][info][upstream] [source/common/upstream/cds_api_helper.cc:71] cds: added/updated 0 cluster(s), skipped 6 unmodified cluster(s)
