management-api-1       | INFO:     172.18.0.9:50800 - "GET /routes?gateway_type=kong&status=active HTTP/1.1" 200 OK
kong-admin-proxy-1     | INFO:     172.18.0.7:35024 - "GET /sync-status/routes HTTP/1.1" 200 OK
envoy-control-plane-1  | INFO:     172.18.0.10:35326 - "POST /v3/discovery%3Aroutes HTTP/1.1" 200 OK
envoy-control-plane-1  | INFO:     172.18.0.10:35326 - "POST /v3/discovery%3Alisteners HTTP/1.1" 200 OK
envoy-control-plane-1  | INFO:     172.18.0.10:35326 - "POST /v3/discovery%3Aclusters HTTP/1.1" 200 OK
gateway-envoy-1        | [2026-03-21 21:21:15.378][1][info][upstream] [source/common/upstream/cds_api_helper.cc:32] cds: add 6 cluster(s), remove 1 cluster(s)
gateway-envoy-1        | [2026-03-21 21:21:15.379][1][info][upstream] [source/common/upstream/cds_api_helper.cc:71] cds: added/updated 0 cluster(s), skipped 6 unmodified cluster(s)
management-api-1       | INFO:     172.18.0.3:49442 - "GET /routes?gateway_type=envoy&status=active HTTP/1.1" 200 OK
management-api-1       | INFO:     172.18.0.9:37470 - "GET /routes?gateway_type=kong&status=active HTTP/1.1" 200 OK
envoy-control-plane-1  | INFO:     172.18.0.10:35326 - "POST /v3/discovery%3Alisteners HTTP/1.1" 200 OK
envoy-control-plane-1  | INFO:     172.18.0.10:35326 - "POST /v3/discovery%3Aroutes HTTP/1.1" 200 OK
envoy-control-plane-1  | INFO:     172.18.0.7:50490 - "GET /snapshot/routes HTTP/1.1" 200 OK
management-api-1       | INFO:     172.18.0.3:49448 - "GET /routes?gateway_type=envoy&status=active HTTP/1.1" 200 OK
management-api-1       | INFO:     172.18.0.9:37480 - "GET /routes?gateway_type=kong&status=active HTTP/1.1" 200 OK
kong-admin-proxy-1     | INFO:     172.18.0.7:58968 - "GET /sync-status/routes HTTP/1.1" 200 OK
envoy-control-plane-1  | INFO:     172.18.0.10:35326 - "POST /v3/discovery%3Aclusters HTTP/1.1" 200 OK
gateway-envoy-1        | [2026-03-21 21:21:22.818][1][info][upstream] [source/common/upstream/cds_api_helper.cc:32] cds: add 6 cluster(s), remove 1 cluster(s)
gateway-envoy-1        | [2026-03-21 21:21:22.818][1][info][upstream] [source/common/upstream/cds_api_helper.cc:71] cds: added/updated 0 cluster(s), skipped 6 unmodified cluster(s)
envoy-control-plane-1  | INFO:     172.18.0.10:35326 - "POST /v3/discovery%3Alisteners HTTP/1.1" 200 OK
management-api-1       | INFO:     172.18.0.3:44066 - "GET /routes?gateway_type=envoy&status=active HTTP/1.1" 200 OK
management-api-1       | INFO:     172.18.0.9:51526 - "GET /routes?gateway_type=kong&status=active HTTP/1.1" 200 OK
envoy-control-plane-1  | INFO:     172.18.0.10:35326 - "POST /v3/discovery%3Aroutes HTTP/1.1" 200 OK
envoy-control-plane-1  | INFO:     172.18.0.7:59266 - "GET /snapshot/routes HTTP/1.1" 200 OK
management-api-1       | INFO:     172.18.0.9:51528 - "GET /routes?gateway_type=kong&status=active HTTP/1.1" 200 OK
management-api-1       | INFO:     172.18.0.3:44068 - "GET /routes?gateway_type=envoy&status=active HTTP/1.1" 200 OK
kong-admin-proxy-1     | INFO:     172.18.0.7:48502 - "GET /sync-status/routes HTTP/1.1" 200 OK
envoy-control-plane-1  | INFO:     172.18.0.10:35326 - "POST /v3/discovery%3Aclusters HTTP/1.1" 200 OK
gateway-envoy-1        | [2026-03-21 21:21:32.208][1][info][upstream] [source/common/upstream/cds_api_helper.cc:32] cds: add 6 cluster(s), remove 1 cluster(s)
gateway-envoy-1        | [2026-03-21 21:21:32.208][1][info][upstream] [source/common/upstream/cds_api_helper.cc:71] cds: added/updated 0 cluster(s), skipped 6 unmodified cluster(s)
envoy-control-plane-1  | INFO:     172.18.0.10:35326 - "POST /v3/discovery%3Alisteners HTTP/1.1" 200 OK
envoy-control-plane-1  | INFO:     172.18.0.10:35326 - "POST /v3/discovery%3Aroutes HTTP/1.1" 200 OK
management-api-1       | INFO:     172.18.0.9:36758 - "GET /routes?gateway_type=kong&status=active HTTP/1.1" 200 OK
management-api-1       | INFO:     172.18.0.3:59514 - "GET /routes?gateway_type=envoy&status=active HTTP/1.1" 200 OK
envoy-control-plane-1  | INFO:     172.18.0.10:35326 - "POST /v3/discovery%3Aclusters HTTP/1.1" 200 OK
gateway-envoy-1        | [2026-03-21 21:21:38.043][1][info][upstream] [source/common/upstream/cds_api_helper.cc:32] cds: add 6 cluster(s), remove 1 cluster(s)
gateway-envoy-1        | [2026-03-21 21:21:38.043][1][info][upstream] [source/common/upstream/cds_api_helper.cc:71] cds: added/updated 0 cluster(s), skipped 6 unmodified cluster(s)
envoy-control-plane-1  | INFO:     172.18.0.10:35326 - "POST /v3/discovery%3Alisteners HTTP/1.1" 200 OK
envoy-control-plane-1  | INFO:     172.18.0.10:35326 - "POST /v3/discovery%3Aroutes HTTP/1.1" 200 OK
management-api-1       | INFO:     172.18.0.3:59522 - "GET /routes?gateway_type=envoy&status=active HTTP/1.1" 200 OK
management-api-1       | INFO:     172.18.0.9:36768 - "GET /routes?gateway_type=kong&status=active HTTP/1.1" 200 OK
envoy-control-plane-1  | INFO:     172.18.0.7:59744 - "GET /snapshot/routes HTTP/1.1" 200 OK
kong-admin-proxy-1     | INFO:     172.18.0.7:58698 - "GET /sync-status/routes HTTP/1.1" 200 OK
envoy-control-plane-1  | INFO:     172.18.0.10:35326 - "POST /v3/discovery%3Aclusters HTTP/1.1" 200 OK
gateway-envoy-1        | [2026-03-21 21:21:44.224][1][info][upstream] [source/common/upstream/cds_api_helper.cc:32] cds: add 6 cluster(s), remove 1 cluster(s)
gateway-envoy-1        | [2026-03-21 21:21:44.224][1][info][upstream] [source/common/upstream/cds_api_helper.cc:71] cds: added/updated 0 cluster(s), skipped 6 unmodified cluster(s)
management-api-1       | INFO:     172.18.0.3:55612 - "GET /routes?gateway_type=envoy&status=active HTTP/1.1" 200 OK
management-api-1       | INFO:     172.18.0.9:47912 - "GET /routes?gateway_type=kong&status=active HTTP/1.1" 200 OK
envoy-control-plane-1  | INFO:     172.18.0.10:35326 - "POST /v3/discovery%3Alisteners HTTP/1.1" 200 OK
envoy-control-plane-1  | INFO:     172.18.0.10:35326 - "POST /v3/discovery%3Aroutes HTTP/1.1" 200 OK
envoy-control-plane-1  | INFO:     172.18.0.7:56586 - "GET /snapshot/routes HTTP/1.1" 200 OK
management-api-1       | INFO:     172.18.0.3:55616 - "GET /routes?gateway_type=envoy&status=active HTTP/1.1" 200 OK
management-api-1       | INFO:     172.18.0.9:47922 - "GET /routes?gateway_type=kong&status=active HTTP/1.1" 200 OK
kong-admin-proxy-1     | INFO:     172.18.0.7:43554 - "GET /sync-status/routes HTTP/1.1" 200 OK
envoy-control-plane-1  | INFO:     172.18.0.10:35326 - "POST /v3/discovery%3Aclusters HTTP/1.1" 200 OK
gateway-envoy-1        | [2026-03-21 21:21:52.223][1][info][upstream] [source/common/upstream/cds_api_helper.cc:32] cds: add 6 cluster(s), remove 1 cluster(s)
gateway-envoy-1        | [2026-03-21 21:21:52.224][1][info][upstream] [source/common/upstream/cds_api_helper.cc:71] cds: added/updated 0 cluster(s), skipped 6 unmodified cluster(s)
envoy-control-plane-1  | INFO:     172.18.0.10:35326 - "POST /v3/discovery%3Alisteners HTTP/1.1" 200 OK
management-api-1       | INFO:     172.18.0.9:33574 - "GET /routes?gateway_type=kong&status=active HTTP/1.1" 200 OK
management-api-1       | INFO:     172.18.0.3:56032 - "GET /routes?gateway_type=envoy&status=active HTTP/1.1" 200 OK
envoy-control-plane-1  | INFO:     172.18.0.10:35326 - "POST /v3/discovery%3Aroutes HTTP/1.1" 200 OK
envoy-control-plane-1  | INFO:     172.18.0.10:35326 - "POST /v3/discovery%3Aclusters HTTP/1.1" 200 OK
gateway-envoy-1        | [2026-03-21 21:21:59.866][1][info][upstream] [source/common/upstream/cds_api_helper.cc:32] cds: add 6 cluster(s), remove 1 cluster(s)
gateway-envoy-1        | [2026-03-21 21:21:59.866][1][info][upstream] [source/common/upstream/cds_api_helper.cc:71] cds: added/updated 0 cluster(s), skipped 6 unmodified cluster(s)
management-api-1       | INFO:     172.18.0.9:33578 - "GET /routes?gateway_type=kong&status=active HTTP/1.1" 200 OK
envoy-control-plane-1  | INFO:     172.18.0.7:58670 - "GET /snapshot/routes HTTP/1.1" 200 OK
management-api-1       | INFO:     172.18.0.3:56046 - "GET /routes?gateway_type=envoy&status=active HTTP/1.1" 200 OK
kong-admin-proxy-1     | INFO:     172.18.0.7:57856 - "GET /sync-status/routes HTTP/1.1" 200 OK
envoy-control-plane-1  | INFO:     172.18.0.10:35326 - "POST /v3/discovery%3Alisteners HTTP/1.1" 200 OK
envoy-control-plane-1  | INFO:     172.18.0.10:35326 - "POST /v3/discovery%3Aroutes HTTP/1.1" 200 OK
management-api-1       | INFO:     172.18.0.9:53326 - "GET /routes?gateway_type=kong&status=active HTTP/1.1" 200 OK
management-api-1       | INFO:     172.18.0.3:55886 - "GET /routes?gateway_type=envoy&status=active HTTP/1.1" 200 OK
envoy-control-plane-1  | INFO:     172.18.0.10:35326 - "POST /v3/discovery%3Aclusters HTTP/1.1" 200 OK
gateway-envoy-1        | [2026-03-21 21:22:08.957][1][info][upstream] [source/common/upstream/cds_api_helper.cc:32] cds: add 6 cluster(s), remove 1 cluster(s)
gateway-envoy-1        | [2026-03-21 21:22:08.957][1][info][upstream] [source/common/upstream/cds_api_helper.cc:71] cds: added/updated 0 cluster(s), skipped 6 unmodified cluster(s)
envoy-control-plane-1  | INFO:     172.18.0.10:35326 - "POST /v3/discovery%3Alisteners HTTP/1.1" 200 OK
management-api-1       | INFO:     172.18.0.9:53332 - "GET /routes?gateway_type=kong&status=active HTTP/1.1" 200 OK
management-api-1       | INFO:     172.18.0.3:55896 - "GET /routes?gateway_type=envoy&status=active HTTP/1.1" 200 OK
envoy-control-plane-1  | INFO:     172.18.0.7:60384 - "GET /snapshot/routes HTTP/1.1" 200 OK
kong-admin-proxy-1     | INFO:     172.18.0.7:54552 - "GET /sync-status/routes HTTP/1.1" 200 OK
envoy-control-plane-1  | INFO:     172.18.0.10:58046 - "POST /v3/discovery%3Alisteners HTTP/1.1" 200 OK
envoy-control-plane-1  | INFO:     172.18.0.10:58046 - "POST /v3/discovery%3Aroutes HTTP/1.1" 200 OK
envoy-control-plane-1  | INFO:     172.18.0.10:58046 - "POST /v3/discovery%3Aclusters HTTP/1.1" 200 OK
gateway-envoy-1        | [2026-03-21 21:22:16.577][1][info][upstream] [source/common/upstream/cds_api_helper.cc:32] cds: add 6 cluster(s), remove 1 cluster(s)
gateway-envoy-1        | [2026-03-21 21:22:16.577][1][info][upstream] [source/common/upstream/cds_api_helper.cc:71] cds: added/updated 0 cluster(s), skipped 6 unmodified cluster(s)
management-api-1       | INFO:     172.18.0.3:53554 - "GET /routes?gateway_type=envoy&status=active HTTP/1.1" 200 OK
management-api-1       | INFO:     172.18.0.9:33444 - "GET /routes?gateway_type=kong&status=active HTTP/1.1" 200 OK
envoy-control-plane-1  | INFO:     172.18.0.10:58052 - "POST /v3/discovery%3Alisteners HTTP/1.1" 200 OK
management-api-1       | INFO:     172.18.0.3:53568 - "GET /routes?gateway_type=envoy&status=active HTTP/1.1" 200 OK
management-api-1       | INFO:     172.18.0.9:33446 - "GET /routes?gateway_type=kong&status=active HTTP/1.1" 200 OK
envoy-control-plane-1  | INFO:     172.18.0.7:58276 - "GET /snapshot/routes HTTP/1.1" 200 OK
kong-admin-proxy-1     | INFO:     172.18.0.7:43414 - "GET /sync-status/routes HTTP/1.1" 200 OK
envoy-control-plane-1  | INFO:     172.18.0.10:58052 - "POST /v3/discovery%3Aroutes HTTP/1.1" 200 OK
envoy-control-plane-1  | INFO:     172.18.0.10:58052 - "POST /v3/discovery%3Aclusters HTTP/1.1" 200 OK
gateway-envoy-1        | [2026-03-21 21:22:23.392][1][info][upstream] [source/common/upstream/cds_api_helper.cc:32] cds: add 6 cluster(s), remove 1 cluster(s)
gateway-envoy-1        | [2026-03-21 21:22:23.392][1][info][upstream] [source/common/upstream/cds_api_helper.cc:71] cds: added/updated 0 cluster(s), skipped 6 unmodified cluster(s)
management-api-1       | INFO:     172.18.0.3:41168 - "GET /routes?gateway_type=envoy&status=active HTTP/1.1" 200 OK
management-api-1       | INFO:     172.18.0.9:35594 - "GET /routes?gateway_type=kong&status=active HTTP/1.1" 200 OK
envoy-control-plane-1  | INFO:     172.18.0.10:60906 - "POST /v3/discovery%3Alisteners HTTP/1.1" 200 OK
envoy-control-plane-1  | INFO:     172.18.0.10:60906 - "POST /v3/discovery%3Aroutes HTTP/1.1" 200 OK
management-api-1       | INFO:     172.18.0.3:41176 - "GET /routes?gateway_type=envoy&status=active HTTP/1.1" 200 OK
envoy-control-plane-1  | INFO:     172.18.0.7:43432 - "GET /snapshot/routes HTTP/1.1" 200 OK
management-api-1       | INFO:     172.18.0.9:35604 - "GET /routes?gateway_type=kong&status=active HTTP/1.1" 200 OK
kong-admin-proxy-1     | INFO:     172.18.0.7:36020 - "GET /sync-status/routes HTTP/1.1" 200 OK
envoy-control-plane-1  | INFO:     172.18.0.10:60906 - "POST /v3/discovery%3Aclusters HTTP/1.1" 200 OK
gateway-envoy-1        | [2026-03-21 21:22:31.912][1][info][upstream] [source/common/upstream/cds_api_helper.cc:32] cds: add 6 cluster(s), remove 1 cluster(s)
gateway-envoy-1        | [2026-03-21 21:22:31.913][1][info][upstream] [source/common/upstream/cds_api_helper.cc:71] cds: added/updated 0 cluster(s), skipped 6 unmodified cluster(s)
management-api-1       | INFO:     172.18.0.3:56124 - "GET /routes?gateway_type=envoy&status=active HTTP/1.1" 200 OK
management-api-1       | INFO:     172.18.0.9:37392 - "GET /routes?gateway_type=kong&status=active HTTP/1.1" 200 OK
envoy-control-plane-1  | INFO:     172.18.0.10:57548 - "POST /v3/discovery%3Aclusters HTTP/1.1" 200 OK
gateway-envoy-1        | [2026-03-21 21:22:38.565][1][info][upstream] [source/common/upstream/cds_api_helper.cc:32] cds: add 6 cluster(s), remove 1 cluster(s)
gateway-envoy-1        | [2026-03-21 21:22:38.565][1][info][upstream] [source/common/upstream/cds_api_helper.cc:71] cds: added/updated 0 cluster(s), skipped 6 unmodified cluster(s)
envoy-control-plane-1  | INFO:     172.18.0.10:57548 - "POST /v3/discovery%3Alisteners HTTP/1.1" 200 OK
envoy-control-plane-1  | INFO:     172.18.0.10:57548 - "POST /v3/discovery%3Aroutes HTTP/1.1" 200 OK
management-api-1       | INFO:     172.18.0.3:56128 - "GET /routes?gateway_type=envoy&status=active HTTP/1.1" 200 OK
management-api-1       | INFO:     172.18.0.9:37406 - "GET /routes?gateway_type=kong&status=active HTTP/1.1" 200 OK
envoy-control-plane-1  | INFO:     172.18.0.7:46106 - "GET /snapshot/routes HTTP/1.1" 200 OK
kong-admin-proxy-1     | INFO:     172.18.0.7:36814 - "GET /sync-status/routes HTTP/1.1" 200 OK
envoy-control-plane-1  | INFO:     172.18.0.10:57548 - "POST /v3/discovery%3Aclusters HTTP/1.1" 200 OK
gateway-envoy-1        | [2026-03-21 21:22:45.189][1][info][upstream] [source/common/upstream/cds_api_helper.cc:32] cds: add 6 cluster(s), remove 1 cluster(s)
gateway-envoy-1        | [2026-03-21 21:22:45.189][1][info][upstream] [source/common/upstream/cds_api_helper.cc:71] cds: added/updated 0 cluster(s), skipped 6 unmodified cluster(s)
envoy-control-plane-1  | INFO:     172.18.0.10:57548 - "POST /v3/discovery%3Aroutes HTTP/1.1" 200 OK
management-api-1       | INFO:     172.18.0.3:52376 - "GET /routes?gateway_type=envoy&status=active HTTP/1.1" 200 OK
management-api-1       | INFO:     172.18.0.9:57032 - "GET /routes?gateway_type=kong&status=active HTTP/1.1" 200 OK
envoy-control-plane-1  | INFO:     172.18.0.10:57548 - "POST /v3/discovery%3Alisteners HTTP/1.1" 200 OK
envoy-control-plane-1  | INFO:     172.18.0.7:55624 - "GET /snapshot/routes HTTP/1.1" 200 OK
management-api-1       | INFO:     172.18.0.9:57046 - "GET /routes?gateway_type=kong&status=active HTTP/1.1" 200 OK
management-api-1       | INFO:     172.18.0.3:52390 - "GET /routes?gateway_type=envoy&status=active HTTP/1.1" 200 OK
kong-admin-proxy-1     | INFO:     172.18.0.7:43862 - "GET /sync-status/routes HTTP/1.1" 200 OK
envoy-control-plane-1  | INFO:     172.18.0.10:57548 - "POST /v3/discovery%3Aclusters HTTP/1.1" 200 OK
gateway-envoy-1        | [2026-03-21 21:22:53.223][1][info][upstream] [source/common/upstream/cds_api_helper.cc:32] cds: add 6 cluster(s), remove 1 cluster(s)
gateway-envoy-1        | [2026-03-21 21:22:53.223][1][info][upstream] [source/common/upstream/cds_api_helper.cc:71] cds: added/updated 0 cluster(s), skipped 6 unmodified cluster(s)
envoy-control-plane-1  | INFO:     172.18.0.10:57548 - "POST /v3/discovery%3Aroutes HTTP/1.1" 200 OK
envoy-control-plane-1  | INFO:     172.18.0.10:57548 - "POST /v3/discovery%3Alisteners HTTP/1.1" 200 OK
management-api-1       | INFO:     172.18.0.9:60810 - "GET /routes?gateway_type=kong&status=active HTTP/1.1" 200 OK
management-api-1       | INFO:     172.18.0.3:52276 - "GET /routes?gateway_type=envoy&status=active HTTP/1.1" 200 OK
management-api-1       | INFO:     172.18.0.9:60820 - "GET /routes?gateway_type=kong&status=active HTTP/1.1" 200 OK
envoy-control-plane-1  | INFO:     172.18.0.7:51468 - "GET /snapshot/routes HTTP/1.1" 200 OK
management-api-1       | INFO:     172.18.0.3:52282 - "GET /routes?gateway_type=envoy&status=active HTTP/1.1" 200 OK
kong-admin-proxy-1     | INFO:     172.18.0.7:53252 - "GET /sync-status/routes HTTP/1.1" 200 OK
envoy-control-plane-1  | INFO:     172.18.0.10:34234 - "POST /v3/discovery%3Aroutes HTTP/1.1" 200 OK
envoy-control-plane-1  | INFO:     172.18.0.10:34234 - "POST /v3/discovery%3Aclusters HTTP/1.1" 200 OK
gateway-envoy-1        | [2026-03-21 21:23:03.145][1][info][upstream] [source/common/upstream/cds_api_helper.cc:32] cds: add 6 cluster(s), remove 1 cluster(s)
gateway-envoy-1        | [2026-03-21 21:23:03.145][1][info][upstream] [source/common/upstream/cds_api_helper.cc:71] cds: added/updated 0 cluster(s), skipped 6 unmodified cluster(s)
envoy-control-plane-1  | INFO:     172.18.0.10:34234 - "POST /v3/discovery%3Alisteners HTTP/1.1" 200 OK
management-api-1       | INFO:     172.18.0.9:37100 - "GET /routes?gateway_type=kong&status=active HTTP/1.1" 200 OK
management-api-1       | INFO:     172.18.0.3:42644 - "GET /routes?gateway_type=envoy&status=active HTTP/1.1" 200 OK
envoy-control-plane-1  | INFO:     172.18.0.10:34244 - "POST /v3/discovery%3Alisteners HTTP/1.1" 200 OK
envoy-control-plane-1  | INFO:     172.18.0.10:34244 - "POST /v3/discovery%3Aclusters HTTP/1.1" 200 OK
gateway-envoy-1        | [2026-03-21 21:23:10.386][1][info][upstream] [source/common/upstream/cds_api_helper.cc:32] cds: add 6 cluster(s), remove 1 cluster(s)
gateway-envoy-1        | [2026-03-21 21:23:10.386][1][info][upstream] [source/common/upstream/cds_api_helper.cc:71] cds: added/updated 0 cluster(s), skipped 6 unmodified cluster(s)
envoy-control-plane-1  | INFO:     172.18.0.7:39256 - "GET /snapshot/routes HTTP/1.1" 200 OK
management-api-1       | INFO:     172.18.0.9:37112 - "GET /routes?gateway_type=kong&status=active HTTP/1.1" 200 OK
management-api-1       | INFO:     172.18.0.3:42660 - "GET /routes?gateway_type=envoy&status=active HTTP/1.1" 200 OK
kong-admin-proxy-1     | INFO:     172.18.0.7:54696 - "GET /sync-status/routes HTTP/1.1" 200 OK
envoy-control-plane-1  | INFO:     172.18.0.10:34244 - "POST /v3/discovery%3Aroutes HTTP/1.1" 200 OK
management-api-1       | INFO:     172.18.0.9:47388 - "GET /routes?gateway_type=kong&status=active HTTP/1.1" 200 OK
management-api-1       | INFO:     172.18.0.3:34148 - "GET /routes?gateway_type=envoy&status=active HTTP/1.1" 200 OK
envoy-control-plane-1  | INFO:     172.18.0.10:58434 - "POST /v3/discovery%3Aroutes HTTP/1.1" 200 OK
envoy-control-plane-1  | INFO:     172.18.0.10:58434 - "POST /v3/discovery%3Aclusters HTTP/1.1" 200 OK
gateway-envoy-1        | [2026-03-21 21:23:19.098][1][info][upstream] [source/common/upstream/cds_api_helper.cc:32] cds: add 6 cluster(s), remove 1 cluster(s)
gateway-envoy-1        | [2026-03-21 21:23:19.099][1][info][upstream] [source/common/upstream/cds_api_helper.cc:71] cds: added/updated 0 cluster(s), skipped 6 unmodified cluster(s)
gateway-kong-1         | 172.18.0.11 - - [21/Mar/2026:21:23:19 +0000] "GET /api/test HTTP/1.1" 404 243 "-" "Mozilla/5.0 (Macintosh; Intel Mac OS X 10_15_7) AppleWebKit/537.36 (KHTML, like Gecko) Chrome/146.0.0.0 Safari/537.36" kong_request_id: "df6867728e412f153edac509efc0be59"
mock-psaas-1           | INFO:     172.18.0.12:43038 - "GET /api/test HTTP/1.1" 404 Not Found
mock-akamai-edge-1     | INFO:     172.18.0.13:46362 - "GET /api/test HTTP/1.1" 404 Not Found
mock-akamai-gtm-1      | INFO:     151.101.0.223:18394 - "GET /api/test HTTP/1.1" 404 Not Found
gateway-kong-1         | 172.18.0.11 - - [21/Mar/2026:21:23:19 +0000] "GET /favicon.ico HTTP/1.1" 404 103 "http://localhost:8010/api/test" "Mozilla/5.0 (Macintosh; Intel Mac OS X 10_15_7) AppleWebKit/537.36 (KHTML, like Gecko) Chrome/146.0.0.0 Safari/537.36" kong_request_id: "ae3dd6079275b63def3375475aa57f1a"
mock-psaas-1           | INFO:     172.18.0.12:43052 - "GET /favicon.ico HTTP/1.1" 404 Not Found
mock-akamai-edge-1     | INFO:     172.18.0.13:46372 - "GET /favicon.ico HTTP/1.1" 404 Not Found
mock-akamai-gtm-1      | INFO:     151.101.0.223:18394 - "GET /favicon.ico HTTP/1.1" 404 Not Found
envoy-control-plane-1  | INFO:     172.18.0.10:58434 - "POST /v3/discovery%3Alisteners HTTP/1.1" 200 OK
management-api-1       | INFO:     172.18.0.9:47402 - "GET /routes?gateway_type=kong&status=active HTTP/1.1" 200 OK
management-api-1       | INFO:     172.18.0.3:34154 - "GET /routes?gateway_type=envoy&status=active HTTP/1.1" 200 OK
envoy-control-plane-1  | INFO:     172.18.0.7:44034 - "GET /snapshot/routes HTTP/1.1" 200 OK
kong-admin-proxy-1     | INFO:     172.18.0.7:52716 - "GET /sync-status/routes HTTP/1.1" 200 OK
envoy-control-plane-1  | INFO:     172.18.0.10:58434 - "POST /v3/discovery%3Aroutes HTTP/1.1" 200 OK
management-api-1       | INFO:     172.18.0.9:40082 - "GET /routes?gateway_type=kong&status=active HTTP/1.1" 200 OK
management-api-1       | INFO:     172.18.0.3:39298 - "GET /routes?gateway_type=envoy&status=active HTTP/1.1" 200 OK
auth-service-1         | INFO:     172.18.0.10:45872 - "GET /gateway/ext-authz/web/gavin HTTP/1.1" 404 Not Found
mock-psaas-1           | INFO:     172.18.0.12:53258 - "GET /web/gavin HTTP/1.1" 404 Not Found
mock-akamai-edge-1     | INFO:     172.18.0.13:38732 - "GET /web/gavin HTTP/1.1" 404 Not Found
mock-akamai-gtm-1      | INFO:     151.101.0.223:43867 - "GET /web/gavin HTTP/1.1" 404 Not Found
envoy-control-plane-1  | INFO:     172.18.0.10:58434 - "POST /v3/discovery%3Aclusters HTTP/1.1" 200 OK
gateway-envoy-1        | [2026-03-21 21:23:28.825][1][info][upstream] [source/common/upstream/cds_api_helper.cc:32] cds: add 6 cluster(s), remove 1 cluster(s)
gateway-envoy-1        | [2026-03-21 21:23:28.825][1][info][upstream] [source/common/upstream/cds_api_helper.cc:71] cds: added/updated 0 cluster(s), skipped 6 unmodified cluster(s)
envoy-control-plane-1  | INFO:     172.18.0.10:58434 - "POST /v3/discovery%3Alisteners HTTP/1.1" 200 OK
envoy-control-plane-1  | INFO:     172.18.0.10:58434 - "POST /v3/discovery%3Aroutes HTTP/1.1" 200 OK
management-api-1       | INFO:     172.18.0.9:40084 - "GET /routes?gateway_type=kong&status=active HTTP/1.1" 200 OK
management-api-1       | INFO:     172.18.0.3:39310 - "GET /routes?gateway_type=envoy&status=active HTTP/1.1" 200 OK
envoy-control-plane-1  | INFO:     172.18.0.7:38836 - "GET /snapshot/routes HTTP/1.1" 200 OK
kong-admin-proxy-1     | INFO:     172.18.0.7:37116 - "GET /sync-status/routes HTTP/1.1" 200 OK
management-api-1       | INFO:     172.18.0.9:41588 - "GET /routes?gateway_type=kong&status=active HTTP/1.1" 200 OK
management-api-1       | INFO:     172.18.0.3:45994 - "GET /routes?gateway_type=envoy&status=active HTTP/1.1" 200 OK
envoy-control-plane-1  | INFO:     172.18.0.10:46598 - "POST /v3/discovery%3Aclusters HTTP/1.1" 200 OK
gateway-envoy-1        | [2026-03-21 21:23:38.277][1][info][upstream] [source/common/upstream/cds_api_helper.cc:32] cds: add 6 cluster(s), remove 1 cluster(s)
gateway-envoy-1        | [2026-03-21 21:23:38.277][1][info][upstream] [source/common/upstream/cds_api_helper.cc:71] cds: added/updated 0 cluster(s), skipped 6 unmodified cluster(s)
envoy-control-plane-1  | INFO:     172.18.0.10:46598 - "POST /v3/discovery%3Alisteners HTTP/1.1" 200 OK
envoy-control-plane-1  | INFO:     172.18.0.10:46598 - "POST /v3/discovery%3Aroutes HTTP/1.1" 200 OK
management-api-1       | INFO:     172.18.0.3:45998 - "GET /routes?gateway_type=envoy&status=active HTTP/1.1" 200 OK
management-api-1       | INFO:     172.18.0.9:41596 - "GET /routes?gateway_type=kong&status=active HTTP/1.1" 200 OK
envoy-control-plane-1  | INFO:     172.18.0.7:39064 - "GET /snapshot/routes HTTP/1.1" 200 OK
kong-admin-proxy-1     | INFO:     172.18.0.7:34404 - "GET /sync-status/routes HTTP/1.1" 200 OK
envoy-control-plane-1  | INFO:     172.18.0.10:46598 - "POST /v3/discovery%3Alisteners HTTP/1.1" 200 OK
gateway-envoy-1        | [2026-03-21 21:23:45.306][1][info][main] [source/server/drain_manager_impl.cc:208] shutting down parent after drain
envoy-control-plane-1  | INFO:     172.18.0.10:46598 - "POST /v3/discovery%3Aroutes HTTP/1.1" 200 OK
management-api-1       | INFO:     172.18.0.9:50264 - "GET /routes?gateway_type=kong&status=active HTTP/1.1" 200 OK
envoy-control-plane-1  | INFO:     172.18.0.10:46598 - "POST /v3/discovery%3Aclusters HTTP/1.1" 200 OK
gateway-envoy-1        | [2026-03-21 21:23:46.967][1][info][upstream] [source/common/upstream/cds_api_helper.cc:32] cds: add 6 cluster(s), remove 1 cluster(s)
gateway-envoy-1        | [2026-03-21 21:23:46.967][1][info][upstream] [source/common/upstream/cds_api_helper.cc:71] cds: added/updated 0 cluster(s), skipped 6 unmodified cluster(s)
management-api-1       | INFO:     172.18.0.3:34494 - "GET /routes?gateway_type=envoy&status=active HTTP/1.1" 200 OK
envoy-control-plane-1  | INFO:     172.18.0.10:46598 - "POST /v3/discovery%3Aroutes HTTP/1.1" 200 OK
envoy-control-plane-1  | INFO:     172.18.0.7:43044 - "GET /snapshot/routes HTTP/1.1" 200 OK
management-api-1       | INFO:     172.18.0.3:47312 - "GET /routes?gateway_type=envoy&status=active HTTP/1.1" 200 OK
management-api-1       | INFO:     172.18.0.9:41038 - "GET /routes?gateway_type=kong&status=active HTTP/1.1" 200 OK
kong-admin-proxy-1     | INFO:     172.18.0.7:48176 - "GET /sync-status/routes HTTP/1.1" 200 OK
envoy-control-plane-1  | INFO:     172.18.0.10:46598 - "POST /v3/discovery%3Alisteners HTTP/1.1" 200 OK
envoy-control-plane-1  | INFO:     172.18.0.10:46598 - "POST /v3/discovery%3Aclusters HTTP/1.1" 200 OK
gateway-envoy-1        | [2026-03-21 21:23:53.456][1][info][upstream] [source/common/upstream/cds_api_helper.cc:32] cds: add 6 cluster(s), remove 1 cluster(s)
gateway-envoy-1        | [2026-03-21 21:23:53.456][1][info][upstream] [source/common/upstream/cds_api_helper.cc:71] cds: added/updated 0 cluster(s), skipped 6 unmodified cluster(s)
management-api-1       | INFO:     172.18.0.3:47320 - "GET /routes?gateway_type=envoy&status=active HTTP/1.1" 200 OK
management-api-1       | INFO:     172.18.0.9:41044 - "GET /routes?gateway_type=kong&status=active HTTP/1.1" 200 OK
envoy-control-plane-1  | INFO:     172.18.0.10:46598 - "POST /v3/discovery%3Aroutes HTTP/1.1" 200 OK
envoy-control-plane-1  | INFO:     172.18.0.10:46598 - "POST /v3/discovery%3Aclusters HTTP/1.1" 200 OK
gateway-envoy-1        | [2026-03-21 21:24:00.164][1][info][upstream] [source/common/upstream/cds_api_helper.cc:32] cds: add 6 cluster(s), remove 1 cluster(s)
gateway-envoy-1        | [2026-03-21 21:24:00.164][1][info][upstream] [source/common/upstream/cds_api_helper.cc:71] cds: added/updated 0 cluster(s), skipped 6 unmodified cluster(s)
envoy-control-plane-1  | INFO:     172.18.0.7:45492 - "GET /snapshot/routes HTTP/1.1" 200 OK
management-api-1       | INFO:     172.18.0.3:44204 - "GET /routes?gateway_type=envoy&status=active HTTP/1.1" 200 OK
management-api-1       | INFO:     172.18.0.9:44966 - "GET /routes?gateway_type=kong&status=active HTTP/1.1" 200 OK
kong-admin-proxy-1     | INFO:     172.18.0.7:58174 - "GET /sync-status/routes HTTP/1.1" 200 OK
envoy-control-plane-1  | INFO:     172.18.0.10:46598 - "POST /v3/discovery%3Alisteners HTTP/1.1" 200 OK
envoy-control-plane-1  | INFO:     172.18.0.10:46598 - "POST /v3/discovery%3Aclusters HTTP/1.1" 200 OK
gateway-envoy-1        | [2026-03-21 21:24:06.066][1][info][upstream] [source/common/upstream/cds_api_helper.cc:32] cds: add 6 cluster(s), remove 1 cluster(s)
gateway-envoy-1        | [2026-03-21 21:24:06.066][1][info][upstream] [source/common/upstream/cds_api_helper.cc:71] cds: added/updated 0 cluster(s), skipped 6 unmodified cluster(s)
svc-api-1              | INFO:     172.18.0.8:43610 - "GET /api/public HTTP/1.1" 200 OK
gateway-kong-1         | 172.18.0.11 - - [21/Mar/2026:21:24:06 +0000] "GET /api/public HTTP/1.1" 200 183 "-" "test" kong_request_id: "ee00b4309a451b01e9bd3d15e4552927"
mock-psaas-1           | INFO:     172.18.0.12:34158 - "GET /api/public HTTP/1.1" 200 OK
mock-akamai-edge-1     | INFO:     172.18.0.13:34702 - "GET /api/public HTTP/1.1" 200 OK
mock-akamai-gtm-1      | INFO:     151.101.0.223:42198 - "GET /api/public HTTP/1.1" 200 OK
management-api-1       | INFO:     172.18.0.3:44220 - "GET /routes?gateway_type=envoy&status=active HTTP/1.1" 200 OK
management-api-1       | INFO:     172.18.0.9:44978 - "GET /routes?gateway_type=kong&status=active HTTP/1.1" 200 OK
envoy-control-plane-1  | INFO:     172.18.0.10:46598 - "POST /v3/discovery%3Aroutes HTTP/1.1" 200 OK
envoy-control-plane-1  | INFO:     172.18.0.10:46598 - "POST /v3/discovery%3Aclusters HTTP/1.1" 200 OK
gateway-envoy-1        | [2026-03-21 21:24:11.322][1][info][upstream] [source/common/upstream/cds_api_helper.cc:32] cds: add 6 cluster(s), remove 1 cluster(s)
gateway-envoy-1        | [2026-03-21 21:24:11.323][1][info][upstream] [source/common/upstream/cds_api_helper.cc:71] cds: added/updated 0 cluster(s), skipped 6 unmodified cluster(s)
envoy-control-plane-1  | INFO:     172.18.0.10:46598 - "POST /v3/discovery%3Alisteners HTTP/1.1" 200 OK
envoy-control-plane-1  | INFO:     172.18.0.7:55272 - "GET /snapshot/routes HTTP/1.1" 200 OK
management-api-1       | INFO:     172.18.0.9:55860 - "GET /routes?gateway_type=kong&status=active HTTP/1.1" 200 OK
management-api-1       | INFO:     172.18.0.3:44198 - "GET /routes?gateway_type=envoy&status=active HTTP/1.1" 200 OK
kong-admin-proxy-1     | INFO:     172.18.0.7:50052 - "GET /sync-status/routes HTTP/1.1" 200 OK
envoy-control-plane-1  | INFO:     172.18.0.10:46598 - "POST /v3/discovery%3Aroutes HTTP/1.1" 200 OK
management-api-1       | INFO:     172.18.0.3:44202 - "GET /routes?gateway_type=envoy&status=active HTTP/1.1" 200 OK
management-api-1       | INFO:     172.18.0.9:55868 - "GET /routes?gateway_type=kong&status=active HTTP/1.1" 200 OK
envoy-control-plane-1  | INFO:     172.18.0.10:38394 - "POST /v3/discovery%3Aclusters HTTP/1.1" 200 OK
gateway-envoy-1        | [2026-03-21 21:24:18.759][1][info][upstream] [source/common/upstream/cds_api_helper.cc:32] cds: add 6 cluster(s), remove 1 cluster(s)
gateway-envoy-1        | [2026-03-21 21:24:18.759][1][info][upstream] [source/common/upstream/cds_api_helper.cc:71] cds: added/updated 0 cluster(s), skipped 6 unmodified cluster(s)
envoy-control-plane-1  | INFO:     172.18.0.10:38394 - "POST /v3/discovery%3Alisteners HTTP/1.1" 200 OK
envoy-control-plane-1  | INFO:     172.18.0.10:38394 - "POST /v3/discovery%3Aroutes HTTP/1.1" 200 OK
envoy-control-plane-1  | INFO:     172.18.0.7:33754 - "GET /snapshot/routes HTTP/1.1" 200 OK
management-api-1       | INFO:     172.18.0.9:46604 - "GET /routes?gateway_type=kong&status=active HTTP/1.1" 200 OK
management-api-1       | INFO:     172.18.0.3:54104 - "GET /routes?gateway_type=envoy&status=active HTTP/1.1" 200 OK
kong-admin-proxy-1     | INFO:     172.18.0.7:44600 - "GET /sync-status/routes HTTP/1.1" 200 OK
management-api-1       | INFO:     172.18.0.9:46610 - "GET /routes?gateway_type=kong&status=active HTTP/1.1" 200 OK
management-api-1       | INFO:     172.18.0.3:54118 - "GET /routes?gateway_type=envoy&status=active HTTP/1.1" 200 OK
envoy-control-plane-1  | INFO:     172.18.0.10:38394 - "POST /v3/discovery%3Aclusters HTTP/1.1" 200 OK
gateway-envoy-1        | [2026-03-21 21:24:28.141][1][info][upstream] [source/common/upstream/cds_api_helper.cc:32] cds: add 6 cluster(s), remove 1 cluster(s)
gateway-envoy-1        | [2026-03-21 21:24:28.141][1][info][upstream] [source/common/upstream/cds_api_helper.cc:71] cds: added/updated 0 cluster(s), skipped 6 unmodified cluster(s)
envoy-control-plane-1  | INFO:     172.18.0.10:38394 - "POST /v3/discovery%3Aroutes HTTP/1.1" 200 OK
envoy-control-plane-1  | INFO:     172.18.0.10:38394 - "POST /v3/discovery%3Alisteners HTTP/1.1" 200 OK
envoy-control-plane-1  | INFO:     172.18.0.7:57396 - "GET /snapshot/routes HTTP/1.1" 200 OK
management-api-1       | INFO:     172.18.0.3:42144 - "GET /routes?gateway_type=envoy&status=active HTTP/1.1" 200 OK
management-api-1       | INFO:     172.18.0.9:38760 - "GET /routes?gateway_type=kong&status=active HTTP/1.1" 200 OK
kong-admin-proxy-1     | INFO:     172.18.0.7:56062 - "GET /sync-status/routes HTTP/1.1" 200 OK
envoy-control-plane-1  | INFO:     172.18.0.10:52946 - "POST /v3/discovery%3Aclusters HTTP/1.1" 200 OK
gateway-envoy-1        | [2026-03-21 21:24:36.035][1][info][upstream] [source/common/upstream/cds_api_helper.cc:32] cds: add 6 cluster(s), remove 1 cluster(s)
gateway-envoy-1        | [2026-03-21 21:24:36.035][1][info][upstream] [source/common/upstream/cds_api_helper.cc:71] cds: added/updated 0 cluster(s), skipped 6 unmodified cluster(s)
management-api-1       | INFO:     172.18.0.3:42160 - "GET /routes?gateway_type=envoy&status=active HTTP/1.1" 200 OK
management-api-1       | INFO:     172.18.0.9:38768 - "GET /routes?gateway_type=kong&status=active HTTP/1.1" 200 OK
envoy-control-plane-1  | INFO:     172.18.0.10:52946 - "POST /v3/discovery%3Aroutes HTTP/1.1" 200 OK
envoy-control-plane-1  | INFO:     172.18.0.10:52946 - "POST /v3/discovery%3Alisteners HTTP/1.1" 200 OK
envoy-control-plane-1  | INFO:     172.18.0.7:37196 - "GET /snapshot/routes HTTP/1.1" 200 OK
management-api-1       | INFO:     172.18.0.9:47278 - "GET /routes?gateway_type=kong&status=active HTTP/1.1" 200 OK
management-api-1       | INFO:     172.18.0.3:35594 - "GET /routes?gateway_type=envoy&status=active HTTP/1.1" 200 OK
kong-admin-proxy-1     | INFO:     172.18.0.7:37316 - "GET /sync-status/routes HTTP/1.1" 200 OK
envoy-control-plane-1  | INFO:     172.18.0.10:52946 - "POST /v3/discovery%3Aroutes HTTP/1.1" 200 OK
envoy-control-plane-1  | INFO:     172.18.0.10:52946 - "POST /v3/discovery%3Aclusters HTTP/1.1" 200 OK
gateway-envoy-1        | [2026-03-21 21:24:45.212][1][info][upstream] [source/common/upstream/cds_api_helper.cc:32] cds: add 6 cluster(s), remove 1 cluster(s)
gateway-envoy-1        | [2026-03-21 21:24:45.212][1][info][upstream] [source/common/upstream/cds_api_helper.cc:71] cds: added/updated 0 cluster(s), skipped 6 unmodified cluster(s)
envoy-control-plane-1  | INFO:     172.18.0.10:52946 - "POST /v3/discovery%3Alisteners HTTP/1.1" 200 OK
management-api-1       | INFO:     172.18.0.9:47284 - "GET /routes?gateway_type=kong&status=active HTTP/1.1" 200 OK
management-api-1       | INFO:     172.18.0.3:35610 - "GET /routes?gateway_type=envoy&status=active HTTP/1.1" 200 OK
envoy-control-plane-1  | INFO:     172.18.0.7:46318 - "GET /snapshot/routes HTTP/1.1" 200 OK
management-api-1       | INFO:     172.18.0.9:49180 - "GET /routes?gateway_type=kong&status=active HTTP/1.1" 200 OK
management-api-1       | INFO:     172.18.0.3:48268 - "GET /routes?gateway_type=envoy&status=active HTTP/1.1" 200 OK
kong-admin-proxy-1     | INFO:     172.18.0.7:52000 - "GET /sync-status/routes HTTP/1.1" 200 OK
envoy-control-plane-1  | INFO:     172.18.0.10:60710 - "POST /v3/discovery%3Aroutes HTTP/1.1" 200 OK
envoy-control-plane-1  | INFO:     172.18.0.10:60710 - "POST /v3/discovery%3Aclusters HTTP/1.1" 200 OK
gateway-envoy-1        | [2026-03-21 21:24:54.662][1][info][upstream] [source/common/upstream/cds_api_helper.cc:32] cds: add 6 cluster(s), remove 1 cluster(s)
gateway-envoy-1        | [2026-03-21 21:24:54.662][1][info][upstream] [source/common/upstream/cds_api_helper.cc:71] cds: added/updated 0 cluster(s), skipped 6 unmodified cluster(s)
envoy-control-plane-1  | INFO:     172.18.0.10:60710 - "POST /v3/discovery%3Alisteners HTTP/1.1" 200 OK
management-api-1       | INFO:     172.18.0.9:49192 - "GET /routes?gateway_type=kong&status=active HTTP/1.1" 200 OK
management-api-1       | INFO:     172.18.0.3:48274 - "GET /routes?gateway_type=envoy&status=active HTTP/1.1" 200 OK
envoy-control-plane-1  | INFO:     172.18.0.10:60710 - "POST /v3/discovery%3Aclusters HTTP/1.1" 200 OK
gateway-envoy-1        | [2026-03-21 21:25:00.182][1][info][upstream] [source/common/upstream/cds_api_helper.cc:32] cds: add 6 cluster(s), remove 1 cluster(s)
gateway-envoy-1        | [2026-03-21 21:25:00.182][1][info][upstream] [source/common/upstream/cds_api_helper.cc:71] cds: added/updated 0 cluster(s), skipped 6 unmodified cluster(s)
envoy-control-plane-1  | INFO:     172.18.0.7:49726 - "GET /snapshot/routes HTTP/1.1" 200 OK
management-api-1       | INFO:     172.18.0.9:56274 - "GET /routes?gateway_type=kong&status=active HTTP/1.1" 200 OK
management-api-1       | INFO:     172.18.0.3:41340 - "GET /routes?gateway_type=envoy&status=active HTTP/1.1" 200 OK
kong-admin-proxy-1     | INFO:     172.18.0.7:59614 - "GET /sync-status/routes HTTP/1.1" 200 OK
envoy-control-plane-1  | INFO:     172.18.0.10:60710 - "POST /v3/discovery%3Aroutes HTTP/1.1" 200 OK
auth-service-1         | INFO:     172.18.0.10:55780 - "GET /gateway/ext-authz/web/gavin HTTP/1.1" 404 Not Found
envoy-control-plane-1  | INFO:     172.18.0.10:60710 - "POST /v3/discovery%3Alisteners HTTP/1.1" 200 OK
management-api-1       | INFO:     172.18.0.9:56288 - "GET /routes?gateway_type=kong&status=active HTTP/1.1" 200 OK
management-api-1       | INFO:     172.18.0.3:41350 - "GET /routes?gateway_type=envoy&status=active HTTP/1.1" 200 OK
envoy-control-plane-1  | INFO:     172.18.0.10:60710 - "POST /v3/discovery%3Aroutes HTTP/1.1" 200 OK
envoy-control-plane-1  | INFO:     172.18.0.10:60710 - "POST /v3/discovery%3Aclusters HTTP/1.1" 200 OK
gateway-envoy-1        | [2026-03-21 21:25:09.782][1][info][upstream] [source/common/upstream/cds_api_helper.cc:32] cds: add 6 cluster(s), remove 1 cluster(s)
gateway-envoy-1        | [2026-03-21 21:25:09.782][1][info][upstream] [source/common/upstream/cds_api_helper.cc:71] cds: added/updated 0 cluster(s), skipped 6 unmodified cluster(s)
envoy-control-plane-1  | INFO:     172.18.0.10:60710 - "POST /v3/discovery%3Alisteners HTTP/1.1" 200 OK
envoy-control-plane-1  | INFO:     172.18.0.7:35502 - "GET /snapshot/routes HTTP/1.1" 200 OK
management-api-1       | INFO:     172.18.0.3:47764 - "GET /routes?gateway_type=envoy&status=active HTTP/1.1" 200 OK
management-api-1       | INFO:     172.18.0.9:50252 - "GET /routes?gateway_type=kong&status=active HTTP/1.1" 200 OK
kong-admin-proxy-1     | INFO:     172.18.0.7:56514 - "GET /sync-status/routes HTTP/1.1" 200 OK
auth-service-1         | INFO:     151.101.0.223:65482 - "GET /sessions HTTP/1.1" 200 OK
management-api-1       | INFO:     151.101.0.223:57306 - "GET /routes HTTP/1.1" 200 OK
console-1              | 151.101.0.223 - - [21/Mar/2026:21:25:14 +0000] "GET /favicon.ico HTTP/1.1" 200 326 "http://localhost:3000/" "Mozilla/5.0 (Macintosh; Intel Mac OS X 10_15_7) AppleWebKit/537.36 (KHTML, like Gecko) Chrome/146.0.0.0 Safari/537.36" "-"
management-api-1       | INFO:     151.101.0.223:47766 - "GET /drift HTTP/1.1" 200 OK
auth-service-1         | INFO:     151.101.0.223:65482 - "GET /health HTTP/1.1" 200 OK
management-api-1       | INFO:     151.101.0.223:47766 - "GET /health HTTP/1.1" 200 OK
management-api-1       | INFO:     172.18.0.3:47776 - "GET /routes?gateway_type=envoy&status=active HTTP/1.1" 200 OK
management-api-1       | INFO:     172.18.0.9:50268 - "GET /routes?gateway_type=kong&status=active HTTP/1.1" 200 OK
envoy-control-plane-1  | INFO:     172.18.0.10:60710 - "POST /v3/discovery%3Aroutes HTTP/1.1" 200 OK
envoy-control-plane-1  | INFO:     172.18.0.10:60710 - "POST /v3/discovery%3Alisteners HTTP/1.1" 200 OK
auth-service-1         | INFO:     151.101.0.223:65482 - "GET /sessions HTTP/1.1" 200 OK
management-api-1       | INFO:     151.101.0.223:47766 - "GET /routes HTTP/1.1" 200 OK
management-api-1       | INFO:     151.101.0.223:57306 - "GET /drift HTTP/1.1" 200 OK
auth-service-1         | INFO:     151.101.0.223:65482 - "GET /health HTTP/1.1" 200 OK
management-api-1       | INFO:     151.101.0.223:57306 - "GET /health HTTP/1.1" 200 OK
envoy-control-plane-1  | INFO:     172.18.0.10:60710 - "POST /v3/discovery%3Aclusters HTTP/1.1" 200 OK
gateway-envoy-1        | [2026-03-21 21:25:19.392][1][info][upstream] [source/common/upstream/cds_api_helper.cc:32] cds: add 6 cluster(s), remove 1 cluster(s)
gateway-envoy-1        | [2026-03-21 21:25:19.392][1][info][upstream] [source/common/upstream/cds_api_helper.cc:71] cds: added/updated 0 cluster(s), skipped 6 unmodified cluster(s)
envoy-control-plane-1  | INFO:     172.18.0.7:49112 - "GET /snapshot/routes HTTP/1.1" 200 OK
management-api-1       | INFO:     172.18.0.3:43114 - "GET /routes?gateway_type=envoy&status=active HTTP/1.1" 200 OK
management-api-1       | INFO:     172.18.0.9:45936 - "GET /routes?gateway_type=kong&status=active HTTP/1.1" 200 OK
kong-admin-proxy-1     | INFO:     172.18.0.7:60958 - "GET /sync-status/routes HTTP/1.1" 200 OK
envoy-control-plane-1  | INFO:     172.18.0.10:60710 - "POST /v3/discovery%3Aroutes HTTP/1.1" 200 OK
envoy-control-plane-1  | INFO:     172.18.0.10:60710 - "POST /v3/discovery%3Alisteners HTTP/1.1" 200 OK
auth-service-1         | INFO:     151.101.0.223:65482 - "GET /sessions HTTP/1.1" 200 OK
management-api-1       | INFO:     151.101.0.223:57306 - "GET /routes HTTP/1.1" 200 OK
management-api-1       | INFO:     151.101.0.223:47766 - "GET /drift HTTP/1.1" 200 OK
auth-service-1         | INFO:     151.101.0.223:65482 - "GET /health HTTP/1.1" 200 OK
management-api-1       | INFO:     151.101.0.223:47766 - "GET /health HTTP/1.1" 200 OK
envoy-control-plane-1  | INFO:     172.18.0.10:60710 - "POST /v3/discovery%3Aclusters HTTP/1.1" 200 OK
gateway-envoy-1        | [2026-03-21 21:25:24.801][1][info][upstream] [source/common/upstream/cds_api_helper.cc:32] cds: add 6 cluster(s), remove 1 cluster(s)
gateway-envoy-1        | [2026-03-21 21:25:24.801][1][info][upstream] [source/common/upstream/cds_api_helper.cc:71] cds: added/updated 0 cluster(s), skipped 6 unmodified cluster(s)
management-api-1       | INFO:     172.18.0.9:45944 - "GET /routes?gateway_type=kong&status=active HTTP/1.1" 200 OK
management-api-1       | INFO:     172.18.0.3:43116 - "GET /routes?gateway_type=envoy&status=active HTTP/1.1" 200 OK
envoy-control-plane-1  | INFO:     172.18.0.10:60710 - "POST /v3/discovery%3Aroutes HTTP/1.1" 200 OK
management-api-1       | INFO:     151.101.0.223:47766 - "GET /routes HTTP/1.1" 200 OK
management-api-1       | INFO:     151.101.0.223:57306 - "GET /audit-log HTTP/1.1" 200 OK
management-api-1       | INFO:     151.101.0.223:27357 - "GET /actuals HTTP/1.1" 200 OK
console-1              | 151.101.0.223 - - [21/Mar/2026:21:25:28 +0000] "GET /favicon.ico HTTP/1.1" 200 326 "http://localhost:3000/routes" "Mozilla/5.0 (Macintosh; Intel Mac OS X 10_15_7) AppleWebKit/537.36 (KHTML, like Gecko) Chrome/146.0.0.0 Safari/537.36" "-"
management-api-1       | INFO:     151.101.0.223:27357 - "GET /drift HTTP/1.1" 200 OK
console-1              | 151.101.0.223 - - [21/Mar/2026:21:25:31 +0000] "GET /favicon.ico HTTP/1.1" 200 326 "http://localhost:3000/drift" "Mozilla/5.0 (Macintosh; Intel Mac OS X 10_15_7) AppleWebKit/537.36 (KHTML, like Gecko) Chrome/146.0.0.0 Safari/537.36" "-"
envoy-control-plane-1  | INFO:     172.18.0.10:60710 - "POST /v3/discovery%3Aclusters HTTP/1.1" 200 OK
gateway-envoy-1        | [2026-03-21 21:25:32.292][1][info][upstream] [source/common/upstream/cds_api_helper.cc:32] cds: add 6 cluster(s), remove 1 cluster(s)
gateway-envoy-1        | [2026-03-21 21:25:32.292][1][info][upstream] [source/common/upstream/cds_api_helper.cc:71] cds: added/updated 0 cluster(s), skipped 6 unmodified cluster(s)
envoy-control-plane-1  | INFO:     172.18.0.7:58260 - "GET /snapshot/routes HTTP/1.1" 200 OK
kong-admin-proxy-1     | INFO:     172.18.0.7:41376 - "GET /sync-status/routes HTTP/1.1" 200 OK
management-api-1       | INFO:     172.18.0.3:40348 - "GET /routes?gateway_type=envoy&status=active HTTP/1.1" 200 OK
management-api-1       | INFO:     172.18.0.9:41184 - "GET /routes?gateway_type=kong&status=active HTTP/1.1" 200 OK
envoy-control-plane-1  | INFO:     172.18.0.10:60710 - "POST /v3/discovery%3Alisteners HTTP/1.1" 200 OK
management-api-1       | INFO:     151.101.0.223:27357 - "GET /routes HTTP/1.1" 200 OK
console-1              | 151.101.0.223 - - [21/Mar/2026:21:25:32 +0000] "GET /favicon.ico HTTP/1.1" 200 326 "http://localhost:3000/routes" "Mozilla/5.0 (Macintosh; Intel Mac OS X 10_15_7) AppleWebKit/537.36 (KHTML, like Gecko) Chrome/146.0.0.0 Safari/537.36" "-"
management-api-1       | INFO:     151.101.0.223:57306 - "GET /actuals HTTP/1.1" 200 OK
management-api-1       | INFO:     151.101.0.223:47766 - "GET /audit-log HTTP/1.1" 200 OK
management-api-1       | INFO:     151.101.0.223:47766 - "GET /routes HTTP/1.1" 200 OK
auth-service-1         | INFO:     151.101.0.223:55396 - "GET /sessions HTTP/1.1" 200 OK
console-1              | 151.101.0.223 - - [21/Mar/2026:21:25:33 +0000] "GET /favicon.ico HTTP/1.1" 200 326 "http://localhost:3000/" "Mozilla/5.0 (Macintosh; Intel Mac OS X 10_15_7) AppleWebKit/537.36 (KHTML, like Gecko) Chrome/146.0.0.0 Safari/537.36" "-"
management-api-1       | INFO:     151.101.0.223:57306 - "GET /drift HTTP/1.1" 200 OK
auth-service-1         | INFO:     151.101.0.223:55396 - "GET /health HTTP/1.1" 200 OK
management-api-1       | INFO:     151.101.0.223:57306 - "GET /health HTTP/1.1" 200 OK
envoy-control-plane-1  | INFO:     172.18.0.10:60710 - "POST /v3/discovery%3Aroutes HTTP/1.1" 200 OK
management-api-1       | INFO:     172.18.0.9:41190 - "GET /routes?gateway_type=kong&status=active HTTP/1.1" 200 OK
management-api-1       | INFO:     172.18.0.3:40354 - "GET /routes?gateway_type=envoy&status=active HTTP/1.1" 200 OK
auth-service-1         | INFO:     151.101.0.223:55396 - "GET /sessions HTTP/1.1" 200 OK
management-api-1       | INFO:     151.101.0.223:47766 - "GET /drift HTTP/1.1" 200 OK
management-api-1       | INFO:     151.101.0.223:57306 - "GET /routes HTTP/1.1" 200 OK
auth-service-1         | INFO:     151.101.0.223:55396 - "GET /health HTTP/1.1" 200 OK
management-api-1       | INFO:     151.101.0.223:47766 - "GET /health HTTP/1.1" 200 OK
envoy-control-plane-1  | INFO:     172.18.0.10:60710 - "POST /v3/discovery%3Aclusters HTTP/1.1" 200 OK
gateway-envoy-1        | [2026-03-21 21:25:39.153][1][info][upstream] [source/common/upstream/cds_api_helper.cc:32] cds: add 6 cluster(s), remove 1 cluster(s)
gateway-envoy-1        | [2026-03-21 21:25:39.153][1][info][upstream] [source/common/upstream/cds_api_helper.cc:71] cds: added/updated 0 cluster(s), skipped 6 unmodified cluster(s)
envoy-control-plane-1  | INFO:     172.18.0.10:60710 - "POST /v3/discovery%3Alisteners HTTP/1.1" 200 OK
envoy-control-plane-1  | INFO:     172.18.0.7:34926 - "GET /snapshot/routes HTTP/1.1" 200 OK
management-api-1       | INFO:     172.18.0.9:55200 - "GET /routes?gateway_type=kong&status=active HTTP/1.1" 200 OK
management-api-1       | INFO:     172.18.0.3:42082 - "GET /routes?gateway_type=envoy&status=active HTTP/1.1" 200 OK
kong-admin-proxy-1     | INFO:     172.18.0.7:58680 - "GET /sync-status/routes HTTP/1.1" 200 OK
auth-service-1         | INFO:     151.101.0.223:55396 - "GET /sessions HTTP/1.1" 200 OK
management-api-1       | INFO:     151.101.0.223:47766 - "GET /drift HTTP/1.1" 200 OK
management-api-1       | INFO:     151.101.0.223:57306 - "GET /routes HTTP/1.1" 200 OK
auth-service-1         | INFO:     151.101.0.223:55396 - "GET /health HTTP/1.1" 200 OK
management-api-1       | INFO:     151.101.0.223:57306 - "GET /health HTTP/1.1" 200 OK
console-1              | 151.101.0.223 - - [21/Mar/2026:21:25:43 +0000] "GET /favicon.ico HTTP/1.1" 200 326 "http://localhost:3000/traces" "Mozilla/5.0 (Macintosh; Intel Mac OS X 10_15_7) AppleWebKit/537.36 (KHTML, like Gecko) Chrome/146.0.0.0 Safari/537.36" "-"
envoy-control-plane-1  | INFO:     172.18.0.10:60710 - "POST /v3/discovery%3Aroutes HTTP/1.1" 200 OK
envoy-control-plane-1  | INFO:     172.18.0.10:60710 - "POST /v3/discovery%3Aclusters HTTP/1.1" 200 OK
gateway-envoy-1        | [2026-03-21 21:25:45.337][1][info][upstream] [source/common/upstream/cds_api_helper.cc:32] cds: add 6 cluster(s), remove 1 cluster(s)
gateway-envoy-1        | [2026-03-21 21:25:45.337][1][info][upstream] [source/common/upstream/cds_api_helper.cc:71] cds: added/updated 0 cluster(s), skipped 6 unmodified cluster(s)
management-api-1       | INFO:     172.18.0.9:55206 - "GET /routes?gateway_type=kong&status=active HTTP/1.1" 200 OK
management-api-1       | INFO:     172.18.0.3:42098 - "GET /routes?gateway_type=envoy&status=active HTTP/1.1" 200 OK
auth-service-1         | INFO:     151.101.0.223:55396 - "GET /sessions HTTP/1.1" 200 OK
management-api-1       | INFO:     151.101.0.223:57306 - "GET /routes HTTP/1.1" 200 OK
console-1              | 151.101.0.223 - - [21/Mar/2026:21:25:47 +0000] "GET /favicon.ico HTTP/1.1" 200 326 "http://localhost:3000/" "Mozilla/5.0 (Macintosh; Intel Mac OS X 10_15_7) AppleWebKit/537.36 (KHTML, like Gecko) Chrome/146.0.0.0 Safari/537.36" "-"
management-api-1       | INFO:     151.101.0.223:47766 - "GET /drift HTTP/1.1" 200 OK
auth-service-1         | INFO:     151.101.0.223:55396 - "GET /health HTTP/1.1" 200 OK
management-api-1       | INFO:     151.101.0.223:47766 - "GET /health HTTP/1.1" 200 OK
envoy-control-plane-1  | INFO:     172.18.0.10:60710 - "POST /v3/discovery%3Alisteners HTTP/1.1" 200 OK
envoy-control-plane-1  | INFO:     172.18.0.7:34106 - "GET /snapshot/routes HTTP/1.1" 200 OK
management-api-1       | INFO:     172.18.0.3:49876 - "GET /routes?gateway_type=envoy&status=active HTTP/1.1" 200 OK
management-api-1       | INFO:     172.18.0.9:58786 - "GET /routes?gateway_type=kong&status=active HTTP/1.1" 200 OK
auth-service-1         | INFO:     151.101.0.223:55396 - "GET /sessions HTTP/1.1" 200 OK
management-api-1       | INFO:     151.101.0.223:47766 - "GET /routes HTTP/1.1" 200 OK
management-api-1       | INFO:     151.101.0.223:57306 - "GET /drift HTTP/1.1" 200 OK
