envoy-control-plane-1  | INFO:     172.18.0.10:43748 - "POST /v3/discovery%3Aroutes HTTP/1.1" 200 OK
envoy-control-plane-1  | INFO:     172.18.0.10:43748 - "POST /v3/discovery%3Aclusters HTTP/1.1" 200 OK
gateway-envoy-1        | [2026-03-21 21:12:08.569][1][info][upstream] [source/common/upstream/cds_api_helper.cc:32] cds: add 5 cluster(s), remove 1 cluster(s)
gateway-envoy-1        | [2026-03-21 21:12:08.569][1][info][upstream] [source/common/upstream/cds_api_helper.cc:71] cds: added/updated 0 cluster(s), skipped 5 unmodified cluster(s)
envoy-control-plane-1  | INFO:     172.18.0.10:43748 - "POST /v3/discovery%3Alisteners HTTP/1.1" 200 OK
management-api-1       | INFO:     172.18.0.3:33964 - "GET /routes?gateway_type=envoy&status=active HTTP/1.1" 200 OK
management-api-1       | INFO:     172.18.0.9:33394 - "GET /routes?gateway_type=kong&status=active HTTP/1.1" 200 OK
envoy-control-plane-1  | INFO:     172.18.0.7:35646 - "GET /snapshot/routes HTTP/1.1" 200 OK
kong-admin-proxy-1     | INFO:     172.18.0.7:58362 - "GET /sync-status/routes HTTP/1.1" 200 OK
management-api-1       | INFO:     172.18.0.3:58408 - "GET /routes?gateway_type=envoy&status=active HTTP/1.1" 200 OK
management-api-1       | INFO:     172.18.0.9:49640 - "GET /routes?gateway_type=kong&status=active HTTP/1.1" 200 OK
envoy-control-plane-1  | INFO:     172.18.0.10:36418 - "POST /v3/discovery%3Aroutes HTTP/1.1" 200 OK
envoy-control-plane-1  | INFO:     172.18.0.10:36418 - "POST /v3/discovery%3Aclusters HTTP/1.1" 200 OK
gateway-envoy-1        | [2026-03-21 21:12:17.200][1][info][upstream] [source/common/upstream/cds_api_helper.cc:32] cds: add 5 cluster(s), remove 1 cluster(s)
gateway-envoy-1        | [2026-03-21 21:12:17.200][1][info][upstream] [source/common/upstream/cds_api_helper.cc:71] cds: added/updated 0 cluster(s), skipped 5 unmodified cluster(s)
envoy-control-plane-1  | INFO:     172.18.0.10:36418 - "POST /v3/discovery%3Alisteners HTTP/1.1" 200 OK
envoy-control-plane-1  | INFO:     172.18.0.7:48914 - "GET /snapshot/routes HTTP/1.1" 200 OK
management-api-1       | INFO:     172.18.0.3:58422 - "GET /routes?gateway_type=envoy&status=active HTTP/1.1" 200 OK
management-api-1       | INFO:     172.18.0.9:49656 - "GET /routes?gateway_type=kong&status=active HTTP/1.1" 200 OK
kong-admin-proxy-1     | INFO:     172.18.0.7:52788 - "GET /sync-status/routes HTTP/1.1" 200 OK
envoy-control-plane-1  | INFO:     172.18.0.10:36418 - "POST /v3/discovery%3Aroutes HTTP/1.1" 200 OK
management-api-1       | INFO:     172.18.0.3:42896 - "GET /routes?gateway_type=envoy&status=active HTTP/1.1" 200 OK
management-api-1       | INFO:     172.18.0.9:35956 - "GET /routes?gateway_type=kong&status=active HTTP/1.1" 200 OK
envoy-control-plane-1  | INFO:     172.18.0.10:36418 - "POST /v3/discovery%3Alisteners HTTP/1.1" 200 OK
envoy-control-plane-1  | INFO:     172.18.0.10:36418 - "POST /v3/discovery%3Aclusters HTTP/1.1" 200 OK
gateway-envoy-1        | [2026-03-21 21:12:27.043][1][info][upstream] [source/common/upstream/cds_api_helper.cc:32] cds: add 5 cluster(s), remove 1 cluster(s)
gateway-envoy-1        | [2026-03-21 21:12:27.043][1][info][upstream] [source/common/upstream/cds_api_helper.cc:71] cds: added/updated 0 cluster(s), skipped 5 unmodified cluster(s)
envoy-control-plane-1  | INFO:     172.18.0.7:60244 - "GET /snapshot/routes HTTP/1.1" 200 OK
management-api-1       | INFO:     172.18.0.3:42910 - "GET /routes?gateway_type=envoy&status=active HTTP/1.1" 200 OK
management-api-1       | INFO:     172.18.0.9:35970 - "GET /routes?gateway_type=kong&status=active HTTP/1.1" 200 OK
kong-admin-proxy-1     | INFO:     172.18.0.7:53214 - "GET /sync-status/routes HTTP/1.1" 200 OK
envoy-control-plane-1  | INFO:     172.18.0.10:36418 - "POST /v3/discovery%3Aroutes HTTP/1.1" 200 OK
envoy-control-plane-1  | INFO:     172.18.0.10:36418 - "POST /v3/discovery%3Alisteners HTTP/1.1" 200 OK
management-api-1       | INFO:     172.18.0.3:34878 - "GET /routes?gateway_type=envoy&status=active HTTP/1.1" 200 OK
management-api-1       | INFO:     172.18.0.9:41820 - "GET /routes?gateway_type=kong&status=active HTTP/1.1" 200 OK
envoy-control-plane-1  | INFO:     172.18.0.10:57970 - "POST /v3/discovery%3Aclusters HTTP/1.1" 200 OK
gateway-envoy-1        | [2026-03-21 21:12:36.975][1][info][upstream] [source/common/upstream/cds_api_helper.cc:32] cds: add 5 cluster(s), remove 1 cluster(s)
gateway-envoy-1        | [2026-03-21 21:12:36.975][1][info][upstream] [source/common/upstream/cds_api_helper.cc:71] cds: added/updated 0 cluster(s), skipped 5 unmodified cluster(s)
envoy-control-plane-1  | INFO:     172.18.0.7:54966 - "GET /snapshot/routes HTTP/1.1" 200 OK
management-api-1       | INFO:     172.18.0.3:34886 - "GET /routes?gateway_type=envoy&status=active HTTP/1.1" 200 OK
management-api-1       | INFO:     172.18.0.9:41830 - "GET /routes?gateway_type=kong&status=active HTTP/1.1" 200 OK
kong-admin-proxy-1     | INFO:     172.18.0.7:47496 - "GET /sync-status/routes HTTP/1.1" 200 OK
envoy-control-plane-1  | INFO:     172.18.0.10:57970 - "POST /v3/discovery%3Aroutes HTTP/1.1" 200 OK
envoy-control-plane-1  | INFO:     172.18.0.10:57970 - "POST /v3/discovery%3Alisteners HTTP/1.1" 200 OK
management-api-1       | INFO:     172.18.0.3:54314 - "GET /routes?gateway_type=envoy&status=active HTTP/1.1" 200 OK
management-api-1       | INFO:     172.18.0.9:47006 - "GET /routes?gateway_type=kong&status=active HTTP/1.1" 200 OK
envoy-control-plane-1  | INFO:     172.18.0.10:41826 - "POST /v3/discovery%3Aclusters HTTP/1.1" 200 OK
gateway-envoy-1        | [2026-03-21 21:12:45.921][1][info][upstream] [source/common/upstream/cds_api_helper.cc:32] cds: add 5 cluster(s), remove 1 cluster(s)
gateway-envoy-1        | [2026-03-21 21:12:45.921][1][info][upstream] [source/common/upstream/cds_api_helper.cc:71] cds: added/updated 0 cluster(s), skipped 5 unmodified cluster(s)
envoy-control-plane-1  | INFO:     172.18.0.10:41826 - "POST /v3/discovery%3Aroutes HTTP/1.1" 200 OK
envoy-control-plane-1  | INFO:     172.18.0.7:53158 - "GET /snapshot/routes HTTP/1.1" 200 OK
envoy-control-plane-1  | INFO:     172.18.0.10:41826 - "POST /v3/discovery%3Alisteners HTTP/1.1" 200 OK
management-api-1       | INFO:     172.18.0.3:54318 - "GET /routes?gateway_type=envoy&status=active HTTP/1.1" 200 OK
kong-admin-proxy-1     | INFO:     172.18.0.7:50516 - "GET /sync-status/routes HTTP/1.1" 200 OK
management-api-1       | INFO:     172.18.0.9:47014 - "GET /routes?gateway_type=kong&status=active HTTP/1.1" 200 OK
management-api-1       | INFO:     172.18.0.3:55212 - "GET /routes?gateway_type=envoy&status=active HTTP/1.1" 200 OK
management-api-1       | INFO:     172.18.0.9:55592 - "GET /routes?gateway_type=kong&status=active HTTP/1.1" 200 OK
envoy-control-plane-1  | INFO:     172.18.0.10:59916 - "POST /v3/discovery%3Aroutes HTTP/1.1" 200 OK
envoy-control-plane-1  | INFO:     172.18.0.10:59916 - "POST /v3/discovery%3Alisteners HTTP/1.1" 200 OK
envoy-control-plane-1  | INFO:     172.18.0.10:59928 - "POST /v3/discovery%3Aclusters HTTP/1.1" 200 OK
gateway-envoy-1        | [2026-03-21 21:12:55.140][1][info][upstream] [source/common/upstream/cds_api_helper.cc:32] cds: add 5 cluster(s), remove 1 cluster(s)
gateway-envoy-1        | [2026-03-21 21:12:55.140][1][info][upstream] [source/common/upstream/cds_api_helper.cc:71] cds: added/updated 0 cluster(s), skipped 5 unmodified cluster(s)
envoy-control-plane-1  | INFO:     172.18.0.7:47646 - "GET /snapshot/routes HTTP/1.1" 200 OK
management-api-1       | INFO:     172.18.0.3:55218 - "GET /routes?gateway_type=envoy&status=active HTTP/1.1" 200 OK
kong-admin-proxy-1     | INFO:     172.18.0.7:51888 - "GET /sync-status/routes HTTP/1.1" 200 OK
management-api-1       | INFO:     172.18.0.9:55606 - "GET /routes?gateway_type=kong&status=active HTTP/1.1" 200 OK
envoy-control-plane-1  | INFO:     172.18.0.10:59916 - "POST /v3/discovery%3Aclusters HTTP/1.1" 200 OK
gateway-envoy-1        | [2026-03-21 21:13:01.145][1][info][upstream] [source/common/upstream/cds_api_helper.cc:32] cds: add 5 cluster(s), remove 1 cluster(s)
gateway-envoy-1        | [2026-03-21 21:13:01.145][1][info][upstream] [source/common/upstream/cds_api_helper.cc:71] cds: added/updated 0 cluster(s), skipped 5 unmodified cluster(s)
envoy-control-plane-1  | INFO:     172.18.0.10:59916 - "POST /v3/discovery%3Alisteners HTTP/1.1" 200 OK
auth-service-1         | INFO:     151.101.0.223:30759 - "GET /sessions HTTP/1.1" 200 OK
console-1              | 151.101.0.223 - - [21/Mar/2026:21:13:03 +0000] "GET /favicon.ico HTTP/1.1" 304 0 "http://localhost:3000/" "Mozilla/5.0 (Macintosh; Intel Mac OS X 10_15_7) AppleWebKit/537.36 (KHTML, like Gecko) Chrome/146.0.0.0 Safari/537.36" "-"
management-api-1       | INFO:     151.101.0.223:53296 - "GET /routes HTTP/1.1" 200 OK
management-api-1       | INFO:     151.101.0.223:54181 - "GET /drift HTTP/1.1" 200 OK
auth-service-1         | INFO:     151.101.0.223:30759 - "GET /health HTTP/1.1" 200 OK
management-api-1       | INFO:     151.101.0.223:54181 - "GET /health HTTP/1.1" 200 OK
envoy-control-plane-1  | INFO:     172.18.0.10:59916 - "POST /v3/discovery%3Aroutes HTTP/1.1" 200 OK
management-api-1       | INFO:     172.18.0.3:40306 - "GET /routes?gateway_type=envoy&status=active HTTP/1.1" 200 OK
management-api-1       | INFO:     172.18.0.9:57508 - "GET /routes?gateway_type=kong&status=active HTTP/1.1" 200 OK
envoy-control-plane-1  | INFO:     172.18.0.10:59916 - "POST /v3/discovery%3Aclusters HTTP/1.1" 200 OK
gateway-envoy-1        | [2026-03-21 21:13:06.349][1][info][upstream] [source/common/upstream/cds_api_helper.cc:32] cds: add 5 cluster(s), remove 1 cluster(s)
gateway-envoy-1        | [2026-03-21 21:13:06.349][1][info][upstream] [source/common/upstream/cds_api_helper.cc:71] cds: added/updated 0 cluster(s), skipped 5 unmodified cluster(s)
envoy-control-plane-1  | INFO:     172.18.0.10:59916 - "POST /v3/discovery%3Alisteners HTTP/1.1" 200 OK
auth-service-1         | INFO:     151.101.0.223:30759 - "GET /sessions HTTP/1.1" 200 OK
management-api-1       | INFO:     151.101.0.223:53296 - "GET /drift HTTP/1.1" 200 OK
management-api-1       | INFO:     151.101.0.223:54181 - "GET /routes HTTP/1.1" 200 OK
auth-service-1         | INFO:     151.101.0.223:30759 - "GET /health HTTP/1.1" 200 OK
management-api-1       | INFO:     151.101.0.223:53296 - "GET /health HTTP/1.1" 200 OK
auth-service-1         | INFO:     151.101.0.223:30759 - "GET /sessions HTTP/1.1" 200 OK
envoy-control-plane-1  | INFO:     172.18.0.7:39444 - "GET /snapshot/routes HTTP/1.1" 200 OK
management-api-1       | INFO:     172.18.0.3:40308 - "GET /routes?gateway_type=envoy&status=active HTTP/1.1" 200 OK
management-api-1       | INFO:     172.18.0.9:57520 - "GET /routes?gateway_type=kong&status=active HTTP/1.1" 200 OK
kong-admin-proxy-1     | INFO:     172.18.0.7:45976 - "GET /sync-status/routes HTTP/1.1" 200 OK
envoy-control-plane-1  | INFO:     172.18.0.10:59916 - "POST /v3/discovery%3Alisteners HTTP/1.1" 200 OK
envoy-control-plane-1  | INFO:     172.18.0.10:59916 - "POST /v3/discovery%3Aclusters HTTP/1.1" 200 OK
gateway-envoy-1        | [2026-03-21 21:13:13.068][1][info][upstream] [source/common/upstream/cds_api_helper.cc:32] cds: add 5 cluster(s), remove 1 cluster(s)
gateway-envoy-1        | [2026-03-21 21:13:13.068][1][info][upstream] [source/common/upstream/cds_api_helper.cc:71] cds: added/updated 0 cluster(s), skipped 5 unmodified cluster(s)
envoy-control-plane-1  | INFO:     172.18.0.10:59916 - "POST /v3/discovery%3Aroutes HTTP/1.1" 200 OK
management-api-1       | INFO:     172.18.0.9:60602 - "GET /routes?gateway_type=kong&status=active HTTP/1.1" 200 OK
management-api-1       | INFO:     172.18.0.3:34656 - "GET /routes?gateway_type=envoy&status=active HTTP/1.1" 200 OK
envoy-control-plane-1  | INFO:     172.18.0.10:59916 - "POST /v3/discovery%3Alisteners HTTP/1.1" 200 OK
envoy-control-plane-1  | INFO:     172.18.0.7:35126 - "GET /snapshot/routes HTTP/1.1" 200 OK
management-api-1       | INFO:     172.18.0.3:34662 - "GET /routes?gateway_type=envoy&status=active HTTP/1.1" 200 OK
kong-admin-proxy-1     | INFO:     172.18.0.7:52846 - "GET /sync-status/routes HTTP/1.1" 200 OK
management-api-1       | INFO:     172.18.0.9:60612 - "GET /routes?gateway_type=kong&status=active HTTP/1.1" 200 OK
envoy-control-plane-1  | INFO:     172.18.0.10:59916 - "POST /v3/discovery%3Aroutes HTTP/1.1" 200 OK
envoy-control-plane-1  | INFO:     172.18.0.10:59916 - "POST /v3/discovery%3Aclusters HTTP/1.1" 200 OK
gateway-envoy-1        | [2026-03-21 21:13:21.991][1][info][upstream] [source/common/upstream/cds_api_helper.cc:32] cds: add 5 cluster(s), remove 1 cluster(s)
gateway-envoy-1        | [2026-03-21 21:13:21.991][1][info][upstream] [source/common/upstream/cds_api_helper.cc:71] cds: added/updated 0 cluster(s), skipped 5 unmodified cluster(s)
management-api-1       | INFO:     172.18.0.3:56506 - "GET /routes?gateway_type=envoy&status=active HTTP/1.1" 200 OK
management-api-1       | INFO:     172.18.0.9:53458 - "GET /routes?gateway_type=kong&status=active HTTP/1.1" 200 OK
envoy-control-plane-1  | INFO:     172.18.0.10:59916 - "POST /v3/discovery%3Alisteners HTTP/1.1" 200 OK
envoy-control-plane-1  | INFO:     172.18.0.10:59916 - "POST /v3/discovery%3Aroutes HTTP/1.1" 200 OK
envoy-control-plane-1  | INFO:     172.18.0.7:52744 - "GET /snapshot/routes HTTP/1.1" 200 OK
kong-admin-proxy-1     | INFO:     172.18.0.7:59976 - "GET /sync-status/routes HTTP/1.1" 200 OK
management-api-1       | INFO:     172.18.0.3:56516 - "GET /routes?gateway_type=envoy&status=active HTTP/1.1" 200 OK
management-api-1       | INFO:     172.18.0.9:53466 - "GET /routes?gateway_type=kong&status=active HTTP/1.1" 200 OK
envoy-control-plane-1  | INFO:     172.18.0.10:59916 - "POST /v3/discovery%3Aclusters HTTP/1.1" 200 OK
gateway-envoy-1        | [2026-03-21 21:13:30.550][1][info][upstream] [source/common/upstream/cds_api_helper.cc:32] cds: add 5 cluster(s), remove 1 cluster(s)
gateway-envoy-1        | [2026-03-21 21:13:30.550][1][info][upstream] [source/common/upstream/cds_api_helper.cc:71] cds: added/updated 0 cluster(s), skipped 5 unmodified cluster(s)
envoy-control-plane-1  | INFO:     172.18.0.10:59916 - "POST /v3/discovery%3Aroutes HTTP/1.1" 200 OK
envoy-control-plane-1  | INFO:     172.18.0.10:59916 - "POST /v3/discovery%3Alisteners HTTP/1.1" 200 OK
management-api-1       | INFO:     172.18.0.9:34880 - "GET /routes?gateway_type=kong&status=active HTTP/1.1" 200 OK
management-api-1       | INFO:     172.18.0.3:35292 - "GET /routes?gateway_type=envoy&status=active HTTP/1.1" 200 OK
envoy-control-plane-1  | INFO:     172.18.0.10:59916 - "POST /v3/discovery%3Aclusters HTTP/1.1" 200 OK
gateway-envoy-1        | [2026-03-21 21:13:38.285][1][info][upstream] [source/common/upstream/cds_api_helper.cc:32] cds: add 5 cluster(s), remove 1 cluster(s)
gateway-envoy-1        | [2026-03-21 21:13:38.285][1][info][upstream] [source/common/upstream/cds_api_helper.cc:71] cds: added/updated 0 cluster(s), skipped 5 unmodified cluster(s)
envoy-control-plane-1  | INFO:     172.18.0.10:59916 - "POST /v3/discovery%3Aroutes HTTP/1.1" 200 OK
envoy-control-plane-1  | INFO:     172.18.0.7:34220 - "GET /snapshot/routes HTTP/1.1" 200 OK
kong-admin-proxy-1     | INFO:     172.18.0.7:42320 - "GET /sync-status/routes HTTP/1.1" 200 OK
management-api-1       | INFO:     172.18.0.9:34892 - "GET /routes?gateway_type=kong&status=active HTTP/1.1" 200 OK
management-api-1       | INFO:     172.18.0.3:35308 - "GET /routes?gateway_type=envoy&status=active HTTP/1.1" 200 OK
envoy-control-plane-1  | INFO:     172.18.0.10:59916 - "POST /v3/discovery%3Alisteners HTTP/1.1" 200 OK
console-1              | 151.101.0.223 - - [21/Mar/2026:21:13:44 +0000] "GET /sw.js HTTP/1.1" 304 0 "http://localhost:3000/sw.js" "Mozilla/5.0 (Macintosh; Intel Mac OS X 10_15_7) AppleWebKit/537.36 (KHTML, like Gecko) Chrome/146.0.0.0 Safari/537.36" "-"
management-api-1       | INFO:     172.18.0.9:51078 - "GET /routes?gateway_type=kong&status=active HTTP/1.1" 200 OK
management-api-1       | INFO:     172.18.0.3:53690 - "GET /routes?gateway_type=envoy&status=active HTTP/1.1" 200 OK
envoy-control-plane-1  | INFO:     172.18.0.10:59916 - "POST /v3/discovery%3Aroutes HTTP/1.1" 200 OK
envoy-control-plane-1  | INFO:     172.18.0.10:59916 - "POST /v3/discovery%3Aclusters HTTP/1.1" 200 OK
gateway-envoy-1        | [2026-03-21 21:13:48.182][1][info][upstream] [source/common/upstream/cds_api_helper.cc:32] cds: add 5 cluster(s), remove 1 cluster(s)
gateway-envoy-1        | [2026-03-21 21:13:48.182][1][info][upstream] [source/common/upstream/cds_api_helper.cc:71] cds: added/updated 0 cluster(s), skipped 5 unmodified cluster(s)
console-1              | 151.101.0.223 - - [21/Mar/2026:21:13:49 +0000] "GET /favicon.ico HTTP/1.1" 304 0 "http://localhost:3000/sessions" "Mozilla/5.0 (Macintosh; Intel Mac OS X 10_15_7) AppleWebKit/537.36 (KHTML, like Gecko) Chrome/146.0.0.0 Safari/537.36" "-"
auth-service-1         | INFO:     151.101.0.223:34659 - "GET /sessions HTTP/1.1" 200 OK
envoy-control-plane-1  | INFO:     172.18.0.7:47724 - "GET /snapshot/routes HTTP/1.1" 200 OK
kong-admin-proxy-1     | INFO:     172.18.0.7:52584 - "GET /sync-status/routes HTTP/1.1" 200 OK
management-api-1       | INFO:     172.18.0.9:51086 - "GET /routes?gateway_type=kong&status=active HTTP/1.1" 200 OK
management-api-1       | INFO:     172.18.0.3:53706 - "GET /routes?gateway_type=envoy&status=active HTTP/1.1" 200 OK
envoy-control-plane-1  | INFO:     172.18.0.10:59916 - "POST /v3/discovery%3Alisteners HTTP/1.1" 200 OK
envoy-control-plane-1  | INFO:     172.18.0.10:59916 - "POST /v3/discovery%3Aroutes HTTP/1.1" 200 OK
management-api-1       | INFO:     172.18.0.9:33396 - "GET /routes?gateway_type=kong&status=active HTTP/1.1" 200 OK
management-api-1       | INFO:     172.18.0.3:36736 - "GET /routes?gateway_type=envoy&status=active HTTP/1.1" 200 OK
envoy-control-plane-1  | INFO:     172.18.0.10:59916 - "POST /v3/discovery%3Aclusters HTTP/1.1" 200 OK
gateway-envoy-1        | [2026-03-21 21:13:55.940][1][info][upstream] [source/common/upstream/cds_api_helper.cc:32] cds: add 5 cluster(s), remove 1 cluster(s)
gateway-envoy-1        | [2026-03-21 21:13:55.940][1][info][upstream] [source/common/upstream/cds_api_helper.cc:71] cds: added/updated 0 cluster(s), skipped 5 unmodified cluster(s)
envoy-control-plane-1  | INFO:     172.18.0.10:59916 - "POST /v3/discovery%3Alisteners HTTP/1.1" 200 OK
envoy-control-plane-1  | INFO:     172.18.0.7:59934 - "GET /snapshot/routes HTTP/1.1" 200 OK
kong-admin-proxy-1     | INFO:     172.18.0.7:52414 - "GET /sync-status/routes HTTP/1.1" 200 OK
management-api-1       | INFO:     172.18.0.3:36740 - "GET /routes?gateway_type=envoy&status=active HTTP/1.1" 200 OK
management-api-1       | INFO:     172.18.0.9:33398 - "GET /routes?gateway_type=kong&status=active HTTP/1.1" 200 OK
envoy-control-plane-1  | INFO:     172.18.0.10:59916 - "POST /v3/discovery%3Aroutes HTTP/1.1" 200 OK
envoy-control-plane-1  | INFO:     172.18.0.10:59916 - "POST /v3/discovery%3Aclusters HTTP/1.1" 200 OK
gateway-envoy-1        | [2026-03-21 21:14:02.653][1][info][upstream] [source/common/upstream/cds_api_helper.cc:32] cds: add 5 cluster(s), remove 1 cluster(s)
gateway-envoy-1        | [2026-03-21 21:14:02.653][1][info][upstream] [source/common/upstream/cds_api_helper.cc:71] cds: added/updated 0 cluster(s), skipped 5 unmodified cluster(s)
mock-akamai-gtm-1      | INFO:     151.101.0.223:47466 - "OPTIONS /api/markets HTTP/1.1" 200 OK
svc-api-1              | INFO:     172.18.0.8:59112 - "GET /api/markets HTTP/1.1" 200 OK
gateway-kong-1         | 172.18.0.11 - - [21/Mar/2026:21:14:02 +0000] "GET /api/markets HTTP/1.1" 200 184 "http://localhost:3000/" "Mozilla/5.0 (Macintosh; Intel Mac OS X 10_15_7) AppleWebKit/537.36 (KHTML, like Gecko) Chrome/146.0.0.0 Safari/537.36" kong_request_id: "68924117ec8ef72609fbed442838a731"
mock-psaas-1           | INFO:     172.18.0.12:40382 - "GET /api/markets HTTP/1.1" 200 OK
mock-akamai-edge-1     | INFO:     172.18.0.13:44910 - "GET /api/markets HTTP/1.1" 200 OK
mock-akamai-gtm-1      | INFO:     151.101.0.223:47466 - "GET /api/markets HTTP/1.1" 200 OK
envoy-control-plane-1  | INFO:     172.18.0.10:59916 - "POST /v3/discovery%3Alisteners HTTP/1.1" 200 OK
management-api-1       | INFO:     172.18.0.3:36154 - "GET /routes?gateway_type=envoy&status=active HTTP/1.1" 200 OK
management-api-1       | INFO:     172.18.0.9:43852 - "GET /routes?gateway_type=kong&status=active HTTP/1.1" 200 OK
svc-api-1              | INFO:     172.18.0.8:59112 - "GET /api/markets HTTP/1.1" 200 OK
gateway-kong-1         | 172.18.0.11 - - [21/Mar/2026:21:14:05 +0000] "GET /api/markets HTTP/1.1" 200 184 "http://localhost:3000/" "Mozilla/5.0 (Macintosh; Intel Mac OS X 10_15_7) AppleWebKit/537.36 (KHTML, like Gecko) Chrome/146.0.0.0 Safari/537.36" kong_request_id: "3b100a1f82466504de42b04d8210115e"
mock-psaas-1           | INFO:     172.18.0.12:40394 - "GET /api/markets HTTP/1.1" 200 OK
mock-akamai-edge-1     | INFO:     172.18.0.13:44918 - "GET /api/markets HTTP/1.1" 200 OK
mock-akamai-gtm-1      | INFO:     151.101.0.223:47466 - "GET /api/markets HTTP/1.1" 200 OK
svc-api-1              | INFO:     172.18.0.8:59112 - "GET /api/markets HTTP/1.1" 200 OK
gateway-kong-1         | 172.18.0.11 - - [21/Mar/2026:21:14:06 +0000] "GET /api/markets HTTP/1.1" 200 184 "http://localhost:3000/" "Mozilla/5.0 (Macintosh; Intel Mac OS X 10_15_7) AppleWebKit/537.36 (KHTML, like Gecko) Chrome/146.0.0.0 Safari/537.36" kong_request_id: "bc103d48dc652772094d01565e4bb309"
mock-psaas-1           | INFO:     172.18.0.12:40400 - "GET /api/markets HTTP/1.1" 200 OK
mock-akamai-edge-1     | INFO:     172.18.0.13:44926 - "GET /api/markets HTTP/1.1" 200 OK
mock-akamai-gtm-1      | INFO:     151.101.0.223:47466 - "GET /api/markets HTTP/1.1" 200 OK
svc-api-1              | INFO:     172.18.0.8:59112 - "GET /api/markets HTTP/1.1" 200 OK
gateway-kong-1         | 172.18.0.11 - - [21/Mar/2026:21:14:07 +0000] "GET /api/markets HTTP/1.1" 200 184 "http://localhost:3000/" "Mozilla/5.0 (Macintosh; Intel Mac OS X 10_15_7) AppleWebKit/537.36 (KHTML, like Gecko) Chrome/146.0.0.0 Safari/537.36" kong_request_id: "1058576720fca672549bf0330073b66d"
mock-psaas-1           | INFO:     172.18.0.12:40414 - "GET /api/markets HTTP/1.1" 200 OK
mock-akamai-edge-1     | INFO:     172.18.0.13:44932 - "GET /api/markets HTTP/1.1" 200 OK
mock-akamai-gtm-1      | INFO:     151.101.0.223:47466 - "GET /api/markets HTTP/1.1" 200 OK
svc-api-1              | INFO:     172.18.0.8:59112 - "GET /api/markets HTTP/1.1" 200 OK
gateway-kong-1         | 172.18.0.11 - - [21/Mar/2026:21:14:07 +0000] "GET /api/markets HTTP/1.1" 200 184 "http://localhost:3000/" "Mozilla/5.0 (Macintosh; Intel Mac OS X 10_15_7) AppleWebKit/537.36 (KHTML, like Gecko) Chrome/146.0.0.0 Safari/537.36" kong_request_id: "ac67a9125c8bfd72ab11a6398f18be7a"
mock-psaas-1           | INFO:     172.18.0.12:40418 - "GET /api/markets HTTP/1.1" 200 OK
mock-akamai-edge-1     | INFO:     172.18.0.13:44948 - "GET /api/markets HTTP/1.1" 200 OK
mock-akamai-gtm-1      | INFO:     151.101.0.223:47466 - "GET /api/markets HTTP/1.1" 200 OK
svc-api-1              | INFO:     172.18.0.8:59112 - "GET /api/markets HTTP/1.1" 200 OK
gateway-kong-1         | 172.18.0.11 - - [21/Mar/2026:21:14:07 +0000] "GET /api/markets HTTP/1.1" 200 184 "http://localhost:3000/" "Mozilla/5.0 (Macintosh; Intel Mac OS X 10_15_7) AppleWebKit/537.36 (KHTML, like Gecko) Chrome/146.0.0.0 Safari/537.36" kong_request_id: "f65475766712bb039f15250c7b6c100c"
mock-psaas-1           | INFO:     172.18.0.12:40428 - "GET /api/markets HTTP/1.1" 200 OK
mock-akamai-edge-1     | INFO:     172.18.0.13:44956 - "GET /api/markets HTTP/1.1" 200 OK
mock-akamai-gtm-1      | INFO:     151.101.0.223:47466 - "GET /api/markets HTTP/1.1" 200 OK
envoy-control-plane-1  | INFO:     172.18.0.10:59916 - "POST /v3/discovery%3Aroutes HTTP/1.1" 200 OK
gateway-envoy-1        | [2026-03-21 21:14:09.637][1][info][upstream] [source/common/upstream/cds_api_helper.cc:32] cds: add 5 cluster(s), remove 1 cluster(s)
gateway-envoy-1        | [2026-03-21 21:14:09.637][1][info][upstream] [source/common/upstream/cds_api_helper.cc:71] cds: added/updated 0 cluster(s), skipped 5 unmodified cluster(s)
envoy-control-plane-1  | INFO:     172.18.0.10:59916 - "POST /v3/discovery%3Aclusters HTTP/1.1" 200 OK
envoy-control-plane-1  | INFO:     172.18.0.7:60276 - "GET /snapshot/routes HTTP/1.1" 200 OK
management-api-1       | INFO:     172.18.0.3:36160 - "GET /routes?gateway_type=envoy&status=active HTTP/1.1" 200 OK
management-api-1       | INFO:     172.18.0.9:43862 - "GET /routes?gateway_type=kong&status=active HTTP/1.1" 200 OK
kong-admin-proxy-1     | INFO:     172.18.0.7:48270 - "GET /sync-status/routes HTTP/1.1" 200 OK
envoy-control-plane-1  | INFO:     172.18.0.10:59916 - "POST /v3/discovery%3Alisteners HTTP/1.1" 200 OK
management-api-1       | INFO:     172.18.0.9:39174 - "GET /routes?gateway_type=kong&status=active HTTP/1.1" 200 OK
management-api-1       | INFO:     172.18.0.3:58208 - "GET /routes?gateway_type=envoy&status=active HTTP/1.1" 200 OK
envoy-control-plane-1  | INFO:     172.18.0.10:59916 - "POST /v3/discovery%3Aroutes HTTP/1.1" 200 OK
envoy-control-plane-1  | INFO:     172.18.0.10:59916 - "POST /v3/discovery%3Alisteners HTTP/1.1" 200 OK
envoy-control-plane-1  | INFO:     172.18.0.10:59916 - "POST /v3/discovery%3Aclusters HTTP/1.1" 200 OK
gateway-envoy-1        | [2026-03-21 21:14:18.645][1][info][upstream] [source/common/upstream/cds_api_helper.cc:32] cds: add 5 cluster(s), remove 1 cluster(s)
gateway-envoy-1        | [2026-03-21 21:14:18.645][1][info][upstream] [source/common/upstream/cds_api_helper.cc:71] cds: added/updated 0 cluster(s), skipped 5 unmodified cluster(s)
envoy-control-plane-1  | INFO:     172.18.0.7:57320 - "GET /snapshot/routes HTTP/1.1" 200 OK
kong-admin-proxy-1     | INFO:     172.18.0.7:38706 - "GET /sync-status/routes HTTP/1.1" 200 OK
management-api-1       | INFO:     172.18.0.9:39190 - "GET /routes?gateway_type=kong&status=active HTTP/1.1" 200 OK
management-api-1       | INFO:     172.18.0.3:58214 - "GET /routes?gateway_type=envoy&status=active HTTP/1.1" 200 OK
envoy-control-plane-1  | INFO:     172.18.0.10:55152 - "POST /v3/discovery%3Aroutes HTTP/1.1" 200 OK
management-api-1       | INFO:     172.18.0.9:53142 - "GET /routes?gateway_type=kong&status=active HTTP/1.1" 200 OK
management-api-1       | INFO:     172.18.0.3:35288 - "GET /routes?gateway_type=envoy&status=active HTTP/1.1" 200 OK
envoy-control-plane-1  | INFO:     172.18.0.10:55152 - "POST /v3/discovery%3Aclusters HTTP/1.1" 200 OK
gateway-envoy-1        | [2026-03-21 21:14:25.307][1][info][upstream] [source/common/upstream/cds_api_helper.cc:32] cds: add 5 cluster(s), remove 1 cluster(s)
gateway-envoy-1        | [2026-03-21 21:14:25.307][1][info][upstream] [source/common/upstream/cds_api_helper.cc:71] cds: added/updated 0 cluster(s), skipped 5 unmodified cluster(s)
envoy-control-plane-1  | INFO:     172.18.0.10:55152 - "POST /v3/discovery%3Alisteners HTTP/1.1" 200 OK
envoy-control-plane-1  | INFO:     172.18.0.7:55186 - "GET /snapshot/routes HTTP/1.1" 200 OK
kong-admin-proxy-1     | INFO:     172.18.0.7:42428 - "GET /sync-status/routes HTTP/1.1" 200 OK
management-api-1       | INFO:     172.18.0.9:53158 - "GET /routes?gateway_type=kong&status=active HTTP/1.1" 200 OK
management-api-1       | INFO:     172.18.0.3:35300 - "GET /routes?gateway_type=envoy&status=active HTTP/1.1" 200 OK
envoy-control-plane-1  | INFO:     172.18.0.10:55152 - "POST /v3/discovery%3Aroutes HTTP/1.1" 200 OK
envoy-control-plane-1  | INFO:     172.18.0.10:55152 - "POST /v3/discovery%3Aclusters HTTP/1.1" 200 OK
gateway-envoy-1        | [2026-03-21 21:14:32.211][1][info][upstream] [source/common/upstream/cds_api_helper.cc:32] cds: add 5 cluster(s), remove 1 cluster(s)
gateway-envoy-1        | [2026-03-21 21:14:32.211][1][info][upstream] [source/common/upstream/cds_api_helper.cc:71] cds: added/updated 0 cluster(s), skipped 5 unmodified cluster(s)
envoy-control-plane-1  | INFO:     172.18.0.10:55152 - "POST /v3/discovery%3Alisteners HTTP/1.1" 200 OK
management-api-1       | INFO:     172.18.0.3:57840 - "GET /routes?gateway_type=envoy&status=active HTTP/1.1" 200 OK
management-api-1       | INFO:     172.18.0.9:44712 - "GET /routes?gateway_type=kong&status=active HTTP/1.1" 200 OK
envoy-control-plane-1  | INFO:     172.18.0.10:55152 - "POST /v3/discovery%3Aroutes HTTP/1.1" 200 OK
envoy-control-plane-1  | INFO:     172.18.0.10:55152 - "POST /v3/discovery%3Aclusters HTTP/1.1" 200 OK
gateway-envoy-1        | [2026-03-21 21:14:37.833][1][info][upstream] [source/common/upstream/cds_api_helper.cc:32] cds: add 5 cluster(s), remove 1 cluster(s)
gateway-envoy-1        | [2026-03-21 21:14:37.833][1][info][upstream] [source/common/upstream/cds_api_helper.cc:71] cds: added/updated 0 cluster(s), skipped 5 unmodified cluster(s)
console-1              | 151.101.0.223 - - [21/Mar/2026:21:14:38 +0000] "GET /sw.js HTTP/1.1" 304 0 "http://localhost:3000/sw.js" "Mozilla/5.0 (Macintosh; Intel Mac OS X 10_15_7) AppleWebKit/537.36 (KHTML, like Gecko) Chrome/146.0.0.0 Safari/537.36" "-"
envoy-control-plane-1  | INFO:     172.18.0.10:55152 - "POST /v3/discovery%3Alisteners HTTP/1.1" 200 OK
envoy-control-plane-1  | INFO:     172.18.0.7:57254 - "GET /snapshot/routes HTTP/1.1" 200 OK
kong-admin-proxy-1     | INFO:     172.18.0.7:45196 - "GET /sync-status/routes HTTP/1.1" 200 OK
management-api-1       | INFO:     172.18.0.9:44718 - "GET /routes?gateway_type=kong&status=active HTTP/1.1" 200 OK
management-api-1       | INFO:     172.18.0.3:57844 - "GET /routes?gateway_type=envoy&status=active HTTP/1.1" 200 OK
envoy-control-plane-1  | INFO:     172.18.0.10:55152 - "POST /v3/discovery%3Aclusters HTTP/1.1" 200 OK
gateway-envoy-1        | [2026-03-21 21:14:43.620][1][info][upstream] [source/common/upstream/cds_api_helper.cc:32] cds: add 5 cluster(s), remove 1 cluster(s)
gateway-envoy-1        | [2026-03-21 21:14:43.620][1][info][upstream] [source/common/upstream/cds_api_helper.cc:71] cds: added/updated 0 cluster(s), skipped 5 unmodified cluster(s)
envoy-control-plane-1  | INFO:     172.18.0.10:55152 - "POST /v3/discovery%3Aroutes HTTP/1.1" 200 OK
management-api-1       | INFO:     172.18.0.9:53342 - "GET /routes?gateway_type=kong&status=active HTTP/1.1" 200 OK
management-api-1       | INFO:     172.18.0.3:60696 - "GET /routes?gateway_type=envoy&status=active HTTP/1.1" 200 OK
envoy-control-plane-1  | INFO:     172.18.0.10:55152 - "POST /v3/discovery%3Alisteners HTTP/1.1" 200 OK
envoy-control-plane-1  | INFO:     172.18.0.7:40972 - "GET /snapshot/routes HTTP/1.1" 200 OK
kong-admin-proxy-1     | INFO:     172.18.0.7:41390 - "GET /sync-status/routes HTTP/1.1" 200 OK
management-api-1       | INFO:     172.18.0.3:60708 - "GET /routes?gateway_type=envoy&status=active HTTP/1.1" 200 OK
management-api-1       | INFO:     172.18.0.9:53358 - "GET /routes?gateway_type=kong&status=active HTTP/1.1" 200 OK
envoy-control-plane-1  | INFO:     172.18.0.10:55152 - "POST /v3/discovery%3Aclusters HTTP/1.1" 200 OK
gateway-envoy-1        | [2026-03-21 21:14:50.374][1][info][upstream] [source/common/upstream/cds_api_helper.cc:32] cds: add 5 cluster(s), remove 1 cluster(s)
gateway-envoy-1        | [2026-03-21 21:14:50.374][1][info][upstream] [source/common/upstream/cds_api_helper.cc:71] cds: added/updated 0 cluster(s), skipped 5 unmodified cluster(s)
envoy-control-plane-1  | INFO:     172.18.0.10:55152 - "POST /v3/discovery%3Aroutes HTTP/1.1" 200 OK
envoy-control-plane-1  | INFO:     172.18.0.10:55152 - "POST /v3/discovery%3Alisteners HTTP/1.1" 200 OK
management-api-1       | INFO:     172.18.0.3:48384 - "GET /routes?gateway_type=envoy&status=active HTTP/1.1" 200 OK
management-api-1       | INFO:     172.18.0.9:56478 - "GET /routes?gateway_type=kong&status=active HTTP/1.1" 200 OK
envoy-control-plane-1  | INFO:     172.18.0.10:55152 - "POST /v3/discovery%3Alisteners HTTP/1.1" 200 OK
envoy-control-plane-1  | INFO:     172.18.0.7:44008 - "GET /snapshot/routes HTTP/1.1" 200 OK
kong-admin-proxy-1     | INFO:     172.18.0.7:53072 - "GET /sync-status/routes HTTP/1.1" 200 OK
management-api-1       | INFO:     172.18.0.9:56492 - "GET /routes?gateway_type=kong&status=active HTTP/1.1" 200 OK
management-api-1       | INFO:     172.18.0.3:48392 - "GET /routes?gateway_type=envoy&status=active HTTP/1.1" 200 OK
envoy-control-plane-1  | INFO:     172.18.0.10:55152 - "POST /v3/discovery%3Aclusters HTTP/1.1" 200 OK
gateway-envoy-1        | [2026-03-21 21:14:59.961][1][info][upstream] [source/common/upstream/cds_api_helper.cc:32] cds: add 5 cluster(s), remove 1 cluster(s)
gateway-envoy-1        | [2026-03-21 21:14:59.961][1][info][upstream] [source/common/upstream/cds_api_helper.cc:71] cds: added/updated 0 cluster(s), skipped 5 unmodified cluster(s)
console-1              | 151.101.0.223 - - [21/Mar/2026:21:15:00 +0000] "GET /favicon.ico HTTP/1.1" 304 0 "http://localhost:3000/" "Mozilla/5.0 (Macintosh; Intel Mac OS X 10_15_7) AppleWebKit/537.36 (KHTML, like Gecko) Chrome/146.0.0.0 Safari/537.36" "-"
auth-service-1         | INFO:     151.101.0.223:49937 - "GET /sessions HTTP/1.1" 200 OK
management-api-1       | INFO:     151.101.0.223:35255 - "GET /drift HTTP/1.1" 200 OK
management-api-1       | INFO:     151.101.0.223:62944 - "GET /routes HTTP/1.1" 200 OK
auth-service-1         | INFO:     151.101.0.223:49937 - "GET /health HTTP/1.1" 200 OK
management-api-1       | INFO:     151.101.0.223:62944 - "GET /health HTTP/1.1" 200 OK
envoy-control-plane-1  | INFO:     172.18.0.10:55152 - "POST /v3/discovery%3Aroutes HTTP/1.1" 200 OK
management-api-1       | INFO:     151.101.0.223:62944 - "GET /routes HTTP/1.1" 200 OK
management-api-1       | INFO:     151.101.0.223:35255 - "GET /actuals HTTP/1.1" 200 OK
management-api-1       | INFO:     151.101.0.223:65237 - "GET /audit-log HTTP/1.1" 200 OK
management-api-1       | INFO:     172.18.0.9:41564 - "GET /routes?gateway_type=kong&status=active HTTP/1.1" 200 OK
management-api-1       | INFO:     172.18.0.3:57794 - "GET /routes?gateway_type=envoy&status=active HTTP/1.1" 200 OK
envoy-control-plane-1  | INFO:     172.18.0.10:55152 - "POST /v3/discovery%3Alisteners HTTP/1.1" 200 OK
envoy-control-plane-1  | INFO:     172.18.0.10:55152 - "POST /v3/discovery%3Aroutes HTTP/1.1" 200 OK
envoy-control-plane-1  | INFO:     172.18.0.10:55152 - "POST /v3/discovery%3Aclusters HTTP/1.1" 200 OK
gateway-envoy-1        | [2026-03-21 21:15:08.740][1][info][upstream] [source/common/upstream/cds_api_helper.cc:32] cds: add 5 cluster(s), remove 1 cluster(s)
gateway-envoy-1        | [2026-03-21 21:15:08.740][1][info][upstream] [source/common/upstream/cds_api_helper.cc:71] cds: added/updated 0 cluster(s), skipped 5 unmodified cluster(s)
envoy-control-plane-1  | INFO:     172.18.0.7:33650 - "GET /snapshot/routes HTTP/1.1" 200 OK
kong-admin-proxy-1     | INFO:     172.18.0.7:59566 - "GET /sync-status/routes HTTP/1.1" 200 OK
management-api-1       | INFO:     172.18.0.9:41570 - "GET /routes?gateway_type=kong&status=active HTTP/1.1" 200 OK
management-api-1       | INFO:     172.18.0.3:57800 - "GET /routes?gateway_type=envoy&status=active HTTP/1.1" 200 OK
envoy-control-plane-1  | INFO:     172.18.0.10:55152 - "POST /v3/discovery%3Aroutes HTTP/1.1" 200 OK
envoy-control-plane-1  | INFO:     172.18.0.10:55152 - "POST /v3/discovery%3Aclusters HTTP/1.1" 200 OK
gateway-envoy-1        | [2026-03-21 21:15:14.426][1][info][upstream] [source/common/upstream/cds_api_helper.cc:32] cds: add 5 cluster(s), remove 1 cluster(s)
gateway-envoy-1        | [2026-03-21 21:15:14.426][1][info][upstream] [source/common/upstream/cds_api_helper.cc:71] cds: added/updated 0 cluster(s), skipped 5 unmodified cluster(s)
management-api-1       | INFO:     172.18.0.9:52804 - "GET /routes?gateway_type=kong&status=active HTTP/1.1" 200 OK
management-api-1       | INFO:     172.18.0.3:36936 - "GET /routes?gateway_type=envoy&status=active HTTP/1.1" 200 OK
envoy-control-plane-1  | INFO:     172.18.0.10:55152 - "POST /v3/discovery%3Alisteners HTTP/1.1" 200 OK
envoy-control-plane-1  | INFO:     172.18.0.7:59668 - "GET /snapshot/routes HTTP/1.1" 200 OK
kong-admin-proxy-1     | INFO:     172.18.0.7:35158 - "GET /sync-status/routes HTTP/1.1" 200 OK
management-api-1       | INFO:     172.18.0.9:52814 - "GET /routes?gateway_type=kong&status=active HTTP/1.1" 200 OK
management-api-1       | INFO:     172.18.0.3:36944 - "GET /routes?gateway_type=envoy&status=active HTTP/1.1" 200 OK
envoy-control-plane-1  | INFO:     172.18.0.10:55152 - "POST /v3/discovery%3Aclusters HTTP/1.1" 200 OK
gateway-envoy-1        | [2026-03-21 21:15:21.048][1][info][upstream] [source/common/upstream/cds_api_helper.cc:32] cds: add 5 cluster(s), remove 1 cluster(s)
gateway-envoy-1        | [2026-03-21 21:15:21.049][1][info][upstream] [source/common/upstream/cds_api_helper.cc:71] cds: added/updated 0 cluster(s), skipped 5 unmodified cluster(s)
envoy-control-plane-1  | INFO:     172.18.0.10:55152 - "POST /v3/discovery%3Aroutes HTTP/1.1" 200 OK
envoy-control-plane-1  | INFO:     172.18.0.10:55152 - "POST /v3/discovery%3Alisteners HTTP/1.1" 200 OK
management-api-1       | INFO:     172.18.0.9:51078 - "GET /routes?gateway_type=kong&status=active HTTP/1.1" 200 OK
management-api-1       | INFO:     172.18.0.3:47198 - "GET /routes?gateway_type=envoy&status=active HTTP/1.1" 200 OK
envoy-control-plane-1  | INFO:     172.18.0.10:55152 - "POST /v3/discovery%3Aroutes HTTP/1.1" 200 OK
envoy-control-plane-1  | INFO:     172.18.0.10:55152 - "POST /v3/discovery%3Aclusters HTTP/1.1" 200 OK
gateway-envoy-1        | [2026-03-21 21:15:29.846][1][info][upstream] [source/common/upstream/cds_api_helper.cc:32] cds: add 5 cluster(s), remove 1 cluster(s)
gateway-envoy-1        | [2026-03-21 21:15:29.846][1][info][upstream] [source/common/upstream/cds_api_helper.cc:71] cds: added/updated 0 cluster(s), skipped 5 unmodified cluster(s)
envoy-control-plane-1  | INFO:     172.18.0.7:53854 - "GET /snapshot/routes HTTP/1.1" 200 OK
kong-admin-proxy-1     | INFO:     172.18.0.7:47914 - "GET /sync-status/routes HTTP/1.1" 200 OK
management-api-1       | INFO:     172.18.0.9:51080 - "GET /routes?gateway_type=kong&status=active HTTP/1.1" 200 OK
management-api-1       | INFO:     172.18.0.3:47210 - "GET /routes?gateway_type=envoy&status=active HTTP/1.1" 200 OK
envoy-control-plane-1  | INFO:     172.18.0.10:55152 - "POST /v3/discovery%3Alisteners HTTP/1.1" 200 OK
console-1              | 151.101.0.223 - - [21/Mar/2026:21:15:34 +0000] "GET /sw.js HTTP/1.1" 304 0 "http://localhost:3000/sw.js" "Mozilla/5.0 (Macintosh; Intel Mac OS X 10_15_7) AppleWebKit/537.36 (KHTML, like Gecko) Chrome/146.0.0.0 Safari/537.36" "-"
management-api-1       | INFO:     172.18.0.9:39074 - "GET /routes?gateway_type=kong&status=active HTTP/1.1" 200 OK
management-api-1       | INFO:     172.18.0.3:48426 - "GET /routes?gateway_type=envoy&status=active HTTP/1.1" 200 OK
envoy-control-plane-1  | INFO:     172.18.0.10:55152 - "POST /v3/discovery%3Aroutes HTTP/1.1" 200 OK
management-api-1       | INFO:     151.101.0.223:44118 - "OPTIONS /routes HTTP/1.1" 200 OK
management-api-1       | INFO:     151.101.0.223:44118 - "POST /routes HTTP/1.1" 400 Bad Request
envoy-control-plane-1  | INFO:     172.18.0.10:55152 - "POST /v3/discovery%3Aclusters HTTP/1.1" 200 OK
gateway-envoy-1        | [2026-03-21 21:15:35.610][1][info][upstream] [source/common/upstream/cds_api_helper.cc:32] cds: add 5 cluster(s), remove 1 cluster(s)
gateway-envoy-1        | [2026-03-21 21:15:35.610][1][info][upstream] [source/common/upstream/cds_api_helper.cc:71] cds: added/updated 0 cluster(s), skipped 5 unmodified cluster(s)
envoy-control-plane-1  | INFO:     172.18.0.10:55152 - "POST /v3/discovery%3Alisteners HTTP/1.1" 200 OK
envoy-control-plane-1  | INFO:     172.18.0.7:59090 - "GET /snapshot/routes HTTP/1.1" 200 OK
kong-admin-proxy-1     | INFO:     172.18.0.7:34848 - "GET /sync-status/routes HTTP/1.1" 200 OK
management-api-1       | INFO:     172.18.0.9:39088 - "GET /routes?gateway_type=kong&status=active HTTP/1.1" 200 OK
management-api-1       | INFO:     172.18.0.3:48436 - "GET /routes?gateway_type=envoy&status=active HTTP/1.1" 200 OK
envoy-control-plane-1  | INFO:     172.18.0.10:55152 - "POST /v3/discovery%3Aclusters HTTP/1.1" 200 OK
gateway-envoy-1        | [2026-03-21 21:15:41.377][1][info][upstream] [source/common/upstream/cds_api_helper.cc:32] cds: add 5 cluster(s), remove 1 cluster(s)
gateway-envoy-1        | [2026-03-21 21:15:41.378][1][info][upstream] [source/common/upstream/cds_api_helper.cc:71] cds: added/updated 0 cluster(s), skipped 5 unmodified cluster(s)
envoy-control-plane-1  | INFO:     172.18.0.10:55152 - "POST /v3/discovery%3Alisteners HTTP/1.1" 200 OK
envoy-control-plane-1  | INFO:     172.18.0.10:55152 - "POST /v3/discovery%3Aroutes HTTP/1.1" 200 OK
management-api-1       | INFO:     172.18.0.9:53310 - "GET /routes?gateway_type=kong&status=active HTTP/1.1" 200 OK
management-api-1       | INFO:     172.18.0.3:33594 - "GET /routes?gateway_type=envoy&status=active HTTP/1.1" 200 OK
management-api-1       | INFO:     151.101.0.223:38635 - "POST /routes HTTP/1.1" 400 Bad Request
envoy-control-plane-1  | INFO:     172.18.0.10:55152 - "POST /v3/discovery%3Aclusters HTTP/1.1" 200 OK
gateway-envoy-1        | [2026-03-21 21:15:48.819][1][info][upstream] [source/common/upstream/cds_api_helper.cc:32] cds: add 5 cluster(s), remove 1 cluster(s)
gateway-envoy-1        | [2026-03-21 21:15:48.819][1][info][upstream] [source/common/upstream/cds_api_helper.cc:71] cds: added/updated 0 cluster(s), skipped 5 unmodified cluster(s)
envoy-control-plane-1  | INFO:     172.18.0.10:55152 - "POST /v3/discovery%3Aroutes HTTP/1.1" 200 OK
envoy-control-plane-1  | INFO:     172.18.0.7:59174 - "GET /snapshot/routes HTTP/1.1" 200 OK
management-api-1       | INFO:     172.18.0.3:33602 - "GET /routes?gateway_type=envoy&status=active HTTP/1.1" 200 OK
management-api-1       | INFO:     172.18.0.9:53326 - "GET /routes?gateway_type=kong&status=active HTTP/1.1" 200 OK
kong-admin-proxy-1     | INFO:     172.18.0.7:46414 - "GET /sync-status/routes HTTP/1.1" 200 OK
envoy-control-plane-1  | INFO:     172.18.0.10:55152 - "POST /v3/discovery%3Alisteners HTTP/1.1" 200 OK
management-api-1       | INFO:     151.101.0.223:39481 - "POST /routes HTTP/1.1" 200 OK
management-api-1       | INFO:     151.101.0.223:39481 - "GET /routes HTTP/1.1" 200 OK
management-api-1       | INFO:     151.101.0.223:55927 - "GET /actuals HTTP/1.1" 200 OK
management-api-1       | INFO:     151.101.0.223:45970 - "GET /audit-log HTTP/1.1" 200 OK
management-api-1       | INFO:     172.18.0.3:33174 - "GET /routes?gateway_type=envoy&status=active HTTP/1.1" 200 OK
management-api-1       | INFO:     172.18.0.9:46090 - "GET /routes?gateway_type=kong&status=active HTTP/1.1" 200 OK
envoy-control-plane-1  | INFO:     172.18.0.10:55152 - "POST /v3/discovery%3Aclusters HTTP/1.1" 200 OK
gateway-envoy-1        | [2026-03-21 21:15:57.787][1][info][upstream] [source/common/upstream/cds_api_helper.cc:32] cds: add 6 cluster(s), remove 1 cluster(s)
gateway-envoy-1        | [2026-03-21 21:15:57.788][1][info][upstream] [source/common/upstream/cds_api_helper.cc:71] cds: added/updated 1 cluster(s), skipped 5 unmodified cluster(s)
envoy-control-plane-1  | INFO:     172.18.0.10:55152 - "POST /v3/discovery%3Alisteners HTTP/1.1" 200 OK
envoy-control-plane-1  | INFO:     172.18.0.10:55152 - "POST /v3/discovery%3Aroutes HTTP/1.1" 200 OK
envoy-control-plane-1  | INFO:     172.18.0.7:58370 - "GET /snapshot/routes HTTP/1.1" 200 OK
management-api-1       | INFO:     172.18.0.3:33190 - "GET /routes?gateway_type=envoy&status=active HTTP/1.1" 200 OK
management-api-1       | INFO:     172.18.0.9:46104 - "GET /routes?gateway_type=kong&status=active HTTP/1.1" 200 OK
kong-admin-proxy-1     | INFO:     172.18.0.7:56838 - "GET /sync-status/routes HTTP/1.1" 200 OK
management-api-1       | INFO:     172.18.0.9:52500 - "GET /routes?gateway_type=kong&status=active HTTP/1.1" 200 OK
management-api-1       | INFO:     172.18.0.3:36162 - "GET /routes?gateway_type=envoy&status=active HTTP/1.1" 200 OK
console-1              | 151.101.0.223 - - [21/Mar/2026:21:16:07 +0000] "GET /favicon.ico HTTP/1.1" 304 0 "http://localhost:3000/request-log" "Mozilla/5.0 (Macintosh; Intel Mac OS X 10_15_7) AppleWebKit/537.36 (KHTML, like Gecko) Chrome/146.0.0.0 Safari/537.36" "-"
envoy-control-plane-1  | INFO:     172.18.0.10:55152 - "POST /v3/discovery%3Aclusters HTTP/1.1" 200 OK
gateway-envoy-1        | [2026-03-21 21:16:07.127][1][info][upstream] [source/common/upstream/cds_api_helper.cc:32] cds: add 6 cluster(s), remove 1 cluster(s)
gateway-envoy-1        | [2026-03-21 21:16:07.128][1][info][upstream] [source/common/upstream/cds_api_helper.cc:71] cds: added/updated 0 cluster(s), skipped 6 unmodified cluster(s)
envoy-control-plane-1  | INFO:     172.18.0.10:55152 - "POST /v3/discovery%3Alisteners HTTP/1.1" 200 OK
envoy-control-plane-1  | INFO:     172.18.0.10:55152 - "POST /v3/discovery%3Aroutes HTTP/1.1" 200 OK
management-api-1       | INFO:     172.18.0.9:52506 - "GET /routes?gateway_type=kong&status=active HTTP/1.1" 200 OK
envoy-control-plane-1  | INFO:     172.18.0.7:60752 - "GET /snapshot/routes HTTP/1.1" 200 OK
management-api-1       | INFO:     172.18.0.3:36176 - "GET /routes?gateway_type=envoy&status=active HTTP/1.1" 200 OK
kong-admin-proxy-1     | INFO:     172.18.0.7:34886 - "GET /sync-status/routes HTTP/1.1" 200 OK
envoy-control-plane-1  | INFO:     172.18.0.10:55152 - "POST /v3/discovery%3Aclusters HTTP/1.1" 200 OK
gateway-envoy-1        | [2026-03-21 21:16:12.225][1][info][upstream] [source/common/upstream/cds_api_helper.cc:32] cds: add 6 cluster(s), remove 1 cluster(s)
gateway-envoy-1        | [2026-03-21 21:16:12.225][1][info][upstream] [source/common/upstream/cds_api_helper.cc:71] cds: added/updated 0 cluster(s), skipped 6 unmodified cluster(s)
envoy-control-plane-1  | INFO:     172.18.0.10:55152 - "POST /v3/discovery%3Alisteners HTTP/1.1" 200 OK
management-api-1       | INFO:     151.101.0.223:35986 - "GET /routes HTTP/1.1" 200 OK
management-api-1       | INFO:     151.101.0.223:44800 - "GET /actuals HTTP/1.1" 200 OK
management-api-1       | INFO:     151.101.0.223:23776 - "GET /audit-log HTTP/1.1" 200 OK
management-api-1       | INFO:     172.18.0.9:50174 - "GET /routes?gateway_type=kong&status=active HTTP/1.1" 200 OK
management-api-1       | INFO:     172.18.0.3:40868 - "GET /routes?gateway_type=envoy&status=active HTTP/1.1" 200 OK
envoy-control-plane-1  | INFO:     172.18.0.10:55152 - "POST /v3/discovery%3Aroutes HTTP/1.1" 200 OK
envoy-control-plane-1  | INFO:     172.18.0.10:55152 - "POST /v3/discovery%3Aclusters HTTP/1.1" 200 OK
gateway-envoy-1        | [2026-03-21 21:16:18.915][1][info][upstream] [source/common/upstream/cds_api_helper.cc:32] cds: add 6 cluster(s), remove 1 cluster(s)
gateway-envoy-1        | [2026-03-21 21:16:18.915][1][info][upstream] [source/common/upstream/cds_api_helper.cc:71] cds: added/updated 0 cluster(s), skipped 6 unmodified cluster(s)
envoy-control-plane-1  | INFO:     172.18.0.7:53124 - "GET /snapshot/routes HTTP/1.1" 200 OK
management-api-1       | INFO:     172.18.0.9:50178 - "GET /routes?gateway_type=kong&status=active HTTP/1.1" 200 OK
management-api-1       | INFO:     172.18.0.3:40876 - "GET /routes?gateway_type=envoy&status=active HTTP/1.1" 200 OK
kong-admin-proxy-1     | INFO:     172.18.0.7:59448 - "GET /sync-status/routes HTTP/1.1" 200 OK
envoy-control-plane-1  | INFO:     172.18.0.10:55152 - "POST /v3/discovery%3Alisteners HTTP/1.1" 200 OK
envoy-control-plane-1  | INFO:     172.18.0.10:55152 - "POST /v3/discovery%3Aclusters HTTP/1.1" 200 OK
gateway-envoy-1        | [2026-03-21 21:16:24.446][1][info][upstream] [source/common/upstream/cds_api_helper.cc:32] cds: add 6 cluster(s), remove 1 cluster(s)
gateway-envoy-1        | [2026-03-21 21:16:24.446][1][info][upstream] [source/common/upstream/cds_api_helper.cc:71] cds: added/updated 0 cluster(s), skipped 6 unmodified cluster(s)
management-api-1       | INFO:     172.18.0.9:49218 - "GET /routes?gateway_type=kong&status=active HTTP/1.1" 200 OK
management-api-1       | INFO:     172.18.0.3:34586 - "GET /routes?gateway_type=envoy&status=active HTTP/1.1" 200 OK
envoy-control-plane-1  | INFO:     172.18.0.10:55152 - "POST /v3/discovery%3Aroutes HTTP/1.1" 200 OK
envoy-control-plane-1  | INFO:     172.18.0.10:55152 - "POST /v3/discovery%3Alisteners HTTP/1.1" 200 OK
console-1              | 151.101.0.223 - - [21/Mar/2026:21:16:28 +0000] "GET /api/public HTTP/1.1" 200 326 "-" "Mozilla/5.0 (Macintosh; Intel Mac OS X 10_15_7) AppleWebKit/537.36 (KHTML, like Gecko) Chrome/146.0.0.0 Safari/537.36" "-"
console-1              | 151.101.0.223 - - [21/Mar/2026:21:16:30 +0000] "GET /sw.js HTTP/1.1" 304 0 "http://localhost:3000/sw.js" "Mozilla/5.0 (Macintosh; Intel Mac OS X 10_15_7) AppleWebKit/537.36 (KHTML, like Gecko) Chrome/146.0.0.0 Safari/537.36" "-"
envoy-control-plane-1  | INFO:     172.18.0.7:56060 - "GET /snapshot/routes HTTP/1.1" 200 OK
kong-admin-proxy-1     | INFO:     172.18.0.7:56932 - "GET /sync-status/routes HTTP/1.1" 200 OK
management-api-1       | INFO:     172.18.0.3:34590 - "GET /routes?gateway_type=envoy&status=active HTTP/1.1" 200 OK
management-api-1       | INFO:     172.18.0.9:49228 - "GET /routes?gateway_type=kong&status=active HTTP/1.1" 200 OK
envoy-control-plane-1  | INFO:     172.18.0.10:55152 - "POST /v3/discovery%3Aroutes HTTP/1.1" 200 OK
envoy-control-plane-1  | INFO:     172.18.0.10:55152 - "POST /v3/discovery%3Aclusters HTTP/1.1" 200 OK
gateway-envoy-1        | [2026-03-21 21:16:32.554][1][info][upstream] [source/common/upstream/cds_api_helper.cc:32] cds: add 6 cluster(s), remove 1 cluster(s)
gateway-envoy-1        | [2026-03-21 21:16:32.554][1][info][upstream] [source/common/upstream/cds_api_helper.cc:71] cds: added/updated 0 cluster(s), skipped 6 unmodified cluster(s)
